#### TILE-PIPE in: dev=AGXG13GFamilyDevice descClass=MTLTileRenderPipelineDescriptorInternal rasterSample=1 thgrpMem=0 tile=0x0
#### TILE-PIPE out: pipeline=0x13a847a00 class=AGXG13GFamilyTileRenderPipeline err=(nil)
#### TILE-PIPE in: dev=AGXG13GFamilyDevice descClass=MTLTileRenderPipelineDescriptorInternal rasterSample=1 thgrpMem=0 tile=0x0
#### TILE-PIPE out: pipeline=0x15086d600 class=AGXG13GFamilyTileRenderPipeline err=(nil)
#### TILE-PIPE in: dev=AGXG13GFamilyDevice descClass=MTLTileRenderPipelineDescriptorInternal rasterSample=1 thgrpMem=0 tile=0x0
#### TILE-PIPE out: pipeline=0x12a883000 class=AGXG13GFamilyTileRenderPipeline err=(nil)
#### TILE-PIPE in: dev=AGXG13GFamilyDevice descClass=MTLTileRenderPipelineDescriptorInternal rasterSample=1 thgrpMem=0 tile=0x0
#### TILE-PIPE out: pipeline=0x15886ce00 class=AGXG13GFamilyTileRenderPipeline err=(nil)
#### TILE-PIPE in: dev=AGXG13GFamilyDevice descClass=MTLTileRenderPipelineDescriptorInternal rasterSample=1 thgrpMem=0 tile=0x0
#### TILE-PIPE out: pipeline=0x156871400 class=AGXG13GFamilyTileRenderPipeline err=(nil)
#### TILE-PIPE in: dev=AGXG13GFamilyDevice descClass=MTLTileRenderPipelineDescriptorInternal rasterSample=1 thgrpMem=0 tile=0x0
#### TILE-PIPE out: pipeline=0x1600a0600 class=AGXG13GFamilyTileRenderPipeline err=(nil)
#### TILE-PIPE in: dev=AGXG13GFamilyDevice descClass=MTLTileRenderPipelineDescriptorInternal rasterSample=1 thgrpMem=0 tile=0x0
#### TILE-PIPE out: pipeline=0x15c08b600 class=AGXG13GFamilyTileRenderPipeline err=(nil)
#### TILE-PIPE in: dev=AGXG13GFamilyDevice descClass=MTLTileRenderPipelineDescriptorInternal rasterSample=1 thgrpMem=0 tile=0x0
#### TILE-PIPE out: pipeline=0x14e07a400 class=AGXG13GFamilyTileRenderPipeline err=(nil)
#### TILE-PIPE in: dev=AGXG13GFamilyDevice descClass=MTLTileRenderPipelineDescriptorInternal rasterSample=1 thgrpMem=0 tile=0x0
#### TILE-PIPE out: pipeline=0x15108a400 class=AGXG13GFamilyTileRenderPipeline err=(nil)
#### TILE-PIPE in: dev=AGXG13GFamilyDevice descClass=MTLTileRenderPipelineDescriptorInternal rasterSample=1 thgrpMem=0 tile=0x0
#### TILE-PIPE out: pipeline=0x133863800 class=AGXG13GFamilyTileRenderPipeline err=(nil)
#### TILE-PIPE in: dev=AGXG13GFamilyDevice descClass=MTLTileRenderPipelineDescriptorInternal rasterSample=1 thgrpMem=0 tile=0x0
#### TILE-PIPE out: pipeline=0x123886400 class=AGXG13GFamilyTileRenderPipeline err=(nil)
#### VNC-OWNED reuse-seed #1 originalID=159 owned=0x154827ef0 id=160 seeded=NO seedSequence=0
#### VNC-OWNED reuse-seed #2 originalID=162 owned=0x15370cb40 id=165 seeded=NO seedSequence=0
#### VNC-OWNED reuse-seed #3 originalID=167 owned=0x15482aac0 id=168 seeded=NO seedSequence=0
#### VNC-OWNED reuse-seed #4 originalID=169 owned=0x15482b5c0 id=170 seeded=NO seedSequence=0
#### VNC-OWNED reuse-seed #5 originalID=171 owned=0x15482df60 id=172 seeded=NO seedSequence=0
#### VNC-OWNED reuse-seed #6 originalID=173 owned=0x15482f850 id=174 seeded=NO seedSequence=0
#### VNC-OWNED reuse-seed #7 originalID=175 owned=0x1536840f0 id=176 seeded=NO seedSequence=0
#### VNC-OWNED reuse-seed #8 originalID=159 owned=0x154827ef0 id=160 seeded=NO seedSequence=0
#### VNC-OWNED reuse-seed #9 originalID=159 owned=0x154827ef0 id=160 seeded=NO seedSequence=0
#### VNC-OWNED reuse-seed #10 originalID=162 owned=0x15370cb40 id=165 seeded=NO seedSequence=0
#### VNC-OWNED reuse-seed #11 originalID=162 owned=0x15370cb40 id=165 seeded=NO seedSequence=0
#### VNC-OWNED reuse-seed #12 originalID=167 owned=0x15482aac0 id=168 seeded=NO seedSequence=0
#### VNC-OWNED reuse-seed #13 originalID=167 owned=0x15482aac0 id=168 seeded=NO seedSequence=0
#### VNC-OWNED reuse-seed #14 originalID=169 owned=0x15482b5c0 id=170 seeded=NO seedSequence=0
#### VNC-OWNED reuse-seed #15 originalID=169 owned=0x15482b5c0 id=170 seeded=NO seedSequence=0
#### VNC-OWNED reuse-seed #16 originalID=177 owned=0x15368ccc0 id=178 seeded=NO seedSequence=0
#### VNC-OWNED reuse-seed #17 originalID=173 owned=0x15482f850 id=174 seeded=NO seedSequence=0
#### VNC-OWNED reuse-seed #18 originalID=173 owned=0x15482f850 id=174 seeded=NO seedSequence=0
#### VNC-OWNED reuse-seed #19 originalID=171 owned=0x15482df60 id=172 seeded=NO seedSequence=0
#### VNC-OWNED reuse-seed #20 originalID=171 owned=0x15482df60 id=172 seeded=NO seedSequence=0
#### VNC-OWNED reuse-seed #21 originalID=159 owned=0x154827ef0 id=160 seeded=NO seedSequence=0
#### VNC-OWNED reuse-seed #22 originalID=159 owned=0x154827ef0 id=160 seeded=NO seedSequence=0
#### VNC-OWNED reuse-seed #23 originalID=162 owned=0x15370cb40 id=165 seeded=NO seedSequence=0
#### VNC-OWNED reuse-seed #24 originalID=162 owned=0x15370cb40 id=165 seeded=NO seedSequence=0
#### VNC-OWNED reuse-seed #25 originalID=167 owned=0x15482aac0 id=168 seeded=NO seedSequence=0
#### VNC-OWNED reuse-seed #26 originalID=167 owned=0x15482aac0 id=168 seeded=NO seedSequence=0
#### VNC-OWNED reuse-seed #27 originalID=169 owned=0x15482b5c0 id=170 seeded=NO seedSequence=0
#### VNC-OWNED reuse-seed #28 originalID=169 owned=0x15482b5c0 id=170 seeded=NO seedSequence=0
#### VNC-OWNED reuse-seed #29 originalID=175 owned=0x1536840f0 id=176 seeded=NO seedSequence=0
#### VNC-OWNED reuse-seed #30 originalID=175 owned=0x1536840f0 id=176 seeded=NO seedSequence=0
#### VNC-OWNED reuse-seed #31 originalID=173 owned=0x15482f850 id=174 seeded=NO seedSequence=0
#### VNC-OWNED reuse-seed #32 originalID=173 owned=0x15482f850 id=174 seeded=NO seedSequence=0
#### VNC-OWNED reuse-seed #33 originalID=171 owned=0x15482df60 id=172 seeded=NO seedSequence=0
#### VNC-OWNED reuse-seed #34 originalID=171 owned=0x15482df60 id=172 seeded=NO seedSequence=0
#### VNC-OWNED reuse-seed #35 originalID=159 owned=0x154827ef0 id=160 seeded=NO seedSequence=0
#### VNC-OWNED reuse-seed #36 originalID=159 owned=0x154827ef0 id=160 seeded=NO seedSequence=0
#### VNC-OWNED reuse-seed #37 originalID=162 owned=0x15370cb40 id=165 seeded=NO seedSequence=0
#### VNC-OWNED reuse-seed #38 originalID=162 owned=0x15370cb40 id=165 seeded=NO seedSequence=0
#### VNC-OWNED reuse-seed #39 originalID=167 owned=0x15482aac0 id=168 seeded=NO seedSequence=0
#### VNC-OWNED reuse-seed #40 originalID=167 owned=0x15482aac0 id=168 seeded=NO seedSequence=0
#### VNC-OWNED reuse-seed #41 originalID=169 owned=0x15482b5c0 id=170 seeded=NO seedSequence=0
#### VNC-OWNED reuse-seed #42 originalID=169 owned=0x15482b5c0 id=170 seeded=NO seedSequence=0
#### VNC-OWNED reuse-seed #43 originalID=175 owned=0x1536840f0 id=176 seeded=NO seedSequence=0
#### VNC-OWNED reuse-seed #44 originalID=175 owned=0x1536840f0 id=176 seeded=NO seedSequence=0
#### VNC-OWNED reuse-seed #45 originalID=173 owned=0x15482f850 id=174 seeded=NO seedSequence=0
#### VNC-OWNED reuse-seed #46 originalID=173 owned=0x15482f850 id=174 seeded=NO seedSequence=0
#### VNC-OWNED reuse-seed #47 originalID=171 owned=0x15482df60 id=172 seeded=NO seedSequence=0
#### VNC-OWNED reuse-seed #48 originalID=171 owned=0x15482df60 id=172 seeded=NO seedSequence=0
#### VNC-OWNED reuse-seed #49 originalID=159 owned=0x154827ef0 id=160 seeded=NO seedSequence=0
#### VNC-OWNED reuse-seed #50 originalID=159 owned=0x154827ef0 id=160 seeded=NO seedSequence=0
#### VNC-OWNED reuse-seed #51 originalID=162 owned=0x15370cb40 id=165 seeded=NO seedSequence=0
#### VNC-OWNED reuse-seed #52 originalID=162 owned=0x15370cb40 id=165 seeded=NO seedSequence=0
#### VNC-OWNED reuse-seed #53 originalID=167 owned=0x15482aac0 id=168 seeded=NO seedSequence=0
#### VNC-OWNED reuse-seed #54 originalID=167 owned=0x15482aac0 id=168 seeded=NO seedSequence=0
#### VNC-OWNED reuse-seed #55 originalID=169 owned=0x15482b5c0 id=170 seeded=NO seedSequence=0
#### VNC-OWNED reuse-seed #56 originalID=169 owned=0x15482b5c0 id=170 seeded=NO seedSequence=0
#### VNC-OWNED reuse-seed #57 originalID=175 owned=0x1536840f0 id=176 seeded=NO seedSequence=0
#### VNC-OWNED reuse-seed #58 originalID=175 owned=0x1536840f0 id=176 seeded=NO seedSequence=0
#### VNC-OWNED reuse-seed #59 originalID=173 owned=0x15482f850 id=174 seeded=NO seedSequence=0
#### VNC-OWNED reuse-seed #60 originalID=173 owned=0x15482f850 id=174 seeded=NO seedSequence=0
#### VNC-OWNED reuse-seed #61 originalID=171 owned=0x15482df60 id=172 seeded=NO seedSequence=0
#### VNC-OWNED reuse-seed #62 originalID=171 owned=0x15482df60 id=172 seeded=NO seedSequence=0
#### VNC-OWNED reuse-seed #63 originalID=159 owned=0x154827ef0 id=160 seeded=NO seedSequence=0
#### VNC-OWNED reuse-seed #64 originalID=159 owned=0x154827ef0 id=160 seeded=NO seedSequence=0
#### VNC-OWNED reuse-seed #65 originalID=162 owned=0x15370cb40 id=165 seeded=NO seedSequence=0
#### VNC-OWNED reuse-seed #66 originalID=162 owned=0x15370cb40 id=165 seeded=NO seedSequence=0
#### VNC-OWNED reuse-seed #67 originalID=167 owned=0x15482aac0 id=168 seeded=NO seedSequence=0
#### VNC-OWNED reuse-seed #68 originalID=167 owned=0x15482aac0 id=168 seeded=NO seedSequence=0
#### VNC-OWNED reuse-seed #69 originalID=169 owned=0x15482b5c0 id=170 seeded=NO seedSequence=0
#### VNC-OWNED reuse-seed #70 originalID=169 owned=0x15482b5c0 id=170 seeded=NO seedSequence=0
#### VNC-OWNED reuse-seed #71 originalID=175 owned=0x1536840f0 id=176 seeded=NO seedSequence=0
#### VNC-OWNED reuse-seed #72 originalID=175 owned=0x1536840f0 id=176 seeded=NO seedSequence=0
#### VNC-OWNED reuse-seed #73 originalID=173 owned=0x15482f850 id=174 seeded=NO seedSequence=0
#### VNC-OWNED reuse-seed #74 originalID=173 owned=0x15482f850 id=174 seeded=NO seedSequence=0
#### VNC-OWNED reuse-seed #75 originalID=171 owned=0x15482df60 id=172 seeded=NO seedSequence=0
#### VNC-OWNED reuse-seed #76 originalID=171 owned=0x15482df60 id=172 seeded=NO seedSequence=0
#### VNC-OWNED reuse-seed #77 originalID=159 owned=0x154827ef0 id=160 seeded=NO seedSequence=0
#### VNC-OWNED reuse-seed #78 originalID=159 owned=0x154827ef0 id=160 seeded=NO seedSequence=0
#### VNC-OWNED reuse-seed #79 originalID=162 owned=0x15370cb40 id=165 seeded=NO seedSequence=0
#### VNC-OWNED reuse-seed #80 originalID=162 owned=0x15370cb40 id=165 seeded=NO seedSequence=0
#### VNC-OWNED reuse-seed #81 originalID=167 owned=0x15482aac0 id=168 seeded=NO seedSequence=0
#### VNC-OWNED reuse-seed #82 originalID=167 owned=0x15482aac0 id=168 seeded=NO seedSequence=0
#### VNC-OWNED reuse-seed #83 originalID=169 owned=0x15482b5c0 id=170 seeded=NO seedSequence=0
#### VNC-OWNED reuse-seed #84 originalID=169 owned=0x15482b5c0 id=170 seeded=NO seedSequence=0
#### VNC-OWNED reuse-seed #85 originalID=175 owned=0x1536840f0 id=176 seeded=NO seedSequence=0
#### VNC-OWNED reuse-seed #86 originalID=175 owned=0x1536840f0 id=176 seeded=NO seedSequence=0
#### VNC-OWNED reuse-seed #87 originalID=173 owned=0x15482f850 id=174 seeded=NO seedSequence=0
#### VNC-OWNED reuse-seed #88 originalID=173 owned=0x15482f850 id=174 seeded=NO seedSequence=0
#### VNC-OWNED reuse-seed #89 originalID=171 owned=0x15482df60 id=172 seeded=NO seedSequence=0
#### VNC-OWNED reuse-seed #90 originalID=171 owned=0x15482df60 id=172 seeded=NO seedSequence=0
#### VNC-OWNED reuse-seed #91 originalID=159 owned=0x154827ef0 id=160 seeded=NO seedSequence=0
#### VNC-OWNED reuse-seed #92 originalID=159 owned=0x154827ef0 id=160 seeded=NO seedSequence=0
#### VNC-OWNED reuse-seed #93 originalID=162 owned=0x15370cb40 id=165 seeded=NO seedSequence=0
#### VNC-OWNED reuse-seed #94 originalID=162 owned=0x15370cb40 id=165 seeded=NO seedSequence=0
#### VNC-OWNED reuse-seed #95 originalID=167 owned=0x15482aac0 id=168 seeded=NO seedSequence=0
#### VNC-OWNED reuse-seed #96 originalID=167 owned=0x15482aac0 id=168 seeded=NO seedSequence=0
#### VNC-OWNED reuse-seed #97 originalID=169 owned=0x15482b5c0 id=170 seeded=NO seedSequence=0
#### VNC-OWNED reuse-seed #98 originalID=169 owned=0x15482b5c0 id=170 seeded=NO seedSequence=0
#### VNC-OWNED reuse-seed #99 originalID=175 owned=0x1536840f0 id=176 seeded=NO seedSequence=0
#### VNC-OWNED reuse-seed #100 originalID=175 owned=0x1536840f0 id=176 seeded=NO seedSequence=0
#### VNC-OWNED reuse-seed #101 originalID=173 owned=0x15482f850 id=174 seeded=NO seedSequence=0
#### VNC-OWNED reuse-seed #102 originalID=173 owned=0x15482f850 id=174 seeded=NO seedSequence=0
#### VNC-OWNED reuse-seed #103 originalID=171 owned=0x15482df60 id=172 seeded=NO seedSequence=0
#### VNC-OWNED reuse-seed #104 originalID=171 owned=0x15482df60 id=172 seeded=NO seedSequence=0
#### VNC-OWNED reuse-seed #105 originalID=159 owned=0x154827ef0 id=160 seeded=NO seedSequence=0
#### VNC-OWNED reuse-seed #106 originalID=159 owned=0x154827ef0 id=160 seeded=NO seedSequence=0
#### VNC-OWNED reuse-seed #107 originalID=162 owned=0x15370cb40 id=165 seeded=NO seedSequence=0
#### VNC-OWNED reuse-seed #108 originalID=162 owned=0x15370cb40 id=165 seeded=NO seedSequence=0
#### VNC-OWNED reuse-seed #109 originalID=167 owned=0x15482aac0 id=168 seeded=NO seedSequence=0
#### VNC-OWNED reuse-seed #110 originalID=167 owned=0x15482aac0 id=168 seeded=NO seedSequence=0
#### VNC-OWNED reuse-seed #111 originalID=169 owned=0x15482b5c0 id=170 seeded=NO seedSequence=0
#### VNC-OWNED reuse-seed #112 originalID=169 owned=0x15482b5c0 id=170 seeded=NO seedSequence=0
#### VNC-OWNED reuse-seed #113 originalID=175 owned=0x1536840f0 id=176 seeded=NO seedSequence=0
#### VNC-OWNED reuse-seed #114 originalID=175 owned=0x1536840f0 id=176 seeded=NO seedSequence=0
#### VNC-OWNED reuse-seed #115 originalID=173 owned=0x15482f850 id=174 seeded=NO seedSequence=0
#### VNC-OWNED reuse-seed #116 originalID=173 owned=0x15482f850 id=174 seeded=NO seedSequence=0
#### VNC-OWNED reuse-seed #117 originalID=171 owned=0x15482df60 id=172 seeded=NO seedSequence=0
#### VNC-OWNED reuse-seed #118 originalID=171 owned=0x15482df60 id=172 seeded=NO seedSequence=0
#### VNC-OWNED reuse-seed #119 originalID=159 owned=0x154827ef0 id=160 seeded=NO seedSequence=0
#### VNC-OWNED reuse-seed #120 originalID=159 owned=0x154827ef0 id=160 seeded=NO seedSequence=0
#### VNC-OWNED reuse-seed #121 originalID=162 owned=0x15370cb40 id=165 seeded=NO seedSequence=0
#### VNC-OWNED reuse-seed #122 originalID=162 owned=0x15370cb40 id=165 seeded=NO seedSequence=0
#### VNC-OWNED reuse-seed #123 originalID=167 owned=0x15482aac0 id=168 seeded=NO seedSequence=0
#### VNC-OWNED reuse-seed #124 originalID=167 owned=0x15482aac0 id=168 seeded=NO seedSequence=0
#### VNC-OWNED reuse-seed #125 originalID=169 owned=0x15482b5c0 id=170 seeded=NO seedSequence=0
#### VNC-OWNED reuse-seed #126 originalID=169 owned=0x15482b5c0 id=170 seeded=NO seedSequence=0
#### TILE-PIPE in: dev=AGXG13GFamilyDevice descClass=MTLTileRenderPipelineDescriptorInternal rasterSample=1 thgrpMem=0 tile=0x0
#### TILE-PIPE out: pipeline=0x15388da00 class=AGXG13GFamilyTileRenderPipeline err=(nil)
#### VNC-OWNED reuse-seed #600 originalID=254 owned=0x153680890 id=275 seeded=YES seedSequence=256
#### VNC-OWNED reuse-seed #1200 originalID=165 owned=0x153756b20 id=169 seeded=YES seedSequence=856
#### VNC-OWNED reuse-seed #1800 originalID=168 owned=0x1548484e0 id=253 seeded=YES seedSequence=1168
#### VNC-OWNED reuse-seed #2400 originalID=165 owned=0x153756b20 id=169 seeded=YES seedSequence=1184
#### VNC-OWNED reuse-seed #3000 originalID=160 owned=0x15483a230 id=167 seeded=YES seedSequence=1184
#### VNC-OWNED reuse-seed #3600 originalID=275 owned=0x15369ba90 id=277 seeded=YES seedSequence=1184
#### VNC-OWNED reuse-seed #4200 originalID=261 owned=0x15482aac0 id=278 seeded=YES seedSequence=1184
#### VNC-OWNED reuse-seed #4800 originalID=171 owned=0x15482df60 id=172 seeded=YES seedSequence=1184
#### VNC-OWNED reuse-seed #1 originalID=150 owned=0x117e55700 id=151 seeded=NO seedSequence=0
#### VNC-OWNED reuse-seed #2 originalID=162 owned=0x117e53010 id=165 seeded=NO seedSequence=0
#### VNC-OWNED reuse-seed #3 originalID=167 owned=0x117e5a310 id=168 seeded=NO seedSequence=0
#### VNC-OWNED reuse-seed #4 originalID=169 owned=0x12081f3c0 id=170 seeded=NO seedSequence=0
#### VNC-OWNED reuse-seed #5 originalID=171 owned=0x117e52ec0 id=172 seeded=NO seedSequence=0
#### VNC-OWNED reuse-seed #6 originalID=173 owned=0x117e4b5e0 id=174 seeded=NO seedSequence=0
#### VNC-OWNED reuse-seed #7 originalID=175 owned=0x127e12bf0 id=176 seeded=NO seedSequence=0
#### VNC-OWNED reuse-seed #8 originalID=150 owned=0x117e55700 id=151 seeded=NO seedSequence=0
#### VNC-OWNED reuse-seed #9 originalID=150 owned=0x117e55700 id=151 seeded=NO seedSequence=0
#### VNC-OWNED reuse-seed #10 originalID=162 owned=0x117e53010 id=165 seeded=NO seedSequence=0
#### VNC-OWNED reuse-seed #11 originalID=162 owned=0x117e53010 id=165 seeded=NO seedSequence=0
#### VNC-OWNED reuse-seed #12 originalID=167 owned=0x117e5a310 id=168 seeded=NO seedSequence=0
#### VNC-OWNED reuse-seed #13 originalID=167 owned=0x117e5a310 id=168 seeded=NO seedSequence=0
#### VNC-OWNED reuse-seed #14 originalID=169 owned=0x12081f3c0 id=170 seeded=NO seedSequence=0
#### VNC-OWNED reuse-seed #15 originalID=169 owned=0x12081f3c0 id=170 seeded=NO seedSequence=0
#### VNC-OWNED reuse-seed #16 originalID=171 owned=0x117e52ec0 id=172 seeded=NO seedSequence=0
#### VNC-OWNED reuse-seed #17 originalID=171 owned=0x117e52ec0 id=172 seeded=NO seedSequence=0
#### VNC-OWNED reuse-seed #18 originalID=173 owned=0x117e4b5e0 id=174 seeded=NO seedSequence=0
#### VNC-OWNED reuse-seed #19 originalID=173 owned=0x117e4b5e0 id=174 seeded=NO seedSequence=0
#### VNC-OWNED reuse-seed #20 originalID=175 owned=0x127e12bf0 id=176 seeded=NO seedSequence=0
#### VNC-OWNED reuse-seed #21 originalID=175 owned=0x127e12bf0 id=176 seeded=NO seedSequence=0
#### VNC-OWNED reuse-seed #22 originalID=150 owned=0x117e55700 id=151 seeded=NO seedSequence=0
#### VNC-OWNED reuse-seed #23 originalID=150 owned=0x117e55700 id=151 seeded=NO seedSequence=0
#### VNC-OWNED reuse-seed #24 originalID=177 owned=0x120824280 id=178 seeded=NO seedSequence=0
#### VNC-OWNED reuse-seed #25 originalID=167 owned=0x117e5a310 id=168 seeded=NO seedSequence=0
#### VNC-OWNED reuse-seed #26 originalID=167 owned=0x117e5a310 id=168 seeded=NO seedSequence=0
#### VNC-OWNED reuse-seed #27 originalID=162 owned=0x117e53010 id=165 seeded=NO seedSequence=0
#### VNC-OWNED reuse-seed #28 originalID=162 owned=0x117e53010 id=165 seeded=NO seedSequence=0
#### VNC-OWNED reuse-seed #29 originalID=169 owned=0x12081f3c0 id=170 seeded=NO seedSequence=0
#### VNC-OWNED reuse-seed #30 originalID=169 owned=0x12081f3c0 id=170 seeded=NO seedSequence=0
#### VNC-OWNED reuse-seed #31 originalID=171 owned=0x117e52ec0 id=172 seeded=NO seedSequence=0
#### VNC-OWNED reuse-seed #32 originalID=171 owned=0x117e52ec0 id=172 seeded=NO seedSequence=0
#### VNC-OWNED reuse-seed #33 originalID=173 owned=0x117e4b5e0 id=174 seeded=NO seedSequence=0
#### VNC-OWNED reuse-seed #34 originalID=173 owned=0x117e4b5e0 id=174 seeded=NO seedSequence=0
#### VNC-OWNED reuse-seed #35 originalID=150 owned=0x117e55700 id=151 seeded=NO seedSequence=0
#### VNC-OWNED reuse-seed #36 originalID=150 owned=0x117e55700 id=151 seeded=NO seedSequence=0
#### VNC-OWNED reuse-seed #37 originalID=175 owned=0x127e12bf0 id=176 seeded=NO seedSequence=0
#### VNC-OWNED reuse-seed #38 originalID=175 owned=0x127e12bf0 id=176 seeded=NO seedSequence=0
#### VNC-OWNED reuse-seed #39 originalID=167 owned=0x117e5a310 id=168 seeded=NO seedSequence=0
#### VNC-OWNED reuse-seed #40 originalID=167 owned=0x117e5a310 id=168 seeded=NO seedSequence=0
#### VNC-OWNED reuse-seed #41 originalID=162 owned=0x117e53010 id=165 seeded=NO seedSequence=0
#### VNC-OWNED reuse-seed #42 originalID=162 owned=0x117e53010 id=165 seeded=NO seedSequence=0
#### VNC-OWNED reuse-seed #43 originalID=169 owned=0x12081f3c0 id=170 seeded=NO seedSequence=0
#### VNC-OWNED reuse-seed #44 originalID=169 owned=0x12081f3c0 id=170 seeded=NO seedSequence=0
#### VNC-OWNED reuse-seed #45 originalID=171 owned=0x117e52ec0 id=172 seeded=NO seedSequence=0
#### VNC-OWNED reuse-seed #46 originalID=171 owned=0x117e52ec0 id=172 seeded=NO seedSequence=0
#### VNC-OWNED reuse-seed #47 originalID=173 owned=0x117e4b5e0 id=174 seeded=NO seedSequence=0
#### VNC-OWNED reuse-seed #48 originalID=173 owned=0x117e4b5e0 id=174 seeded=NO seedSequence=0
#### VNC-OWNED reuse-seed #49 originalID=150 owned=0x117e55700 id=151 seeded=NO seedSequence=0
#### VNC-OWNED reuse-seed #50 originalID=150 owned=0x117e55700 id=151 seeded=NO seedSequence=0
#### VNC-OWNED reuse-seed #51 originalID=175 owned=0x127e12bf0 id=176 seeded=NO seedSequence=0
#### VNC-OWNED reuse-seed #52 originalID=175 owned=0x127e12bf0 id=176 seeded=NO seedSequence=0
#### VNC-OWNED reuse-seed #53 originalID=167 owned=0x117e5a310 id=168 seeded=NO seedSequence=0
#### VNC-OWNED reuse-seed #54 originalID=167 owned=0x117e5a310 id=168 seeded=NO seedSequence=0
#### VNC-OWNED reuse-seed #55 originalID=162 owned=0x117e53010 id=165 seeded=NO seedSequence=0
#### VNC-OWNED reuse-seed #56 originalID=162 owned=0x117e53010 id=165 seeded=NO seedSequence=0
#### VNC-OWNED reuse-seed #57 originalID=169 owned=0x12081f3c0 id=170 seeded=NO seedSequence=0
#### VNC-OWNED reuse-seed #58 originalID=169 owned=0x12081f3c0 id=170 seeded=NO seedSequence=0
#### VNC-OWNED reuse-seed #59 originalID=171 owned=0x117e52ec0 id=172 seeded=NO seedSequence=0
#### VNC-OWNED reuse-seed #60 originalID=171 owned=0x117e52ec0 id=172 seeded=NO seedSequence=0
#### VNC-OWNED reuse-seed #61 originalID=173 owned=0x117e4b5e0 id=174 seeded=NO seedSequence=0
#### VNC-OWNED reuse-seed #62 originalID=173 owned=0x117e4b5e0 id=174 seeded=NO seedSequence=0
#### VNC-OWNED reuse-seed #63 originalID=150 owned=0x117e55700 id=151 seeded=NO seedSequence=0
#### VNC-OWNED reuse-seed #64 originalID=150 owned=0x117e55700 id=151 seeded=NO seedSequence=0
#### VNC-OWNED reuse-seed #65 originalID=175 owned=0x127e12bf0 id=176 seeded=NO seedSequence=0
#### VNC-OWNED reuse-seed #66 originalID=175 owned=0x127e12bf0 id=176 seeded=NO seedSequence=0
#### VNC-OWNED reuse-seed #67 originalID=167 owned=0x117e5a310 id=168 seeded=NO seedSequence=0
#### VNC-OWNED reuse-seed #68 originalID=167 owned=0x117e5a310 id=168 seeded=NO seedSequence=0
#### VNC-OWNED reuse-seed #69 originalID=162 owned=0x117e53010 id=165 seeded=NO seedSequence=0
#### VNC-OWNED reuse-seed #70 originalID=162 owned=0x117e53010 id=165 seeded=NO seedSequence=0
#### VNC-OWNED reuse-seed #71 originalID=169 owned=0x12081f3c0 id=170 seeded=NO seedSequence=0
#### VNC-OWNED reuse-seed #72 originalID=169 owned=0x12081f3c0 id=170 seeded=NO seedSequence=0
#### VNC-OWNED reuse-seed #73 originalID=171 owned=0x117e52ec0 id=172 seeded=NO seedSequence=0
#### VNC-OWNED reuse-seed #74 originalID=171 owned=0x117e52ec0 id=172 seeded=NO seedSequence=0
#### VNC-OWNED reuse-seed #75 originalID=173 owned=0x117e4b5e0 id=174 seeded=NO seedSequence=0
#### VNC-OWNED reuse-seed #76 originalID=173 owned=0x117e4b5e0 id=174 seeded=NO seedSequence=0
#### VNC-OWNED reuse-seed #77 originalID=150 owned=0x117e55700 id=151 seeded=NO seedSequence=0
#### VNC-OWNED reuse-seed #78 originalID=150 owned=0x117e55700 id=151 seeded=NO seedSequence=0
#### VNC-OWNED reuse-seed #79 originalID=175 owned=0x127e12bf0 id=176 seeded=NO seedSequence=0
#### VNC-OWNED reuse-seed #80 originalID=175 owned=0x127e12bf0 id=176 seeded=NO seedSequence=0
#### VNC-OWNED reuse-seed #81 originalID=167 owned=0x117e5a310 id=168 seeded=NO seedSequence=0
#### VNC-OWNED reuse-seed #82 originalID=167 owned=0x117e5a310 id=168 seeded=NO seedSequence=0
#### VNC-OWNED reuse-seed #83 originalID=162 owned=0x117e53010 id=165 seeded=NO seedSequence=0
#### VNC-OWNED reuse-seed #84 originalID=162 owned=0x117e53010 id=165 seeded=NO seedSequence=0
#### VNC-OWNED reuse-seed #85 originalID=169 owned=0x12081f3c0 id=170 seeded=NO seedSequence=0
#### VNC-OWNED reuse-seed #86 originalID=169 owned=0x12081f3c0 id=170 seeded=NO seedSequence=0
#### VNC-OWNED reuse-seed #87 originalID=171 owned=0x117e52ec0 id=172 seeded=NO seedSequence=0
#### VNC-OWNED reuse-seed #88 originalID=171 owned=0x117e52ec0 id=172 seeded=NO seedSequence=0
#### VNC-OWNED reuse-seed #89 originalID=173 owned=0x117e4b5e0 id=174 seeded=NO seedSequence=0
#### VNC-OWNED reuse-seed #90 originalID=173 owned=0x117e4b5e0 id=174 seeded=NO seedSequence=0
#### VNC-OWNED reuse-seed #91 originalID=150 owned=0x117e55700 id=151 seeded=NO seedSequence=0
#### VNC-OWNED reuse-seed #92 originalID=150 owned=0x117e55700 id=151 seeded=NO seedSequence=0
#### VNC-OWNED reuse-seed #93 originalID=175 owned=0x127e12bf0 id=176 seeded=NO seedSequence=0
#### VNC-OWNED reuse-seed #94 originalID=175 owned=0x127e12bf0 id=176 seeded=NO seedSequence=0
#### VNC-OWNED reuse-seed #95 originalID=167 owned=0x117e5a310 id=168 seeded=NO seedSequence=0
#### VNC-OWNED reuse-seed #96 originalID=167 owned=0x117e5a310 id=168 seeded=NO seedSequence=0
#### VNC-OWNED reuse-seed #97 originalID=162 owned=0x117e53010 id=165 seeded=NO seedSequence=0
#### VNC-OWNED reuse-seed #98 originalID=162 owned=0x117e53010 id=165 seeded=NO seedSequence=0
#### VNC-OWNED reuse-seed #99 originalID=169 owned=0x12081f3c0 id=170 seeded=NO seedSequence=0
#### VNC-OWNED reuse-seed #100 originalID=169 owned=0x12081f3c0 id=170 seeded=NO seedSequence=0
#### VNC-OWNED reuse-seed #101 originalID=171 owned=0x117e52ec0 id=172 seeded=NO seedSequence=0
#### VNC-OWNED reuse-seed #102 originalID=171 owned=0x117e52ec0 id=172 seeded=NO seedSequence=0
#### VNC-OWNED reuse-seed #103 originalID=173 owned=0x117e4b5e0 id=174 seeded=NO seedSequence=0
#### VNC-OWNED reuse-seed #104 originalID=173 owned=0x117e4b5e0 id=174 seeded=NO seedSequence=0
#### VNC-OWNED reuse-seed #105 originalID=150 owned=0x117e55700 id=151 seeded=NO seedSequence=0
#### VNC-OWNED reuse-seed #106 originalID=150 owned=0x117e55700 id=151 seeded=NO seedSequence=0
#### VNC-OWNED reuse-seed #107 originalID=175 owned=0x127e12bf0 id=176 seeded=NO seedSequence=0
#### VNC-OWNED reuse-seed #108 originalID=175 owned=0x127e12bf0 id=176 seeded=NO seedSequence=0
#### VNC-OWNED reuse-seed #109 originalID=167 owned=0x117e5a310 id=168 seeded=NO seedSequence=0
#### VNC-OWNED reuse-seed #110 originalID=167 owned=0x117e5a310 id=168 seeded=NO seedSequence=0
#### VNC-OWNED reuse-seed #111 originalID=162 owned=0x117e53010 id=165 seeded=NO seedSequence=0
#### VNC-OWNED reuse-seed #112 originalID=162 owned=0x117e53010 id=165 seeded=NO seedSequence=0
#### VNC-OWNED reuse-seed #113 originalID=169 owned=0x12081f3c0 id=170 seeded=NO seedSequence=0
#### VNC-OWNED reuse-seed #114 originalID=169 owned=0x12081f3c0 id=170 seeded=NO seedSequence=0
#### VNC-OWNED reuse-seed #115 originalID=171 owned=0x117e52ec0 id=172 seeded=NO seedSequence=0
#### VNC-OWNED reuse-seed #116 originalID=171 owned=0x117e52ec0 id=172 seeded=NO seedSequence=0
#### VNC-OWNED reuse-seed #117 originalID=173 owned=0x117e4b5e0 id=174 seeded=NO seedSequence=0
#### VNC-OWNED reuse-seed #118 originalID=173 owned=0x117e4b5e0 id=174 seeded=NO seedSequence=0
#### VNC-OWNED reuse-seed #119 originalID=150 owned=0x117e55700 id=151 seeded=NO seedSequence=0
#### VNC-OWNED reuse-seed #120 originalID=150 owned=0x117e55700 id=151 seeded=NO seedSequence=0
#### VNC-OWNED reuse-seed #121 originalID=175 owned=0x127e12bf0 id=176 seeded=NO seedSequence=0
#### VNC-OWNED reuse-seed #122 originalID=175 owned=0x127e12bf0 id=176 seeded=NO seedSequence=0
#### VNC-OWNED reuse-seed #123 originalID=167 owned=0x117e5a310 id=168 seeded=NO seedSequence=0
#### VNC-OWNED reuse-seed #124 originalID=167 owned=0x117e5a310 id=168 seeded=NO seedSequence=0
#### VNC-OWNED reuse-seed #125 originalID=162 owned=0x117e53010 id=165 seeded=NO seedSequence=0
#### VNC-OWNED reuse-seed #126 originalID=162 owned=0x117e53010 id=165 seeded=NO seedSequence=0
#### VNC-OWNED reuse-seed #127 originalID=169 owned=0x12081f3c0 id=170 seeded=NO seedSequence=0
#### VNC-OWNED reuse-seed #128 originalID=169 owned=0x12081f3c0 id=170 seeded=NO seedSequence=0
#### VNC-OWNED reuse-seed #129 originalID=171 owned=0x117e52ec0 id=172 seeded=NO seedSequence=0
#### VNC-OWNED reuse-seed #130 originalID=171 owned=0x117e52ec0 id=172 seeded=NO seedSequence=0
#### VNC-OWNED reuse-seed #131 originalID=173 owned=0x117e4b5e0 id=174 seeded=NO seedSequence=0
#### VNC-OWNED reuse-seed #132 originalID=173 owned=0x117e4b5e0 id=174 seeded=NO seedSequence=0
#### VNC-OWNED reuse-seed #133 originalID=150 owned=0x117e55700 id=151 seeded=NO seedSequence=0
#### VNC-OWNED reuse-seed #134 originalID=150 owned=0x117e55700 id=151 seeded=NO seedSequence=0
#### VNC-OWNED reuse-seed #135 originalID=175 owned=0x127e12bf0 id=176 seeded=NO seedSequence=0
#### VNC-OWNED reuse-seed #136 originalID=175 owned=0x127e12bf0 id=176 seeded=NO seedSequence=0
#### VNC-OWNED reuse-seed #137 originalID=167 owned=0x117e5a310 id=168 seeded=NO seedSequence=0
#### VNC-OWNED reuse-seed #138 originalID=167 owned=0x117e5a310 id=168 seeded=NO seedSequence=0
#### VNC-OWNED reuse-seed #139 originalID=162 owned=0x117e53010 id=165 seeded=NO seedSequence=0
#### VNC-OWNED reuse-seed #140 originalID=162 owned=0x117e53010 id=165 seeded=NO seedSequence=0
#### VNC-OWNED reuse-seed #141 originalID=169 owned=0x12081f3c0 id=170 seeded=NO seedSequence=0
#### VNC-OWNED reuse-seed #142 originalID=169 owned=0x12081f3c0 id=170 seeded=NO seedSequence=0
#### VNC-OWNED reuse-seed #143 originalID=171 owned=0x117e52ec0 id=172 seeded=NO seedSequence=0
#### VNC-OWNED reuse-seed #144 originalID=171 owned=0x117e52ec0 id=172 seeded=NO seedSequence=0
#### VNC-OWNED reuse-seed #145 originalID=173 owned=0x117e4b5e0 id=174 seeded=NO seedSequence=0
#### VNC-OWNED reuse-seed #146 originalID=173 owned=0x117e4b5e0 id=174 seeded=NO seedSequence=0
#### VNC-OWNED reuse-seed #147 originalID=150 owned=0x117e55700 id=151 seeded=NO seedSequence=0
#### VNC-OWNED reuse-seed #148 originalID=150 owned=0x117e55700 id=151 seeded=NO seedSequence=0
#### VNC-OWNED reuse-seed #149 originalID=175 owned=0x127e12bf0 id=176 seeded=NO seedSequence=0
#### VNC-OWNED reuse-seed #150 originalID=175 owned=0x127e12bf0 id=176 seeded=NO seedSequence=0
#### VNC-OWNED reuse-seed #151 originalID=167 owned=0x117e5a310 id=168 seeded=NO seedSequence=0
#### VNC-OWNED reuse-seed #152 originalID=167 owned=0x117e5a310 id=168 seeded=NO seedSequence=0
#### VNC-OWNED reuse-seed #153 originalID=162 owned=0x117e53010 id=165 seeded=NO seedSequence=0
#### VNC-OWNED reuse-seed #154 originalID=162 owned=0x117e53010 id=165 seeded=NO seedSequence=0
#### VNC-OWNED reuse-seed #155 originalID=169 owned=0x12081f3c0 id=170 seeded=NO seedSequence=0
#### VNC-OWNED reuse-seed #156 originalID=169 owned=0x12081f3c0 id=170 seeded=NO seedSequence=0
#### VNC-OWNED reuse-seed #157 originalID=171 owned=0x117e52ec0 id=172 seeded=NO seedSequence=0
#### VNC-OWNED reuse-seed #158 originalID=171 owned=0x117e52ec0 id=172 seeded=NO seedSequence=0
#### VNC-OWNED reuse-seed #159 originalID=173 owned=0x117e4b5e0 id=174 seeded=NO seedSequence=0
#### VNC-OWNED reuse-seed #160 originalID=173 owned=0x117e4b5e0 id=174 seeded=NO seedSequence=0
#### VNC-OWNED reuse-seed #161 originalID=150 owned=0x117e55700 id=151 seeded=NO seedSequence=0
#### VNC-OWNED reuse-seed #162 originalID=150 owned=0x117e55700 id=151 seeded=NO seedSequence=0
#### VNC-OWNED reuse-seed #163 originalID=175 owned=0x127e12bf0 id=176 seeded=NO seedSequence=0
#### VNC-OWNED reuse-seed #164 originalID=175 owned=0x127e12bf0 id=176 seeded=NO seedSequence=0
#### TILE-PIPE in: dev=AGXG13GFamilyDevice descClass=MTLTileRenderPipelineDescriptorInternal rasterSample=1 thgrpMem=0 tile=0x0
#### TILE-PIPE out: pipeline=0x12184fa00 class=AGXG13GFamilyTileRenderPipeline err=(nil)
#### VNC-OWNED reuse-seed #600 originalID=174 owned=0x117f5b320 id=175 seeded=YES seedSequence=46
#### VNC-OWNED reuse-seed #1200 originalID=162 owned=0x117e53010 id=165 seeded=YES seedSequence=524
#### VNC-OWNED reuse-seed #1800 originalID=174 owned=0x117e7d1a0 id=175 seeded=YES seedSequence=1030
#### VNC-OWNED reuse-seed #2400 originalID=162 owned=0x117e53010 id=165 seeded=YES seedSequence=1058
#### VNC-OWNED reuse-seed #3000 originalID=279 owned=0x127e12bf0 id=280 seeded=YES seedSequence=1058
#### VNC-OWNED reuse-seed #3600 originalID=260 owned=0x117f42500 id=261 seeded=YES seedSequence=1058
#### VNC-OWNED reuse-seed #4200 originalID=261 owned=0x1208483a0 id=295 seeded=YES seedSequence=1442
#### VNC-OWNED reuse-seed #4800 originalID=171 owned=0x12084d870 id=174 seeded=YES seedSequence=2018
#### VNC-OWNED reuse-seed #5400 originalID=260 owned=0x117f7e210 id=261 seeded=YES seedSequence=2076
#### VNC-OWNED reuse-seed #6000 originalID=253 owned=0x127efdb80 id=295 seeded=YES seedSequence=2082
#### VNC-OWNED reuse-seed #6600 originalID=145 owned=0x117f661b0 id=260 seeded=YES seedSequence=2082
#### VNC-OWNED reuse-seed #7200 originalID=162 owned=0x127e2b2c0 id=254 seeded=YES seedSequence=2082
#### VNC-OWNED reuse-seed #7800 originalID=172 owned=0x117f712e0 id=275 seeded=YES seedSequence=2082
#### VNC-OWNED reuse-seed #8400 originalID=160 owned=0x127ef8560 id=165 seeded=YES seedSequence=2082
#### VNC-OWNED reuse-seed #9000 originalID=152 owned=0x117f4fe00 id=159 seeded=YES seedSequence=2082
#### VNC-OWNED reuse-seed #9600 originalID=171 owned=0x12084d870 id=174 seeded=YES seedSequence=2082
#### VNC-OWNED reuse-seed #1 originalID=159 owned=0x14e035be0 id=160 seeded=NO seedSequence=0
#### VNC-OWNED reuse-seed #2 originalID=162 owned=0x14e208ca0 id=165 seeded=NO seedSequence=0
#### VNC-OWNED reuse-seed #3 originalID=167 owned=0x14ce50500 id=168 seeded=NO seedSequence=0
#### VNC-OWNED reuse-seed #4 originalID=169 owned=0x14cf08b70 id=170 seeded=NO seedSequence=0
#### VNC-OWNED reuse-seed #5 originalID=171 owned=0x14e2bcd50 id=172 seeded=NO seedSequence=0
#### VNC-OWNED reuse-seed #6 originalID=173 owned=0x14e020780 id=174 seeded=NO seedSequence=0
#### VNC-OWNED reuse-seed #7 originalID=175 owned=0x14ce35da0 id=176 seeded=NO seedSequence=0
#### VNC-OWNED reuse-seed #8 originalID=159 owned=0x14e035be0 id=160 seeded=NO seedSequence=0
#### VNC-OWNED reuse-seed #9 originalID=159 owned=0x14e035be0 id=160 seeded=NO seedSequence=0
#### VNC-OWNED reuse-seed #10 originalID=162 owned=0x14e208ca0 id=165 seeded=NO seedSequence=0
#### VNC-OWNED reuse-seed #11 originalID=162 owned=0x14e208ca0 id=165 seeded=NO seedSequence=0
#### VNC-OWNED reuse-seed #12 originalID=167 owned=0x14ce50500 id=168 seeded=NO seedSequence=0
#### VNC-OWNED reuse-seed #13 originalID=167 owned=0x14ce50500 id=168 seeded=NO seedSequence=0
#### VNC-OWNED reuse-seed #14 originalID=169 owned=0x14cf08b70 id=170 seeded=NO seedSequence=0
#### VNC-OWNED reuse-seed #15 originalID=169 owned=0x14cf08b70 id=170 seeded=NO seedSequence=0
#### VNC-OWNED reuse-seed #16 originalID=171 owned=0x14e2bcd50 id=172 seeded=NO seedSequence=0
#### VNC-OWNED reuse-seed #17 originalID=171 owned=0x14e2bcd50 id=172 seeded=NO seedSequence=0
#### VNC-OWNED reuse-seed #18 originalID=173 owned=0x14e020780 id=174 seeded=NO seedSequence=0
#### VNC-OWNED reuse-seed #19 originalID=173 owned=0x14e020780 id=174 seeded=NO seedSequence=0
#### VNC-OWNED reuse-seed #20 originalID=175 owned=0x14ce35da0 id=176 seeded=NO seedSequence=0
#### VNC-OWNED reuse-seed #21 originalID=175 owned=0x14ce35da0 id=176 seeded=NO seedSequence=0
#### VNC-OWNED reuse-seed #22 originalID=159 owned=0x14e035be0 id=160 seeded=NO seedSequence=0
#### VNC-OWNED reuse-seed #23 originalID=159 owned=0x14e035be0 id=160 seeded=NO seedSequence=0
#### VNC-OWNED reuse-seed #24 originalID=162 owned=0x14e208ca0 id=165 seeded=NO seedSequence=0
#### VNC-OWNED reuse-seed #25 originalID=162 owned=0x14e208ca0 id=165 seeded=NO seedSequence=0
#### VNC-OWNED reuse-seed #26 originalID=177 owned=0x14cf285f0 id=178 seeded=NO seedSequence=0
#### VNC-OWNED reuse-seed #27 originalID=169 owned=0x14cf08b70 id=170 seeded=NO seedSequence=0
#### VNC-OWNED reuse-seed #28 originalID=169 owned=0x14cf08b70 id=170 seeded=NO seedSequence=0
#### VNC-OWNED reuse-seed #29 originalID=167 owned=0x14ce50500 id=168 seeded=NO seedSequence=0
#### VNC-OWNED reuse-seed #30 originalID=167 owned=0x14ce50500 id=168 seeded=NO seedSequence=0
#### VNC-OWNED reuse-seed #31 originalID=150 owned=0x14ce54300 id=152 seeded=NO seedSequence=0
#### VNC-OWNED reuse-seed #32 originalID=173 owned=0x14e020780 id=174 seeded=NO seedSequence=0
#### VNC-OWNED reuse-seed #33 originalID=173 owned=0x14e020780 id=174 seeded=NO seedSequence=0
#### VNC-OWNED reuse-seed #34 originalID=159 owned=0x14e035be0 id=160 seeded=NO seedSequence=0
#### VNC-OWNED reuse-seed #35 originalID=159 owned=0x14e035be0 id=160 seeded=NO seedSequence=0
#### VNC-OWNED reuse-seed #36 originalID=162 owned=0x14e208ca0 id=165 seeded=NO seedSequence=0
#### VNC-OWNED reuse-seed #37 originalID=162 owned=0x14e208ca0 id=165 seeded=NO seedSequence=0
#### VNC-OWNED reuse-seed #38 originalID=175 owned=0x14ce35da0 id=176 seeded=NO seedSequence=0
#### VNC-OWNED reuse-seed #39 originalID=175 owned=0x14ce35da0 id=176 seeded=NO seedSequence=0
#### VNC-OWNED reuse-seed #40 originalID=169 owned=0x14cf08b70 id=170 seeded=NO seedSequence=0
#### VNC-OWNED reuse-seed #41 originalID=169 owned=0x14cf08b70 id=170 seeded=NO seedSequence=0
#### VNC-OWNED reuse-seed #42 originalID=167 owned=0x14ce50500 id=168 seeded=NO seedSequence=0
#### VNC-OWNED reuse-seed #43 originalID=167 owned=0x14ce50500 id=168 seeded=NO seedSequence=0
#### VNC-OWNED reuse-seed #44 originalID=150 owned=0x14ce54300 id=152 seeded=NO seedSequence=0
#### VNC-OWNED reuse-seed #45 originalID=150 owned=0x14ce54300 id=152 seeded=NO seedSequence=0
#### VNC-OWNED reuse-seed #46 originalID=173 owned=0x14e020780 id=174 seeded=NO seedSequence=0
#### VNC-OWNED reuse-seed #47 originalID=173 owned=0x14e020780 id=174 seeded=NO seedSequence=0
#### VNC-OWNED reuse-seed #48 originalID=159 owned=0x14e035be0 id=160 seeded=NO seedSequence=0
#### VNC-OWNED reuse-seed #49 originalID=159 owned=0x14e035be0 id=160 seeded=NO seedSequence=0
#### VNC-OWNED reuse-seed #50 originalID=162 owned=0x14e208ca0 id=165 seeded=NO seedSequence=0
#### VNC-OWNED reuse-seed #51 originalID=162 owned=0x14e208ca0 id=165 seeded=NO seedSequence=0
#### VNC-OWNED reuse-seed #52 originalID=175 owned=0x14ce35da0 id=176 seeded=NO seedSequence=0
#### VNC-OWNED reuse-seed #53 originalID=175 owned=0x14ce35da0 id=176 seeded=NO seedSequence=0
#### VNC-OWNED reuse-seed #54 originalID=169 owned=0x14cf08b70 id=170 seeded=NO seedSequence=0
#### VNC-OWNED reuse-seed #55 originalID=169 owned=0x14cf08b70 id=170 seeded=NO seedSequence=0
#### VNC-OWNED reuse-seed #56 originalID=167 owned=0x14ce50500 id=168 seeded=NO seedSequence=0
#### VNC-OWNED reuse-seed #57 originalID=167 owned=0x14ce50500 id=168 seeded=NO seedSequence=0
#### VNC-OWNED reuse-seed #58 originalID=150 owned=0x14ce54300 id=152 seeded=NO seedSequence=0
#### VNC-OWNED reuse-seed #59 originalID=150 owned=0x14ce54300 id=152 seeded=NO seedSequence=0
#### VNC-OWNED reuse-seed #60 originalID=173 owned=0x14e020780 id=174 seeded=NO seedSequence=0
#### VNC-OWNED reuse-seed #61 originalID=173 owned=0x14e020780 id=174 seeded=NO seedSequence=0
#### VNC-OWNED reuse-seed #62 originalID=159 owned=0x14e035be0 id=160 seeded=NO seedSequence=0
#### VNC-OWNED reuse-seed #63 originalID=159 owned=0x14e035be0 id=160 seeded=NO seedSequence=0
#### VNC-OWNED reuse-seed #64 originalID=162 owned=0x14e208ca0 id=165 seeded=NO seedSequence=0
#### VNC-OWNED reuse-seed #65 originalID=162 owned=0x14e208ca0 id=165 seeded=NO seedSequence=0
#### VNC-OWNED reuse-seed #66 originalID=175 owned=0x14ce35da0 id=176 seeded=NO seedSequence=0
#### VNC-OWNED reuse-seed #67 originalID=175 owned=0x14ce35da0 id=176 seeded=NO seedSequence=0
#### VNC-OWNED reuse-seed #68 originalID=169 owned=0x14cf08b70 id=170 seeded=NO seedSequence=0
#### VNC-OWNED reuse-seed #69 originalID=169 owned=0x14cf08b70 id=170 seeded=NO seedSequence=0
#### VNC-OWNED reuse-seed #70 originalID=167 owned=0x14ce50500 id=168 seeded=NO seedSequence=0
#### VNC-OWNED reuse-seed #71 originalID=167 owned=0x14ce50500 id=168 seeded=NO seedSequence=0
#### VNC-OWNED reuse-seed #72 originalID=150 owned=0x14ce54300 id=152 seeded=NO seedSequence=0
#### VNC-OWNED reuse-seed #73 originalID=150 owned=0x14ce54300 id=152 seeded=NO seedSequence=0
#### VNC-OWNED reuse-seed #74 originalID=173 owned=0x14e020780 id=174 seeded=NO seedSequence=0
#### VNC-OWNED reuse-seed #75 originalID=173 owned=0x14e020780 id=174 seeded=NO seedSequence=0
#### VNC-OWNED reuse-seed #76 originalID=159 owned=0x14e035be0 id=160 seeded=NO seedSequence=0
#### VNC-OWNED reuse-seed #77 originalID=159 owned=0x14e035be0 id=160 seeded=NO seedSequence=0
#### VNC-OWNED reuse-seed #78 originalID=162 owned=0x14e208ca0 id=165 seeded=NO seedSequence=0
#### VNC-OWNED reuse-seed #79 originalID=162 owned=0x14e208ca0 id=165 seeded=NO seedSequence=0
#### VNC-OWNED reuse-seed #80 originalID=175 owned=0x14ce35da0 id=176 seeded=NO seedSequence=0
#### VNC-OWNED reuse-seed #81 originalID=175 owned=0x14ce35da0 id=176 seeded=NO seedSequence=0
#### VNC-OWNED reuse-seed #82 originalID=169 owned=0x14cf08b70 id=170 seeded=NO seedSequence=0
#### VNC-OWNED reuse-seed #83 originalID=169 owned=0x14cf08b70 id=170 seeded=NO seedSequence=0
#### VNC-OWNED reuse-seed #84 originalID=167 owned=0x14ce50500 id=168 seeded=NO seedSequence=0
#### VNC-OWNED reuse-seed #85 originalID=167 owned=0x14ce50500 id=168 seeded=NO seedSequence=0
#### VNC-OWNED reuse-seed #86 originalID=150 owned=0x14ce54300 id=152 seeded=NO seedSequence=0
#### VNC-OWNED reuse-seed #87 originalID=150 owned=0x14ce54300 id=152 seeded=NO seedSequence=0
#### VNC-OWNED reuse-seed #88 originalID=173 owned=0x14e020780 id=174 seeded=NO seedSequence=0
#### VNC-OWNED reuse-seed #89 originalID=173 owned=0x14e020780 id=174 seeded=NO seedSequence=0
#### VNC-OWNED reuse-seed #90 originalID=159 owned=0x14e035be0 id=160 seeded=NO seedSequence=0
#### VNC-OWNED reuse-seed #91 originalID=159 owned=0x14e035be0 id=160 seeded=NO seedSequence=0
#### VNC-OWNED reuse-seed #92 originalID=162 owned=0x14e208ca0 id=165 seeded=NO seedSequence=0
#### VNC-OWNED reuse-seed #93 originalID=162 owned=0x14e208ca0 id=165 seeded=NO seedSequence=0
#### VNC-OWNED reuse-seed #94 originalID=175 owned=0x14ce35da0 id=176 seeded=NO seedSequence=0
#### VNC-OWNED reuse-seed #95 originalID=175 owned=0x14ce35da0 id=176 seeded=NO seedSequence=0
#### VNC-OWNED reuse-seed #96 originalID=169 owned=0x14cf08b70 id=170 seeded=NO seedSequence=0
#### VNC-OWNED reuse-seed #97 originalID=169 owned=0x14cf08b70 id=170 seeded=NO seedSequence=0
#### VNC-OWNED reuse-seed #98 originalID=167 owned=0x14ce50500 id=168 seeded=NO seedSequence=0
#### VNC-OWNED reuse-seed #99 originalID=167 owned=0x14ce50500 id=168 seeded=NO seedSequence=0
#### VNC-OWNED reuse-seed #100 originalID=150 owned=0x14ce54300 id=152 seeded=NO seedSequence=0
#### VNC-OWNED reuse-seed #101 originalID=150 owned=0x14ce54300 id=152 seeded=NO seedSequence=0
#### VNC-OWNED reuse-seed #102 originalID=173 owned=0x14e020780 id=174 seeded=NO seedSequence=0
#### VNC-OWNED reuse-seed #103 originalID=173 owned=0x14e020780 id=174 seeded=NO seedSequence=0
#### VNC-OWNED reuse-seed #104 originalID=159 owned=0x14e035be0 id=160 seeded=NO seedSequence=0
#### VNC-OWNED reuse-seed #105 originalID=159 owned=0x14e035be0 id=160 seeded=NO seedSequence=0
#### VNC-OWNED reuse-seed #106 originalID=162 owned=0x14e208ca0 id=165 seeded=NO seedSequence=0
#### VNC-OWNED reuse-seed #107 originalID=162 owned=0x14e208ca0 id=165 seeded=NO seedSequence=0
#### VNC-OWNED reuse-seed #108 originalID=175 owned=0x14ce35da0 id=176 seeded=NO seedSequence=0
#### VNC-OWNED reuse-seed #109 originalID=175 owned=0x14ce35da0 id=176 seeded=NO seedSequence=0
#### VNC-OWNED reuse-seed #110 originalID=169 owned=0x14cf08b70 id=170 seeded=NO seedSequence=0
#### VNC-OWNED reuse-seed #111 originalID=169 owned=0x14cf08b70 id=170 seeded=NO seedSequence=0
#### VNC-OWNED reuse-seed #112 originalID=167 owned=0x14ce50500 id=168 seeded=NO seedSequence=0
#### VNC-OWNED reuse-seed #113 originalID=167 owned=0x14ce50500 id=168 seeded=NO seedSequence=0
#### VNC-OWNED reuse-seed #114 originalID=150 owned=0x14ce54300 id=152 seeded=NO seedSequence=0
#### VNC-OWNED reuse-seed #115 originalID=150 owned=0x14ce54300 id=152 seeded=NO seedSequence=0
#### VNC-OWNED reuse-seed #116 originalID=173 owned=0x14e020780 id=174 seeded=NO seedSequence=0
#### VNC-OWNED reuse-seed #117 originalID=173 owned=0x14e020780 id=174 seeded=NO seedSequence=0
#### VNC-OWNED reuse-seed #118 originalID=159 owned=0x14e035be0 id=160 seeded=NO seedSequence=0
#### VNC-OWNED reuse-seed #119 originalID=159 owned=0x14e035be0 id=160 seeded=NO seedSequence=0
#### VNC-OWNED reuse-seed #120 originalID=162 owned=0x14e208ca0 id=165 seeded=NO seedSequence=0
#### VNC-OWNED reuse-seed #121 originalID=162 owned=0x14e208ca0 id=165 seeded=NO seedSequence=0
#### VNC-OWNED reuse-seed #122 originalID=175 owned=0x14ce35da0 id=176 seeded=NO seedSequence=0
#### VNC-OWNED reuse-seed #123 originalID=175 owned=0x14ce35da0 id=176 seeded=NO seedSequence=0
#### VNC-OWNED reuse-seed #124 originalID=169 owned=0x14cf08b70 id=170 seeded=NO seedSequence=0
#### VNC-OWNED reuse-seed #125 originalID=169 owned=0x14cf08b70 id=170 seeded=NO seedSequence=0
#### VNC-OWNED reuse-seed #126 originalID=167 owned=0x14ce50500 id=168 seeded=NO seedSequence=0
#### VNC-OWNED reuse-seed #127 originalID=167 owned=0x14ce50500 id=168 seeded=NO seedSequence=0
#### VNC-OWNED reuse-seed #128 originalID=150 owned=0x14ce54300 id=152 seeded=NO seedSequence=0
#### VNC-OWNED reuse-seed #129 originalID=150 owned=0x14ce54300 id=152 seeded=NO seedSequence=0
#### VNC-OWNED reuse-seed #130 originalID=173 owned=0x14e020780 id=174 seeded=NO seedSequence=0
#### VNC-OWNED reuse-seed #131 originalID=173 owned=0x14e020780 id=174 seeded=NO seedSequence=0
#### VNC-OWNED reuse-seed #132 originalID=159 owned=0x14e035be0 id=160 seeded=NO seedSequence=0
#### VNC-OWNED reuse-seed #133 originalID=159 owned=0x14e035be0 id=160 seeded=NO seedSequence=0
#### VNC-OWNED reuse-seed #134 originalID=162 owned=0x14e208ca0 id=165 seeded=NO seedSequence=0
#### VNC-OWNED reuse-seed #135 originalID=162 owned=0x14e208ca0 id=165 seeded=NO seedSequence=0
#### VNC-OWNED reuse-seed #136 originalID=175 owned=0x14ce35da0 id=176 seeded=NO seedSequence=0
#### VNC-OWNED reuse-seed #137 originalID=175 owned=0x14ce35da0 id=176 seeded=NO seedSequence=0
#### VNC-OWNED reuse-seed #138 originalID=169 owned=0x14cf08b70 id=170 seeded=NO seedSequence=0
#### VNC-OWNED reuse-seed #139 originalID=169 owned=0x14cf08b70 id=170 seeded=NO seedSequence=0
#### VNC-OWNED reuse-seed #140 originalID=167 owned=0x14ce50500 id=168 seeded=NO seedSequence=0
#### VNC-OWNED reuse-seed #141 originalID=167 owned=0x14ce50500 id=168 seeded=NO seedSequence=0
#### VNC-OWNED reuse-seed #142 originalID=150 owned=0x14ce54300 id=152 seeded=NO seedSequence=0
#### VNC-OWNED reuse-seed #143 originalID=150 owned=0x14ce54300 id=152 seeded=NO seedSequence=0
#### VNC-OWNED reuse-seed #144 originalID=173 owned=0x14e020780 id=174 seeded=NO seedSequence=0
#### VNC-OWNED reuse-seed #145 originalID=173 owned=0x14e020780 id=174 seeded=NO seedSequence=0
#### VNC-OWNED reuse-seed #146 originalID=159 owned=0x14e035be0 id=160 seeded=NO seedSequence=0
#### VNC-OWNED reuse-seed #147 originalID=159 owned=0x14e035be0 id=160 seeded=NO seedSequence=0
#### VNC-OWNED reuse-seed #148 originalID=162 owned=0x14e208ca0 id=165 seeded=NO seedSequence=0
#### VNC-OWNED reuse-seed #149 originalID=162 owned=0x14e208ca0 id=165 seeded=NO seedSequence=0
#### VNC-OWNED reuse-seed #150 originalID=175 owned=0x14ce35da0 id=176 seeded=NO seedSequence=0
#### VNC-OWNED reuse-seed #151 originalID=175 owned=0x14ce35da0 id=176 seeded=NO seedSequence=0
#### VNC-OWNED reuse-seed #152 originalID=169 owned=0x14cf08b70 id=170 seeded=NO seedSequence=0
#### VNC-OWNED reuse-seed #153 originalID=169 owned=0x14cf08b70 id=170 seeded=NO seedSequence=0
#### VNC-OWNED reuse-seed #154 originalID=167 owned=0x14ce50500 id=168 seeded=NO seedSequence=0
#### VNC-OWNED reuse-seed #155 originalID=167 owned=0x14ce50500 id=168 seeded=NO seedSequence=0
#### VNC-OWNED reuse-seed #156 originalID=150 owned=0x14ce54300 id=152 seeded=NO seedSequence=0
#### VNC-OWNED reuse-seed #157 originalID=150 owned=0x14ce54300 id=152 seeded=NO seedSequence=0
#### VNC-OWNED reuse-seed #158 originalID=173 owned=0x14e020780 id=174 seeded=NO seedSequence=0
#### VNC-OWNED reuse-seed #159 originalID=173 owned=0x14e020780 id=174 seeded=NO seedSequence=0
#### VNC-OWNED reuse-seed #160 originalID=159 owned=0x14e035be0 id=160 seeded=NO seedSequence=0
#### VNC-OWNED reuse-seed #161 originalID=159 owned=0x14e035be0 id=160 seeded=NO seedSequence=0
#### TILE-PIPE in: dev=AGXG13GFamilyDevice descClass=MTLTileRenderPipelineDescriptorInternal rasterSample=1 thgrpMem=0 tile=0x0
#### TILE-PIPE out: pipeline=0x14f851800 class=AGXG13GFamilyTileRenderPipeline err=(nil)
#### VNC-OWNED reuse-seed #600 originalID=162 owned=0x14e208ca0 id=165 seeded=YES seedSequence=176
#### VNC-OWNED reuse-seed #1200 originalID=159 owned=0x14e035be0 id=160 seeded=YES seedSequence=176
#### VNC-OWNED reuse-seed #1800 originalID=170 owned=0x14e2c8790 id=173 seeded=YES seedSequence=176
#### VNC-OWNED reuse-seed #2400 originalID=150 owned=0x14ce54300 id=152 seeded=YES seedSequence=176
#### VNC-OWNED reuse-seed #1 originalID=159 owned=0x142719bf0 id=160 seeded=NO seedSequence=0
#### VNC-OWNED reuse-seed #2 originalID=162 owned=0x143167a50 id=165 seeded=NO seedSequence=0
#### VNC-OWNED reuse-seed #3 originalID=167 owned=0x142617800 id=168 seeded=NO seedSequence=0
#### VNC-OWNED reuse-seed #4 originalID=169 owned=0x142617c50 id=170 seeded=NO seedSequence=0
#### VNC-OWNED reuse-seed #5 originalID=171 owned=0x142756120 id=172 seeded=NO seedSequence=0
#### VNC-OWNED reuse-seed #6 originalID=173 owned=0x143157360 id=174 seeded=NO seedSequence=0
#### VNC-OWNED reuse-seed #7 originalID=175 owned=0x142618890 id=176 seeded=NO seedSequence=0
#### VNC-OWNED reuse-seed #8 originalID=159 owned=0x142719bf0 id=160 seeded=NO seedSequence=0
#### VNC-OWNED reuse-seed #9 originalID=159 owned=0x142719bf0 id=160 seeded=NO seedSequence=0
#### VNC-OWNED reuse-seed #10 originalID=162 owned=0x143167a50 id=165 seeded=NO seedSequence=0
#### VNC-OWNED reuse-seed #11 originalID=162 owned=0x143167a50 id=165 seeded=NO seedSequence=0
#### VNC-OWNED reuse-seed #12 originalID=167 owned=0x142617800 id=168 seeded=NO seedSequence=0
#### VNC-OWNED reuse-seed #13 originalID=167 owned=0x142617800 id=168 seeded=NO seedSequence=0
#### VNC-OWNED reuse-seed #14 originalID=169 owned=0x142617c50 id=170 seeded=NO seedSequence=0
#### VNC-OWNED reuse-seed #15 originalID=169 owned=0x142617c50 id=170 seeded=NO seedSequence=0
#### VNC-OWNED reuse-seed #16 originalID=171 owned=0x142756120 id=172 seeded=NO seedSequence=0
#### VNC-OWNED reuse-seed #17 originalID=171 owned=0x142756120 id=172 seeded=NO seedSequence=0
#### VNC-OWNED reuse-seed #18 originalID=173 owned=0x143157360 id=174 seeded=NO seedSequence=0
#### VNC-OWNED reuse-seed #19 originalID=173 owned=0x143157360 id=174 seeded=NO seedSequence=0
#### VNC-OWNED reuse-seed #20 originalID=175 owned=0x142618890 id=176 seeded=NO seedSequence=0
#### VNC-OWNED reuse-seed #21 originalID=175 owned=0x142618890 id=176 seeded=NO seedSequence=0
#### VNC-OWNED reuse-seed #22 originalID=159 owned=0x142719bf0 id=160 seeded=NO seedSequence=0
#### VNC-OWNED reuse-seed #23 originalID=159 owned=0x142719bf0 id=160 seeded=NO seedSequence=0
#### VNC-OWNED reuse-seed #24 originalID=162 owned=0x143167a50 id=165 seeded=NO seedSequence=0
#### VNC-OWNED reuse-seed #25 originalID=162 owned=0x143167a50 id=165 seeded=NO seedSequence=0
#### VNC-OWNED reuse-seed #26 originalID=167 owned=0x142617800 id=168 seeded=NO seedSequence=0
#### VNC-OWNED reuse-seed #27 originalID=167 owned=0x142617800 id=168 seeded=NO seedSequence=0
#### VNC-OWNED reuse-seed #28 originalID=169 owned=0x142617c50 id=170 seeded=NO seedSequence=0
#### VNC-OWNED reuse-seed #29 originalID=169 owned=0x142617c50 id=170 seeded=NO seedSequence=0
#### VNC-OWNED reuse-seed #30 originalID=171 owned=0x142756120 id=172 seeded=NO seedSequence=0
#### VNC-OWNED reuse-seed #31 originalID=171 owned=0x142756120 id=172 seeded=NO seedSequence=0
#### VNC-OWNED reuse-seed #32 originalID=173 owned=0x143157360 id=174 seeded=NO seedSequence=0
#### VNC-OWNED reuse-seed #33 originalID=173 owned=0x143157360 id=174 seeded=NO seedSequence=0
#### VNC-OWNED reuse-seed #34 originalID=175 owned=0x142618890 id=176 seeded=NO seedSequence=0
#### VNC-OWNED reuse-seed #35 originalID=175 owned=0x142618890 id=176 seeded=NO seedSequence=0
#### VNC-OWNED reuse-seed #36 originalID=159 owned=0x142719bf0 id=160 seeded=NO seedSequence=0
#### VNC-OWNED reuse-seed #37 originalID=159 owned=0x142719bf0 id=160 seeded=NO seedSequence=0
#### VNC-OWNED reuse-seed #38 originalID=162 owned=0x143167a50 id=165 seeded=NO seedSequence=0
#### VNC-OWNED reuse-seed #39 originalID=162 owned=0x143167a50 id=165 seeded=NO seedSequence=0
#### VNC-OWNED reuse-seed #40 originalID=167 owned=0x142617800 id=168 seeded=NO seedSequence=0
#### VNC-OWNED reuse-seed #41 originalID=167 owned=0x142617800 id=168 seeded=NO seedSequence=0
#### VNC-OWNED reuse-seed #42 originalID=169 owned=0x142617c50 id=170 seeded=NO seedSequence=0
#### VNC-OWNED reuse-seed #43 originalID=169 owned=0x142617c50 id=170 seeded=NO seedSequence=0
#### VNC-OWNED reuse-seed #44 originalID=171 owned=0x142756120 id=172 seeded=NO seedSequence=0
#### VNC-OWNED reuse-seed #45 originalID=171 owned=0x142756120 id=172 seeded=NO seedSequence=0
#### VNC-OWNED reuse-seed #46 originalID=173 owned=0x143157360 id=174 seeded=NO seedSequence=0
#### VNC-OWNED reuse-seed #47 originalID=173 owned=0x143157360 id=174 seeded=NO seedSequence=0
#### VNC-OWNED reuse-seed #48 originalID=175 owned=0x142618890 id=176 seeded=NO seedSequence=0
#### VNC-OWNED reuse-seed #49 originalID=175 owned=0x142618890 id=176 seeded=NO seedSequence=0
#### VNC-OWNED reuse-seed #50 originalID=159 owned=0x142719bf0 id=160 seeded=NO seedSequence=0
#### VNC-OWNED reuse-seed #51 originalID=159 owned=0x142719bf0 id=160 seeded=NO seedSequence=0
#### VNC-OWNED reuse-seed #52 originalID=177 owned=0x142621c70 id=178 seeded=NO seedSequence=0
#### VNC-OWNED reuse-seed #53 originalID=167 owned=0x142617800 id=168 seeded=NO seedSequence=0
#### VNC-OWNED reuse-seed #54 originalID=167 owned=0x142617800 id=168 seeded=NO seedSequence=0
#### VNC-OWNED reuse-seed #55 originalID=162 owned=0x143167a50 id=165 seeded=NO seedSequence=0
#### VNC-OWNED reuse-seed #56 originalID=162 owned=0x143167a50 id=165 seeded=NO seedSequence=0
#### VNC-OWNED reuse-seed #57 originalID=169 owned=0x142617c50 id=170 seeded=NO seedSequence=0
#### VNC-OWNED reuse-seed #58 originalID=169 owned=0x142617c50 id=170 seeded=NO seedSequence=0
#### VNC-OWNED reuse-seed #59 originalID=171 owned=0x142756120 id=172 seeded=NO seedSequence=0
#### VNC-OWNED reuse-seed #60 originalID=171 owned=0x142756120 id=172 seeded=NO seedSequence=0
#### VNC-OWNED reuse-seed #61 originalID=173 owned=0x143157360 id=174 seeded=NO seedSequence=0
#### VNC-OWNED reuse-seed #62 originalID=173 owned=0x143157360 id=174 seeded=NO seedSequence=0
#### VNC-OWNED reuse-seed #63 originalID=159 owned=0x142719bf0 id=160 seeded=NO seedSequence=0
#### VNC-OWNED reuse-seed #64 originalID=159 owned=0x142719bf0 id=160 seeded=NO seedSequence=0
#### VNC-OWNED reuse-seed #65 originalID=175 owned=0x142618890 id=176 seeded=NO seedSequence=0
#### VNC-OWNED reuse-seed #66 originalID=175 owned=0x142618890 id=176 seeded=NO seedSequence=0
#### VNC-OWNED reuse-seed #67 originalID=167 owned=0x142617800 id=168 seeded=NO seedSequence=0
#### VNC-OWNED reuse-seed #68 originalID=167 owned=0x142617800 id=168 seeded=NO seedSequence=0
#### VNC-OWNED reuse-seed #69 originalID=162 owned=0x143167a50 id=165 seeded=NO seedSequence=0
#### VNC-OWNED reuse-seed #70 originalID=162 owned=0x143167a50 id=165 seeded=NO seedSequence=0
#### VNC-OWNED reuse-seed #71 originalID=169 owned=0x142617c50 id=170 seeded=NO seedSequence=0
#### VNC-OWNED reuse-seed #72 originalID=169 owned=0x142617c50 id=170 seeded=NO seedSequence=0
#### VNC-OWNED reuse-seed #73 originalID=171 owned=0x142756120 id=172 seeded=NO seedSequence=0
#### VNC-OWNED reuse-seed #74 originalID=171 owned=0x142756120 id=172 seeded=NO seedSequence=0
#### VNC-OWNED reuse-seed #75 originalID=173 owned=0x143157360 id=174 seeded=NO seedSequence=0
#### VNC-OWNED reuse-seed #76 originalID=173 owned=0x143157360 id=174 seeded=NO seedSequence=0
#### VNC-OWNED reuse-seed #77 originalID=159 owned=0x142719bf0 id=160 seeded=NO seedSequence=0
#### VNC-OWNED reuse-seed #78 originalID=159 owned=0x142719bf0 id=160 seeded=NO seedSequence=0
#### VNC-OWNED reuse-seed #79 originalID=175 owned=0x142618890 id=176 seeded=NO seedSequence=0
#### VNC-OWNED reuse-seed #80 originalID=175 owned=0x142618890 id=176 seeded=NO seedSequence=0
#### VNC-OWNED reuse-seed #81 originalID=167 owned=0x142617800 id=168 seeded=NO seedSequence=0
#### VNC-OWNED reuse-seed #82 originalID=167 owned=0x142617800 id=168 seeded=NO seedSequence=0
#### VNC-OWNED reuse-seed #83 originalID=162 owned=0x143167a50 id=165 seeded=NO seedSequence=0
#### VNC-OWNED reuse-seed #84 originalID=162 owned=0x143167a50 id=165 seeded=NO seedSequence=0
#### VNC-OWNED reuse-seed #85 originalID=169 owned=0x142617c50 id=170 seeded=NO seedSequence=0
#### VNC-OWNED reuse-seed #86 originalID=169 owned=0x142617c50 id=170 seeded=NO seedSequence=0
#### VNC-OWNED reuse-seed #87 originalID=171 owned=0x142756120 id=172 seeded=NO seedSequence=0
#### VNC-OWNED reuse-seed #88 originalID=171 owned=0x142756120 id=172 seeded=NO seedSequence=0
#### VNC-OWNED reuse-seed #89 originalID=173 owned=0x143157360 id=174 seeded=NO seedSequence=0
#### VNC-OWNED reuse-seed #90 originalID=173 owned=0x143157360 id=174 seeded=NO seedSequence=0
#### VNC-OWNED reuse-seed #91 originalID=159 owned=0x142719bf0 id=160 seeded=NO seedSequence=0
#### VNC-OWNED reuse-seed #92 originalID=159 owned=0x142719bf0 id=160 seeded=NO seedSequence=0
#### VNC-OWNED reuse-seed #93 originalID=175 owned=0x142618890 id=176 seeded=NO seedSequence=0
#### VNC-OWNED reuse-seed #94 originalID=175 owned=0x142618890 id=176 seeded=NO seedSequence=0
#### VNC-OWNED reuse-seed #95 originalID=167 owned=0x142617800 id=168 seeded=NO seedSequence=0
#### VNC-OWNED reuse-seed #96 originalID=167 owned=0x142617800 id=168 seeded=NO seedSequence=0
#### VNC-OWNED reuse-seed #97 originalID=162 owned=0x143167a50 id=165 seeded=NO seedSequence=0
#### VNC-OWNED reuse-seed #98 originalID=162 owned=0x143167a50 id=165 seeded=NO seedSequence=0
#### VNC-OWNED reuse-seed #99 originalID=169 owned=0x142617c50 id=170 seeded=NO seedSequence=0
#### VNC-OWNED reuse-seed #100 originalID=169 owned=0x142617c50 id=170 seeded=NO seedSequence=0
#### VNC-OWNED reuse-seed #101 originalID=171 owned=0x142756120 id=172 seeded=NO seedSequence=0
#### VNC-OWNED reuse-seed #102 originalID=171 owned=0x142756120 id=172 seeded=NO seedSequence=0
#### VNC-OWNED reuse-seed #103 originalID=173 owned=0x143157360 id=174 seeded=NO seedSequence=0
#### VNC-OWNED reuse-seed #104 originalID=173 owned=0x143157360 id=174 seeded=NO seedSequence=0
#### VNC-OWNED reuse-seed #105 originalID=159 owned=0x142719bf0 id=160 seeded=NO seedSequence=0
#### VNC-OWNED reuse-seed #106 originalID=159 owned=0x142719bf0 id=160 seeded=NO seedSequence=0
#### VNC-OWNED reuse-seed #107 originalID=175 owned=0x142618890 id=176 seeded=NO seedSequence=0
#### VNC-OWNED reuse-seed #108 originalID=175 owned=0x142618890 id=176 seeded=NO seedSequence=0
#### VNC-OWNED reuse-seed #109 originalID=167 owned=0x142617800 id=168 seeded=NO seedSequence=0
#### VNC-OWNED reuse-seed #110 originalID=167 owned=0x142617800 id=168 seeded=NO seedSequence=0
#### VNC-OWNED reuse-seed #111 originalID=162 owned=0x143167a50 id=165 seeded=NO seedSequence=0
#### VNC-OWNED reuse-seed #112 originalID=162 owned=0x143167a50 id=165 seeded=NO seedSequence=0
#### VNC-OWNED reuse-seed #113 originalID=169 owned=0x142617c50 id=170 seeded=NO seedSequence=0
#### VNC-OWNED reuse-seed #114 originalID=169 owned=0x142617c50 id=170 seeded=NO seedSequence=0
#### VNC-OWNED reuse-seed #115 originalID=171 owned=0x142756120 id=172 seeded=NO seedSequence=0
#### VNC-OWNED reuse-seed #116 originalID=171 owned=0x142756120 id=172 seeded=NO seedSequence=0
#### VNC-OWNED reuse-seed #117 originalID=173 owned=0x143157360 id=174 seeded=NO seedSequence=0
#### VNC-OWNED reuse-seed #118 originalID=173 owned=0x143157360 id=174 seeded=NO seedSequence=0
#### VNC-OWNED reuse-seed #119 originalID=159 owned=0x142719bf0 id=160 seeded=NO seedSequence=0
#### VNC-OWNED reuse-seed #120 originalID=159 owned=0x142719bf0 id=160 seeded=NO seedSequence=0
#### VNC-OWNED reuse-seed #121 originalID=175 owned=0x142618890 id=176 seeded=NO seedSequence=0
#### VNC-OWNED reuse-seed #122 originalID=175 owned=0x142618890 id=176 seeded=NO seedSequence=0
#### VNC-OWNED reuse-seed #123 originalID=167 owned=0x142617800 id=168 seeded=NO seedSequence=0
#### VNC-OWNED reuse-seed #124 originalID=167 owned=0x142617800 id=168 seeded=NO seedSequence=0
#### VNC-OWNED reuse-seed #125 originalID=162 owned=0x143167a50 id=165 seeded=NO seedSequence=0
#### VNC-OWNED reuse-seed #126 originalID=162 owned=0x143167a50 id=165 seeded=NO seedSequence=0
#### VNC-OWNED reuse-seed #127 originalID=169 owned=0x142617c50 id=170 seeded=NO seedSequence=0
#### VNC-OWNED reuse-seed #128 originalID=169 owned=0x142617c50 id=170 seeded=NO seedSequence=0
#### VNC-OWNED reuse-seed #129 originalID=171 owned=0x142756120 id=172 seeded=NO seedSequence=0
#### VNC-OWNED reuse-seed #130 originalID=171 owned=0x142756120 id=172 seeded=NO seedSequence=0
#### VNC-OWNED reuse-seed #131 originalID=173 owned=0x143157360 id=174 seeded=NO seedSequence=0
#### VNC-OWNED reuse-seed #132 originalID=173 owned=0x143157360 id=174 seeded=NO seedSequence=0
#### VNC-OWNED reuse-seed #133 originalID=159 owned=0x142719bf0 id=160 seeded=NO seedSequence=0
#### VNC-OWNED reuse-seed #134 originalID=159 owned=0x142719bf0 id=160 seeded=NO seedSequence=0
#### VNC-OWNED reuse-seed #135 originalID=175 owned=0x142618890 id=176 seeded=NO seedSequence=0
#### VNC-OWNED reuse-seed #136 originalID=175 owned=0x142618890 id=176 seeded=NO seedSequence=0
#### VNC-OWNED reuse-seed #137 originalID=167 owned=0x142617800 id=168 seeded=NO seedSequence=0
#### VNC-OWNED reuse-seed #138 originalID=167 owned=0x142617800 id=168 seeded=NO seedSequence=0
#### VNC-OWNED reuse-seed #139 originalID=162 owned=0x143167a50 id=165 seeded=NO seedSequence=0
#### VNC-OWNED reuse-seed #140 originalID=162 owned=0x143167a50 id=165 seeded=NO seedSequence=0
#### VNC-OWNED reuse-seed #141 originalID=169 owned=0x142617c50 id=170 seeded=NO seedSequence=0
#### VNC-OWNED reuse-seed #142 originalID=169 owned=0x142617c50 id=170 seeded=NO seedSequence=0
#### VNC-OWNED reuse-seed #143 originalID=171 owned=0x142756120 id=172 seeded=NO seedSequence=0
#### VNC-OWNED reuse-seed #144 originalID=171 owned=0x142756120 id=172 seeded=NO seedSequence=0
#### VNC-OWNED reuse-seed #145 originalID=173 owned=0x143157360 id=174 seeded=NO seedSequence=0
#### VNC-OWNED reuse-seed #146 originalID=173 owned=0x143157360 id=174 seeded=NO seedSequence=0
#### VNC-OWNED reuse-seed #147 originalID=159 owned=0x142719bf0 id=160 seeded=NO seedSequence=0
#### VNC-OWNED reuse-seed #148 originalID=159 owned=0x142719bf0 id=160 seeded=NO seedSequence=0
#### VNC-OWNED reuse-seed #149 originalID=175 owned=0x142618890 id=176 seeded=NO seedSequence=0
#### VNC-OWNED reuse-seed #150 originalID=175 owned=0x142618890 id=176 seeded=NO seedSequence=0
#### VNC-OWNED reuse-seed #151 originalID=167 owned=0x142617800 id=168 seeded=NO seedSequence=0
#### VNC-OWNED reuse-seed #152 originalID=167 owned=0x142617800 id=168 seeded=NO seedSequence=0
#### VNC-OWNED reuse-seed #153 originalID=162 owned=0x143167a50 id=165 seeded=NO seedSequence=0
#### VNC-OWNED reuse-seed #154 originalID=162 owned=0x143167a50 id=165 seeded=NO seedSequence=0
#### VNC-OWNED reuse-seed #155 originalID=169 owned=0x142617c50 id=170 seeded=NO seedSequence=0
#### VNC-OWNED reuse-seed #156 originalID=169 owned=0x142617c50 id=170 seeded=NO seedSequence=0
#### VNC-OWNED reuse-seed #157 originalID=171 owned=0x142756120 id=172 seeded=NO seedSequence=0
#### VNC-OWNED reuse-seed #158 originalID=171 owned=0x142756120 id=172 seeded=NO seedSequence=0
#### VNC-OWNED reuse-seed #159 originalID=173 owned=0x143157360 id=174 seeded=NO seedSequence=0
#### VNC-OWNED reuse-seed #160 originalID=173 owned=0x143157360 id=174 seeded=NO seedSequence=0
#### VNC-OWNED reuse-seed #161 originalID=159 owned=0x142719bf0 id=160 seeded=NO seedSequence=0
#### VNC-OWNED reuse-seed #162 originalID=159 owned=0x142719bf0 id=160 seeded=NO seedSequence=0
#### VNC-OWNED reuse-seed #163 originalID=175 owned=0x142618890 id=176 seeded=NO seedSequence=0
#### VNC-OWNED reuse-seed #164 originalID=175 owned=0x142618890 id=176 seeded=NO seedSequence=0
#### VNC-OWNED reuse-seed #165 originalID=167 owned=0x142617800 id=168 seeded=NO seedSequence=0
#### VNC-OWNED reuse-seed #166 originalID=167 owned=0x142617800 id=168 seeded=NO seedSequence=0
#### VNC-OWNED reuse-seed #167 originalID=162 owned=0x143167a50 id=165 seeded=NO seedSequence=0
#### VNC-OWNED reuse-seed #168 originalID=162 owned=0x143167a50 id=165 seeded=NO seedSequence=0
#### VNC-OWNED reuse-seed #169 originalID=169 owned=0x142617c50 id=170 seeded=NO seedSequence=0
#### VNC-OWNED reuse-seed #170 originalID=169 owned=0x142617c50 id=170 seeded=NO seedSequence=0
#### VNC-OWNED reuse-seed #171 originalID=171 owned=0x142756120 id=172 seeded=NO seedSequence=0
#### VNC-OWNED reuse-seed #172 originalID=171 owned=0x142756120 id=172 seeded=NO seedSequence=0
#### VNC-OWNED reuse-seed #173 originalID=173 owned=0x143157360 id=174 seeded=NO seedSequence=0
#### VNC-OWNED reuse-seed #174 originalID=173 owned=0x143157360 id=174 seeded=NO seedSequence=0
#### VNC-OWNED reuse-seed #175 originalID=159 owned=0x142719bf0 id=160 seeded=NO seedSequence=0
#### VNC-OWNED reuse-seed #176 originalID=159 owned=0x142719bf0 id=160 seeded=NO seedSequence=0
#### VNC-OWNED reuse-seed #177 originalID=175 owned=0x142618890 id=176 seeded=NO seedSequence=0
#### VNC-OWNED reuse-seed #178 originalID=175 owned=0x142618890 id=176 seeded=NO seedSequence=0
#### VNC-OWNED reuse-seed #179 originalID=167 owned=0x142617800 id=168 seeded=NO seedSequence=0
#### VNC-OWNED reuse-seed #180 originalID=167 owned=0x142617800 id=168 seeded=NO seedSequence=0
#### VNC-OWNED reuse-seed #181 originalID=162 owned=0x143167a50 id=165 seeded=NO seedSequence=0
#### VNC-OWNED reuse-seed #182 originalID=162 owned=0x143167a50 id=165 seeded=NO seedSequence=0
#### VNC-OWNED reuse-seed #183 originalID=169 owned=0x142617c50 id=170 seeded=NO seedSequence=0
#### VNC-OWNED reuse-seed #184 originalID=169 owned=0x142617c50 id=170 seeded=NO seedSequence=0
#### VNC-OWNED reuse-seed #185 originalID=171 owned=0x142756120 id=172 seeded=NO seedSequence=0
#### VNC-OWNED reuse-seed #186 originalID=171 owned=0x142756120 id=172 seeded=NO seedSequence=0
#### VNC-OWNED reuse-seed #187 originalID=173 owned=0x143157360 id=174 seeded=NO seedSequence=0
#### VNC-OWNED reuse-seed #188 originalID=173 owned=0x143157360 id=174 seeded=NO seedSequence=0
#### VNC-OWNED reuse-seed #189 originalID=159 owned=0x142719bf0 id=160 seeded=NO seedSequence=0
#### VNC-OWNED reuse-seed #190 originalID=159 owned=0x142719bf0 id=160 seeded=NO seedSequence=0
#### VNC-OWNED reuse-seed #191 originalID=175 owned=0x142618890 id=176 seeded=NO seedSequence=0
#### VNC-OWNED reuse-seed #192 originalID=175 owned=0x142618890 id=176 seeded=NO seedSequence=0
#### VNC-OWNED reuse-seed #193 originalID=187 owned=0x143166400 id=167 seeded=NO seedSequence=0
#### VNC-OWNED reuse-seed #194 originalID=162 owned=0x143167a50 id=165 seeded=NO seedSequence=0
#### VNC-OWNED reuse-seed #195 originalID=162 owned=0x143167a50 id=165 seeded=NO seedSequence=0
#### TILE-PIPE in: dev=AGXG13GFamilyDevice descClass=MTLTileRenderPipelineDescriptorInternal rasterSample=1 thgrpMem=0 tile=0x0
#### TILE-PIPE out: pipeline=0x144892a00 class=AGXG13GFamilyTileRenderPipeline err=(nil)
#### TILE-CB observer installed #1 commandBuffer=0x1430944c0 (completion-only; captures no Metal objects)
#### TILE-DESC #1 role=target encoder=0x14309cb00 index=0 targetSerial=226 commandBuffer=0x1430944c0 tex=0x14309ee90 impl=0x14309f0a0 2425x85 pf=80 surface=255 gpu40=0x1501ab8000 found=1 descOff=0x190 layout=0 compressed=0 extended=0 address=0x1501ab8000 extendedLow36=0 extendedRaw=0 alloc=0xcc000 planeOffset=0 planeSize=0 headerOffset=0 headerSpan=0 bytes=020a0a869750010000e06a4005c097000000000000000000
#### TILE-DESC #1 role=source encoder=0x14309cb00 index=0 targetSerial=226 commandBuffer=0x1430944c0 tex=0x1430a0d90 impl=0x1430a0fa0 1198x28 pf=80 surface=257 gpu40=0x1501c00000 found=1 descOff=0x190 layout=0 compressed=0 extended=0 address=0x1501c00000 extendedLow36=0 extendedRaw=0 alloc=0x24000 planeOffset=0 planeSize=0 headerOffset=0 headerSpan=0 bytes=020a0ad64a6c00000000704005c04b000000000000000000
#### TILE-CB-COMPLETE observer=1 commandBuffer=0x1430944c0 status=4 errorDomain=(nil) errorCode=0 description=(nil) userInfo=(nil)
#### TILE-CB observer installed #2 commandBuffer=0x1430a4170 (completion-only; captures no Metal objects)
#### TILE-DESC #2 role=target encoder=0x14309b0a0 index=0 targetSerial=237 commandBuffer=0x1430a4170 tex=0x14309ee90 impl=0x14309f0a0 2425x85 pf=80 surface=255 gpu40=0x1501ab8000 found=1 descOff=0x190 layout=0 compressed=0 extended=0 address=0x1501ab8000 extendedLow36=0 extendedRaw=0 alloc=0xcc000 planeOffset=0 planeSize=0 headerOffset=0 headerSpan=0 bytes=020a0a869750010000e06a4005c097000000000000000000
#### TILE-DESC #2 role=source encoder=0x14309b0a0 index=0 targetSerial=237 commandBuffer=0x1430a4170 tex=0x1430a0d90 impl=0x1430a0fa0 1198x28 pf=80 surface=257 gpu40=0x1501c00000 found=1 descOff=0x190 layout=0 compressed=0 extended=0 address=0x1501c00000 extendedLow36=0 extendedRaw=0 alloc=0x24000 planeOffset=0 planeSize=0 headerOffset=0 headerSpan=0 bytes=020a0ad64a6c00000000704005c04b000000000000000000
#### TILE-CB-COMPLETE observer=2 commandBuffer=0x1430a4170 status=4 errorDomain=(nil) errorCode=0 description=(nil) userInfo=(nil)
#### VNC-OWNED reuse-seed #600 originalID=174 owned=0x142768760 id=275 seeded=YES seedSequence=176
#### TILE-CB observer installed #3 commandBuffer=0x14317e770 (completion-only; captures no Metal objects)
#### TILE-DESC #3 role=target encoder=0x14318c250 index=0 targetSerial=976 commandBuffer=0x14317e770 tex=0x14309ee90 impl=0x14309f0a0 2425x85 pf=80 surface=255 gpu40=0x1501ab8000 found=1 descOff=0x190 layout=0 compressed=0 extended=0 address=0x1501ab8000 extendedLow36=0 extendedRaw=0 alloc=0xcc000 planeOffset=0 planeSize=0 headerOffset=0 headerSpan=0 bytes=020a0a869750010000e06a4005c097000000000000000000
#### TILE-DESC #3 role=source encoder=0x14318c250 index=0 targetSerial=976 commandBuffer=0x14317e770 tex=0x1430a0d90 impl=0x1430a0fa0 1198x28 pf=80 surface=257 gpu40=0x1501c00000 found=1 descOff=0x190 layout=0 compressed=0 extended=0 address=0x1501c00000 extendedLow36=0 extendedRaw=0 alloc=0x24000 planeOffset=0 planeSize=0 headerOffset=0 headerSpan=0 bytes=020a0ad64a6c00000000704005c04b000000000000000000
#### TILE-CB-COMPLETE observer=3 commandBuffer=0x14317e770 status=4 errorDomain=(nil) errorCode=0 description=(nil) userInfo=(nil)
#### TILE-CB observer installed #4 commandBuffer=0x1430c9aa0 (completion-only; captures no Metal objects)
#### TILE-DESC #4 role=target encoder=0x1430cbd50 index=0 targetSerial=1071 commandBuffer=0x1430c9aa0 tex=0x14309ee90 impl=0x14309f0a0 2425x85 pf=80 surface=255 gpu40=0x1501ab8000 found=1 descOff=0x190 layout=0 compressed=0 extended=0 address=0x1501ab8000 extendedLow36=0 extendedRaw=0 alloc=0xcc000 planeOffset=0 planeSize=0 headerOffset=0 headerSpan=0 bytes=020a0a869750010000e06a4005c097000000000000000000
#### TILE-DESC #4 role=source encoder=0x1430cbd50 index=0 targetSerial=1071 commandBuffer=0x1430c9aa0 tex=0x1430a0d90 impl=0x1430a0fa0 1198x28 pf=80 surface=257 gpu40=0x1501c00000 found=1 descOff=0x190 layout=0 compressed=0 extended=0 address=0x1501c00000 extendedLow36=0 extendedRaw=0 alloc=0x24000 planeOffset=0 planeSize=0 headerOffset=0 headerSpan=0 bytes=020a0ad64a6c00000000704005c04b000000000000000000
#### TILE-CB-COMPLETE observer=4 commandBuffer=0x1430c9aa0 status=4 errorDomain=(nil) errorCode=0 description=(nil) userInfo=(nil)
#### TILE-CB observer installed #5 commandBuffer=0x1430be1f0 (completion-only; captures no Metal objects)
#### TILE-DESC #5 role=target encoder=0x1430bbe00 index=0 targetSerial=1934 commandBuffer=0x1430be1f0 tex=0x14309ee90 impl=0x14309f0a0 2425x85 pf=80 surface=255 gpu40=0x1501ab8000 found=1 descOff=0x190 layout=0 compressed=0 extended=0 address=0x1501ab8000 extendedLow36=0 extendedRaw=0 alloc=0xcc000 planeOffset=0 planeSize=0 headerOffset=0 headerSpan=0 bytes=020a0a869750010000e06a4005c097000000000000000000
#### TILE-DESC #5 role=source encoder=0x1430bbe00 index=0 targetSerial=1934 commandBuffer=0x1430be1f0 tex=0x1430a0d90 impl=0x1430a0fa0 1198x28 pf=80 surface=257 gpu40=0x1501c00000 found=1 descOff=0x190 layout=0 compressed=0 extended=0 address=0x1501c00000 extendedLow36=0 extendedRaw=0 alloc=0x24000 planeOffset=0 planeSize=0 headerOffset=0 headerSpan=0 bytes=020a0ad64a6c00000000704005c04b000000000000000000
#### TILE-CB-COMPLETE observer=5 commandBuffer=0x1430be1f0 status=4 errorDomain=(nil) errorCode=0 description=(nil) userInfo=(nil)
#### VNC-OWNED reuse-seed #1200 originalID=167 owned=0x1427bac80 id=169 seeded=YES seedSequence=400
