getppid = 1
MACWS-DISPLAY READY service=com.macwsguide.display protocol=1
MACWS-DISPLAY stream-start id=3 mode=1 window=0
MACWS-DISPLAY stream-start id=4 mode=1 window=0
MACWS-DISPLAY stream-start id=6 mode=2 window=4
MACWS-DISPLAY backpressure stream=6 window=4 outstanding=3 dropped=1
[launchdchrootexec] target=/usr/local/bin/macwsdisplayd arch=arm64 insert=/usr/local/lib/libmachook_arm64.dylib
getppid = 1
MACWS-DISPLAY READY service=com.macwsguide.display protocol=1
MACWS-DISPLAY stream-start id=2 mode=1 window=0
MACWS-DISPLAY stream-start id=4 mode=1 window=0
MACWS-DISPLAY stream-start id=7 mode=2 window=4
MACWS-DISPLAY stream-start id=8 mode=1 window=0
MACWS-DISPLAY stream-start id=9 mode=2 window=10
MACWS-DISPLAY stream-start id=10 mode=2 window=4
MACWS-DISPLAY backpressure stream=10 window=4 outstanding=3 dropped=1
[launchdchrootexec] target=/usr/local/bin/macwsdisplayd arch=arm64 insert=/usr/local/lib/libmachook_arm64.dylib
getppid = 1
MACWS-DISPLAY READY service=com.macwsguide.display protocol=1
[launchdchrootexec] target=/usr/local/bin/macwsdisplayd arch=arm64 insert=/usr/local/lib/libmachook_arm64.dylib
getppid = 1
MACWS-DISPLAY READY service=com.macwsguide.display protocol=1
[launchdchrootexec] target=/usr/local/bin/macwsdisplayd arch=arm64 insert=/usr/local/lib/libmachook_arm64.dylib
getppid = 1
MACWS-DISPLAY READY service=com.macwsguide.display protocol=1
MACWS-DISPLAY stream-start id=1 mode=1 window=0
MACWS-DISPLAY stream-start id=2 mode=1 window=0
MACWS-DISPLAY stream-start id=3 mode=1 window=0
MACWS-DISPLAY stream-start id=4 mode=1 window=0
MACWS-DISPLAY stream-start id=5 mode=1 window=0
MACWS-DISPLAY stream-start id=6 mode=1 window=0
[launchdchrootexec] target=/usr/local/bin/macwsdisplayd arch=arm64 insert=/usr/local/lib/libmachook_arm64.dylib
getppid = 1
MACWS-DISPLAY READY service=com.macwsguide.display protocol=1
[launchdchrootexec] target=/usr/local/bin/macwsdisplayd arch=arm64 insert=/usr/local/lib/libmachook_arm64.dylib
getppid = 1
MACWS-DISPLAY READY service=com.macwsguide.display protocol=1
[launchdchrootexec] target=/usr/local/bin/macwsdisplayd arch=arm64 insert=/usr/local/lib/libmachook_arm64.dylib
getppid = 1
MACWS-DISPLAY READY service=com.macwsguide.display protocol=1
[launchdchrootexec] target=/usr/local/bin/macwsdisplayd arch=arm64 insert=/usr/local/lib/libmachook_arm64.dylib
getppid = 1
MACWS-DISPLAY READY service=com.macwsguide.display protocol=1
[launchdchrootexec] target=/usr/local/bin/macwsdisplayd arch=arm64 insert=/usr/local/lib/libmachook_arm64.dylib
getppid = 1
MACWS-DISPLAY READY service=com.macwsguide.display protocol=1
[launchdchrootexec] target=/usr/local/bin/macwsdisplayd arch=arm64 insert=/usr/local/lib/libmachook_arm64.dylib
getppid = 1
MACWS-DISPLAY READY service=com.macwsguide.display protocol=1
[launchdchrootexec] target=/usr/local/bin/macwsdisplayd arch=arm64 insert=/usr/local/lib/libmachook_arm64.dylib
getppid = 1
MACWS-DISPLAY READY service=com.macwsguide.display protocol=1
[launchdchrootexec] target=/usr/local/bin/macwsdisplayd arch=arm64 insert=/usr/local/lib/libmachook_arm64.dylib
getppid = 1
MACWS-DISPLAY READY service=com.macwsguide.display protocol=1
MACWS-DISPLAY stream-start id=1 mode=1 window=0
MACWS-DISPLAY stream-start id=2 mode=1 window=0
MACWS-DISPLAY stream-start id=3 mode=1 window=0
MACWS-DISPLAY stream-start id=4 mode=2 window=37
MACWS-DISPLAY backpressure stream=4 window=37 outstanding=3 dropped=1
