[lldb_remote] target IOSAGXTextureREProbe PID=91964
[lldb_remote] launching local lldb
(lldb) process connect --plugin gdb-remote connect://127.0.0.1:5562
Process 91964 stopped
* thread #1, queue = 'com.apple.main-thread', stop reason = signal SIGSTOP
(lldb) command script import misc/lldb_trace_iogpu_resource_returns.py
(lldb) script lldb_trace_iogpu_resource_returns.install(lldb.debugger)
IOGPU_RES_RETURN IOKit-load=0x1aa53b000 slide=0x1b6d8000
IOGPU_RES_RETURN installed address=0x20a338130 bp=1 locations=1
(lldb) continue
IOGPU_RES_RETURN #1 status=0x0 type=0x0 f14=0x470 f15=0x4 in+20=0x0 in+28=0x0 in+30=0x0 in+38=0x0 in+40=0x20000 in+48=0x0 in+50=0x0 in+58=0x23152e358 out+00=0x1500000000 out+08=0x102280000 out+10=0x1021e4180 out+1c=0x2 out+20=0x20000 out+48=0x20000
IOGPU_RES_RETURN #1 type00-args=0000000000000000010001000100000001010001700400000000000000000000000000000000000000000000000000000000000000000000000000000000000000000200000000000000000000000000000000000000000058e3523102000000102fc96d01000000
IOGPU_RES_RETURN #2 status=0x0 type=0x80 f14=0xc30 f15=0xc in+20=0x0 in+28=0x0 in+30=0x102280000 in+38=0x102280000 in+40=0x20000 in+48=0x2 in+50=0xc00000000 in+58=0x23152ea38 out+00=0x1500000000 out+08=0x0 out+10=0x1021e4240 out+1c=0x3 out+20=0x20000 out+48=0x20000
IOGPU_RES_RETURN #3 status=0x0 type=0x80 f14=0xc30 f15=0xc in+20=0x0 in+28=0x0 in+30=0x102280200 in+38=0x102280000 in+40=0x20000 in+48=0x2 in+50=0xc00000000 in+58=0x23152ea38 out+00=0x1500000200 out+08=0x0 out+10=0x1021e4300 out+1c=0x4 out+20=0x20000 out+48=0x1fe00
IOGPU_RES_RETURN #4 status=0x0 type=0x80 f14=0xc30 f15=0xc in+20=0x0 in+28=0x0 in+30=0x102280400 in+38=0x102280000 in+40=0x20000 in+48=0x2 in+50=0xc00000000 in+58=0x23152ea38 out+00=0x1500000400 out+08=0x0 out+10=0x1021e43c0 out+1c=0x5 out+20=0x20000 out+48=0x1fc00
IOGPU_RES_RETURN #5 status=0x0 type=0x82 f14=0x430 f15=0x4 in+20=0x0 in+28=0x0 in+30=0xa7 in+38=0x0 in+40=0x0 in+48=0x0 in+50=0x180888c00 in+58=0x0 out+00=0x1500028040 out+08=0x0 out+10=0x1021e4480 out+1c=0x6 out+20=0x58000 out+48=0x57fc0
IOGPU_RES_RETURN #5 type82-args=820000000000000080026801010000000101000130040000000000000000000000000000000000000000000000000000a700000000000000000000000000000000000000000000000000000000000000008c8880010000000000000000000000dcb3b99e01000000
IOGPU_RES_RETURN #6 status=0x0 type=0x82 f14=0x430 f15=0x4 in+20=0x0 in+28=0x0 in+30=0x1000000a7 in+38=0x0 in+40=0x0 in+48=0x0 in+50=0x180888d00 in+58=0x0 out+00=0x1500060440 out+08=0x0 out+10=0x1021e4540 out+1c=0x7 out+20=0x58000 out+48=0x1fbc0
IOGPU_RES_RETURN #6 type82-args=82000000000000004001b400010000000101000230040000000000000000000000000000000000000000000000000000a700000001000000000000000000000000000000000000000000000000000000008d8880010000000000000000000000dcb3b99e01000000
Process 91964 resuming
Process 91964 exited with status = 0 (0x00000000)
