[launchdchrootexec] target=/Applications/Visual Studio Code.app/Contents/MacOS/Electron arch=arm64 insert=/usr/local/lib/libmachook_arm64.dylib
getppid = 1
#### MACWS_HID_BYPASS installed SetMatchingMultiple → no-op (1) at 0x18ffd1e8c — skips iOS-format CFBinaryPlist parse inside
####   IOHIDEventSystemClientCacheMatchingServices → IOHIDUnserializeAndVMDealloc → CFPropertyListCreateFromStream
####   that BUS_ADRALNs in the IOMFBServer thread.
#### MACWS_AGX_RENAMER_PATCH: off (set MACWS_AGX_RENAMER_PATCH=1 to enable)
#### MACWS_ASSERT_BYPASS DISABLED (set MACWS_KEEP_ASSERT_BYPASS=1 to restore lazy bypass) — real __assert_rtn now reaches abort
#### MACWS_AGX_NATIVE [ctor] pre-loaded IOGPU via /System/Library/PrivateFrameworks/IOGPU.framework/IOGPU -> 0x3be764c10
#### XPC_BOOTSTRAP: fn=0x18cb89140 dict=0x11fe06950 (registering Metal/ViewBridge/HIServices)
#### XPC_BOOTSTRAP: called OK
#### COEXIST API SwapEnd hook installed target=0x197a671cc trampoline=0x1029a4000
#### SkyLight PrepareForUse tolerate-nil hook installed at 0x191e48fc4
#### SkyLight StartCompositeForDisplayStream nil-skip hook installed at 0x191c71d74
#### SkyLight StartComposite(WSCD) tolerate-nil + pop-on-bail hook installed at 0x191c71358
#### SkyLight StartComposite(MTLTex) pop-on-bail hook installed at 0x191c71fb8
#### SkyLight EndCurrentComposite(bool) completion hook installed at 0x191c7053c
#### SkyLight EndUpdate(bool) submission hook installed at 0x191c700b0
#### SkyLight _state_stack pop_back resolved at 0x191c6efa0
#### SkyLight WSCompositeDestinationCreateWithMetalTexture nil-tolerate hook installed at 0x191c7453c
#### SkyLight MetalContext::StopCapture invalid-this guard installed at 0x191c701bc
#### AMFI-POLICY-COMPAT policy=AMFI op=0x60 status=0x4 (iOS task ports are hard-immovable)
#### CSR-POLICY-COMPAT active_config=0x0 (conservative iOS compatibility value)
#### MACWS_HID_BYPASS installed SetMatchingMultiple → no-op (1) at 0x18ffd1e8c — skips iOS-format CFBinaryPlist parse inside
####   IOHIDEventSystemClientCacheMatchingServices → IOHIDUnserializeAndVMDealloc → CFPropertyListCreateFromStream
####   that BUS_ADRALNs in the IOMFBServer thread.
#### MACWS_AGX_RENAMER_PATCH: off (set MACWS_AGX_RENAMER_PATCH=1 to enable)
#### MACWS_ASSERT_BYPASS DISABLED (set MACWS_KEEP_ASSERT_BYPASS=1 to restore lazy bypass) — real __assert_rtn now reaches abort
#### MACWS_AGX_NATIVE [ctor] pre-loaded IOGPU via /System/Library/PrivateFrameworks/IOGPU.framework/IOGPU -> 0x3be764c10
#### XPC_BOOTSTRAP: fn=0x18cb89140 dict=0x1237067d0 (registering Metal/ViewBridge/HIServices)
#### XPC_BOOTSTRAP: called OK
#### COEXIST API SwapEnd hook installed target=0x197a671cc trampoline=0x102884000
#### SkyLight PrepareForUse tolerate-nil hook installed at 0x191e48fc4
#### SkyLight StartCompositeForDisplayStream nil-skip hook installed at 0x191c71d74
#### SkyLight StartComposite(WSCD) tolerate-nil + pop-on-bail hook installed at 0x191c71358
#### SkyLight StartComposite(MTLTex) pop-on-bail hook installed at 0x191c71fb8
#### SkyLight EndCurrentComposite(bool) completion hook installed at 0x191c7053c
#### SkyLight EndUpdate(bool) submission hook installed at 0x191c700b0
#### SkyLight _state_stack pop_back resolved at 0x191c6efa0
#### SkyLight WSCompositeDestinationCreateWithMetalTexture nil-tolerate hook installed at 0x191c7453c
#### SkyLight MetalContext::StopCapture invalid-this guard installed at 0x191c701bc
[87410:0729/154722.498159:ERROR:third_party/crashpad/crashpad/util/file/file_io.cc:103] ReadExactly: expected 8, observed 0

DevTools listening on ws://127.0.0.1:9222/devtools/browser/22a7c629-8497-4553-8348-6668f0c9fc0c
#### MACWS_HID_BYPASS installed SetMatchingMultiple → no-op (1) at 0x18ffd1e8c — skips iOS-format CFBinaryPlist parse inside
####   IOHIDEventSystemClientCacheMatchingServices → IOHIDUnserializeAndVMDealloc → CFPropertyListCreateFromStream
####   that BUS_ADRALNs in the IOMFBServer thread.
#### MACWS_AGX_RENAMER_PATCH: off (set MACWS_AGX_RENAMER_PATCH=1 to enable)
#### MACWS_ASSERT_BYPASS DISABLED (set MACWS_KEEP_ASSERT_BYPASS=1 to restore lazy bypass) — real __assert_rtn now reaches abort
#### MACWS_AGX_NATIVE [ctor] pre-loaded IOGPU via /System/Library/PrivateFrameworks/IOGPU.framework/IOGPU -> 0x3be764c10
#### XPC_BOOTSTRAP: fn=0x18cb89140 dict=0x145008860 (registering Metal/ViewBridge/HIServices)
#### XPC_BOOTSTRAP: called OK
#### COEXIST API SwapEnd hook installed target=0x197a671cc trampoline=0x1005cc000
#### MACWS_HID_BYPASS installed SetMatchingMultiple → no-op (1) at 0x18ffd1e8c — skips iOS-format CFBinaryPlist parse inside
####   IOHIDEventSystemClientCacheMatchingServices → IOHIDUnserializeAndVMDealloc → CFPropertyListCreateFromStream
####   that BUS_ADRALNs in the IOMFBServer thread.
#### MACWS_AGX_RENAMER_PATCH: off (set MACWS_AGX_RENAMER_PATCH=1 to enable)
#### MACWS_ASSERT_BYPASS DISABLED (set MACWS_KEEP_ASSERT_BYPASS=1 to restore lazy bypass) — real __assert_rtn now reaches abort
#### MACWS_AGX_NATIVE [ctor] pre-loaded IOGPU via /System/Library/PrivateFrameworks/IOGPU.framework/IOGPU -> 0x3be764c10
#### XPC_BOOTSTRAP: fn=0x18cb89140 dict=0x159705d50 (registering Metal/ViewBridge/HIServices)
#### XPC_BOOTSTRAP: called OK
#### COEXIST API SwapEnd hook installed target=0x197a671cc trampoline=0x102aa0000
#### SkyLight PrepareForUse tolerate-nil hook installed at 0x191e48fc4
#### SkyLight StartCompositeForDisplayStream nil-skip hook installed at 0x191c71d74
#### SkyLight StartComposite(WSCD) tolerate-nil + pop-on-bail hook installed at 0x191c71358
#### SkyLight StartComposite(MTLTex) pop-on-bail hook installed at 0x191c71fb8
#### SkyLight EndCurrentComposite(bool) completion hook installed at 0x191c7053c
#### SkyLight PrepareForUse tolerate-nil hook installed at 0x191e48fc4
#### SkyLight EndUpdate(bool) submission hook installed at 0x191c700b0
#### SkyLight StartCompositeForDisplayStream nil-skip hook installed at 0x191c71d74
#### SkyLight _state_stack pop_back resolved at 0x191c6efa0
#### SkyLight StartComposite(WSCD) tolerate-nil + pop-on-bail hook installed at 0x191c71358
#### SkyLight WSCompositeDestinationCreateWithMetalTexture nil-tolerate hook installed at 0x191c7453c
#### SkyLight StartComposite(MTLTex) pop-on-bail hook installed at 0x191c71fb8
#### SkyLight MetalContext::StopCapture invalid-this guard installed at 0x191c701bc
#### SkyLight EndCurrentComposite(bool) completion hook installed at 0x191c7053c
#### SkyLight EndUpdate(bool) submission hook installed at 0x191c700b0
#### SkyLight _state_stack pop_back resolved at 0x191c6efa0
#### SkyLight WSCompositeDestinationCreateWithMetalTexture nil-tolerate hook installed at 0x191c7453c
#### SkyLight MetalContext::StopCapture invalid-this guard installed at 0x191c701bc
2026-07-29 15:47:22.777 Electron[87410:12402321] id createVolumeObserverSubsystem(NSWorkspaceNotificationCenter *): Failed to create volume observer.
2026-07-29 15:47:22.777 Electron[87410:12402321] id createVolumeObserverSubsystem(NSWorkspaceNotificationCenter *): Failed to create volume observer.
2026-07-29 15:47:22.778 Electron[87410:12402321] id createVolumeObserverSubsystem(NSWorkspaceNotificationCenter *): Failed to create volume observer.
2026-07-29 15:47:22.874 Electron[87410:12402321] XType: Using static font registry.
#### AMFI-POLICY-COMPAT policy=AMFI op=0x60 status=0x4 (iOS task ports are hard-immovable)
#### CSR-POLICY-COMPAT active_config=0x0 (conservative iOS compatibility value)
#### AMFI-POLICY-COMPAT policy=AMFI op=0x60 status=0x4 (iOS task ports are hard-immovable)
#### CSR-POLICY-COMPAT active_config=0x0 (conservative iOS compatibility value)
[87416:0729/154723.006881:ERROR:base/process/process_mac.cc:53] task_policy_set TASK_CATEGORY_POLICY: (os/kern) invalid argument (4)
[87415:0729/154723.006925:ERROR:base/process/process_mac.cc:53] task_policy_set TASK_CATEGORY_POLICY: (os/kern) invalid argument (4)
#### tile-encoder forwards: class MTLSimRenderCommandEncoder NOT found
#### NSXPCSharedListener class=0x1e83a7bd8
#### NSXPCSharedListener endpointForReply swizzle installed
#### NSXPCSharedListener connectToService swizzle installed
#### NSXPCSharedListener connectToService intercepted (graceful fail)
[87410:0729/154723.098820:ERROR:net/cert/internal/trust_store_mac.cc:489] SecKeychainAddCallback failed: Error Domain=NSOSStatusErrorDomain Code=-50 "paramErr: error in user parameter list" (-50)
[87410:0729/154723.098998:ERROR:net/cert/internal/trust_store_mac.cc:489] SecKeychainAddCallback failed: Error Domain=NSOSStatusErrorDomain Code=-50 "paramErr: error in user parameter list" (-50)
Warning: 'remote-debugging-port' is not in the list of known options, but still passed to Electron/Chromium.
Warning: 'remote-allow-origins' is not in the list of known options, but still passed to Electron/Chromium.
Warning: 'use-angle' is not in the list of known options, but still passed to Electron/Chromium.
Warning: 'ignore-gpu-blocklist' is not in the list of known options, but still passed to Electron/Chromium.
Warning: 'disable-features' is not in the list of known options, but still passed to Electron/Chromium.
#### MACWS_AGX_NATIVE pre-loaded IOGPU via /System/Library/PrivateFrameworks/IOGPU.framework/IOGPU -> 0x3be764c10
#### MACWS_AGX_NATIVE dlsym(IOGPUResourceCreate) = 0x1a9b9a0a0
#### MACWS_AGX_NATIVE dlsym(IOGPUMetalCommonResourceCreate) = 0x0
#### MACWS_AGX_NATIVE dlsym(IOGPUDeviceCreateWithAPIProperty) = 0x1a9b980fc
#### MACWS_AGX_NATIVE dlsym(_IOGPUMetalAllocateResource) = 0x0
#### MACWS_AGX_NATIVE dlsym(IOGPUMetalAllocateResource) = 0x0
#### MACWS_AGX_OBJC_AUTDA_PATCH msgSendSuper2=0x18caa9e00 code=0x18caa9e00 autda@0x18caa9e10 insn=0xdac11a30
####   PATCHED autda x16,x17 → xpacd x16 (0xdac11a30 → 0xdac147f0)
#### MACWS_AGX_SEL_DIAG super-init SEL static=0x1cffc6f26 slid=0x1dca0af26 readable=1
####   bytes="initWithDevice:descriptor:iosurface:plane:field:args:argsSize:"
####   sel_registerName(...) = 0x1dca0af26 name="initWithDevice:descriptor:iosurface:plane:field:args:argsSize:"
####   objc_getClass(IOGPUMetalTexture) = 0x1e802cfb0
####   IOGPUMetalTexture method count = 62
####     - initWithBuffer:descriptor:offset:bytesPerRow:
####     - initWithBuffer:descriptor:sysMemOffset:sysMemRowBytes:vidMemSize:vidMemRowBytes:args:argsSize:
####     - initWithBuffer:descriptor:sysMemOffset:sysMemRowBytes:vidMemSize:vidMemRowBytes:args:argsSize:isStrideTexture:
####     - initWithDevice:descriptor:iosurface:plane:field:args:argsSize:
####     - initWithDevice:descriptor:sysMemSize:sysMemRowBytes:vidMemSize:vidMemRowBytes:args:argsSize:
####     - initWithDevice:remoteStorageTexture:args:argsSize:
####     - initWithHeap:resource:offset:length:device:descriptor:
####     - initWithTexture:pixelFormat:
####     - initWithTexture:pixelFormat:textureType:levels:slices:
####     - initWithTexture:pixelFormat:textureType:levels:slices:swizzle:
####     - initWithTextureInternal:pixelFormat:textureType:levels:slices:swizzle:compressedView:
####     - initWithPrimaryBuffer:heapIndex:bufferIndex:bufferOffset:length:descriptor:sysMemRowBytes:vidMemSize:vidMemRowBytes:args:argsSize:
####   AGXTexture super class = 0x0 ((nil))
####   super responds to "initWithDevice:desc:iosurface:plane:" = 0 (Method=0x0)
####   super responds to "initWithDevice:descriptor:iosurface:plane:" = 0 (Method=0x0)
####   super responds to "initWithDevice:descriptor:iosurface:plane:field:args:argsSize:" = 0 (Method=0x0)
####   super responds to "initImplWithDevice:Descriptor:iosurface:plane:buffer:bytesPerRow:allowNPOT:sparsePageSize:isCompressedIOSurface:isHeapBacked:" = 0 (Method=0x0)
#### MACWS_AGX_STUB_FIX objc_msgSendSuper2
####   stub@0x1f24a1fc0 insns=[d01cf7f1 9132a231 f9400230 d71f0a11]
####   slot@0x22c39fca8 value=0x18caa9e00 sym=objc_msgSendSuper2 base=0x18caa0000 path=/usr/lib/libobjc.A.dylib
####   PATCHED → br 0x18caa9e00 (movz/movk/movk/br)
####   new=[d293c010 f2b19550 f2c00030 d61f0200]
#### MACWS_AGX_NATIVE objc_getClass(AGXBuffer) = 0x0
#### MACWS_AGX_NATIVE __objc_classlist: 52 entries
####   classlist[0] = 0x2298966b8 name=AGXBuffer registered=0x0
####   classlist[1] = 0x2298962f8 name=AGXG13GFamilyBinaryArchive registered=0x0
####   classlist[2] = 0x229896168 name=AGXG13GFamilyBlitContext registered=0x0
####   classlist[3] = 0x2298957e0 name=AGXG13GFamilyResourceStateContext registered=0x0
####   classlist[4] = 0x229895fd8 name=AGXG13GFamilyBuffer registered=0x0
####   classlist[5] = 0x229895830 name=AGXG13GFamilyCommandBuffer registered=0x0
#### MACWS_AGX_NATIVE objc_duplicateClass=0x18cacfcb8
#### MACWS_AGX_NATIVE imageinfo=0x224000a58 sz=8
#### PREREGISTER image[626] AGXMetal13_3: 52/52 realized
#### PREREGISTER image[627] GPURawCounter: 6/6 realized
#### MACWS_AGX_NATIVE register pass 0: 0 new (total 58)
#### MACWS_AGX_NATIVE realized 58/52 classes
#### MACWS_AGX_NATIVE AGXBuffer after register: 0x2298966b8
#### MACWS_AGX_NATIVE [AGXBuffer alloc] = 0x600211680
#### MACWS_AGX_NATIVE swizzled initWithDevice:length:alignment:options:isSuballocDisabled:resourceInArgs:pinnedGPULocation:
####   sect[0] __DATA_CONST,__got type=0 entries=97 indirect_start=228 auth=0
####   sect[7] __AUTH_CONST,__auth_got type=0 entries=230 indirect_start=325 auth=1
#### MACWS_AGX_NATIVE dlopen AGXMetal13_3 OK h=0x3be73b950
#### MACWS_AGX_NATIVE +[NSBundle bundleWithPath:AGXMetal13_3.bundle] = 0x6001218c0 id=com.apple.AGXMetal13-3
#### MACWS_AGX_NATIVE bundle loadAndReturnError: 1 (err=nil) loaded=1
#### MACWS_AGX_NATIVE bundle pathForResource:ds.g13g = /System/Library/Extensions/AGXMetal13_3.bundle/Contents/Resources/ds.g13g
#### MACWS_AGX_NATIVE getMetalPluginClassForService: returning class AGXG13GFamilyDevice = 0x2298960f0
#### MACWS-NEW-EVENT adapter installed deviceClass=AGXG13GFamilyDevice owner=IOGPUMetalDevice orig=0x1a9b8def4 added=1
#### MACWS_AGX_NATIVE class_addMethod(AGXG13GFamilyDevice, initWithAcceleratorPort:) = 1
#### MACWS_AGX_NATIVE tile-pipeline probe wrapped AGXG13GFamilyDevice (orig=0x1f21795e4)
#### MACWS_AGX_NATIVE tile-pipeline probe: 1 class(es) wrapped
#### MACWS_AGX_NATIVE nil-guard wrapped setFragmentTexture:atIndex: on AGXG13GFamilyRenderContext (orig=0x1f212c9e0)
#### MACWS_AGX_NATIVE nil-guard: class AGXG13GRenderContext NOT registered
#### MACWS_AGX_NATIVE nil-guard: class AGXRenderContext NOT registered
#### MACWS_AGX_NATIVE nil-guard: class AGXG13GComputeContext NOT registered
#### MACWS_AGX_NATIVE nil-guard setFragmentTexture:atIndex:: 1 class(es) wrapped
#### MACWS_AGX_NATIVE nil-guard wrapped setVertexTexture:atIndex: on AGXG13GFamilyRenderContext (orig=0x1f21335e8)
#### MACWS_AGX_NATIVE nil-guard: class AGXG13GRenderContext NOT registered
#### MACWS_AGX_NATIVE nil-guard: class AGXRenderContext NOT registered
#### MACWS_AGX_NATIVE nil-guard: class AGXG13GComputeContext NOT registered
#### MACWS_AGX_NATIVE nil-guard setVertexTexture:atIndex:: 1 class(es) wrapped
#### MACWS_AGX_NATIVE swizzled AGXG13GFamilyDevice newTextureWithDescriptor:iosurface:plane:
#### MACWS_AGX_NATIVE swizzled AGXG13GFamilyDevice newTextureWithDescriptor:
#### MACWS_AGX_NATIVE swizzled -[AGXBuffer initWithDevice:bytes:length:options:deallocator:pinnedGPUAddress:]
#### MACWS_AGX_NATIVE noop'd alertCommandBufferActivityStart
#### MACWS_AGX_NATIVE noop'd alertCommandBufferActivityComplete
#### MACWS_AGX_NATIVE redirecting AGXG13GFamilyDevice init(port=15887) → 2-arg variant
#### debugbydcmmc IOServiceOpen agx connect=14083 type=0x100001 (requested=0x100005)
#### MACWS_AGX_NATIVE setupCompiler:0x30010 fired (Device=0x6001d2000)
#### tile-encoder forwards: class MTLSimRenderCommandEncoder NOT found
#### NSXPCSharedListener class=0x1e83a7bd8
2026-07-29 15:47:23.498 Electron[87410:12402321] Error received in message reply handler: Connection invalid
2026-07-29 15:47:23.498 Electron[87410:12402382] Connection Invalid error for service com.apple.hiservices-xpcservice.
#### NSXPCSharedListener endpointForReply swizzle installed
#### NSXPCSharedListener connectToService swizzle installed
[90m[main 2026-07-29T22:47:23.748Z][0m StorageMainService: creating application shared storage
#### MACWS_HID_BYPASS installed SetMatchingMultiple → no-op (1) at 0x18ffd1e8c — skips iOS-format CFBinaryPlist parse inside
####   IOHIDEventSystemClientCacheMatchingServices → IOHIDUnserializeAndVMDealloc → CFPropertyListCreateFromStream
####   that BUS_ADRALNs in the IOMFBServer thread.
#### MACWS_AGX_RENAMER_PATCH: off (set MACWS_AGX_RENAMER_PATCH=1 to enable)
#### MACWS_ASSERT_BYPASS DISABLED (set MACWS_KEEP_ASSERT_BYPASS=1 to restore lazy bypass) — real __assert_rtn now reaches abort
#### MACWS_AGX_NATIVE [ctor] pre-loaded IOGPU via /System/Library/PrivateFrameworks/IOGPU.framework/IOGPU -> 0x3be764c10
#### XPC_BOOTSTRAP: fn=0x18cb89140 dict=0x155005190 (registering Metal/ViewBridge/HIServices)
#### XPC_BOOTSTRAP: called OK
#### COEXIST API SwapEnd hook installed target=0x197a671cc trampoline=0x100b68000
#### SkyLight PrepareForUse tolerate-nil hook installed at 0x191e48fc4
#### SkyLight StartCompositeForDisplayStream nil-skip hook installed at 0x191c71d74
#### SkyLight StartComposite(WSCD) tolerate-nil + pop-on-bail hook installed at 0x191c71358
#### SkyLight StartComposite(MTLTex) pop-on-bail hook installed at 0x191c71fb8
#### SkyLight EndCurrentComposite(bool) completion hook installed at 0x191c7053c
#### SkyLight EndUpdate(bool) submission hook installed at 0x191c700b0
#### SkyLight _state_stack pop_back resolved at 0x191c6efa0
#### SkyLight WSCompositeDestinationCreateWithMetalTexture nil-tolerate hook installed at 0x191c7453c
#### SkyLight MetalContext::StopCapture invalid-this guard installed at 0x191c701bc
#### AMFI-POLICY-COMPAT policy=AMFI op=0x60 status=0x4 (iOS task ports are hard-immovable)
#### CSR-POLICY-COMPAT active_config=0x0 (conservative iOS compatibility value)
[87431:0729/154724.688108:ERROR:base/process/process_mac.cc:53] task_policy_set TASK_CATEGORY_POLICY: (os/kern) invalid argument (4)
2026-07-29 15:47:24.693 Code Helper (Renderer)[87431:12402469] XType: Using static font registry.
[90m[main 2026-07-29T22:47:24.794Z][0m [shared storage] Creating shared storage database at '/Users/root/.vscode-shared/sharedStorage/state.vscdb' (wasCreated: false)
[90m[main 2026-07-29T22:47:24.797Z][0m [shared storage] Initializing fallback application storage (path: /tmp/macws-vscode-profile-agx-native-targetfix12/User/globalStorage/state.vscdb)
[90m[main 2026-07-29T22:47:25.002Z][0m [shared storage] Fallback application storage initialized with 80 items
[90m[main 2026-07-29T22:47:25.011Z][0m update#setState disabled
[90m[main 2026-07-29T22:47:25.012Z][0m update#ctor - updates are disabled by the environment
#### MACWS_HID_BYPASS installed SetMatchingMultiple → no-op (1) at 0x18ffd1e8c — skips iOS-format CFBinaryPlist parse inside
####   IOHIDEventSystemClientCacheMatchingServices → IOHIDUnserializeAndVMDealloc → CFPropertyListCreateFromStream
####   that BUS_ADRALNs in the IOMFBServer thread.
#### MACWS_AGX_RENAMER_PATCH: off (set MACWS_AGX_RENAMER_PATCH=1 to enable)
#### MACWS_ASSERT_BYPASS DISABLED (set MACWS_KEEP_ASSERT_BYPASS=1 to restore lazy bypass) — real __assert_rtn now reaches abort
#### MACWS_AGX_NATIVE [ctor] pre-loaded IOGPU via /System/Library/PrivateFrameworks/IOGPU.framework/IOGPU -> 0x3be764c10
#### XPC_BOOTSTRAP: fn=0x18cb89140 dict=0x127805110 (registering Metal/ViewBridge/HIServices)
#### XPC_BOOTSTRAP: called OK
#### COEXIST API SwapEnd hook installed target=0x197a671cc trampoline=0x100660000
#### SkyLight PrepareForUse tolerate-nil hook installed at 0x191e48fc4
#### SkyLight StartCompositeForDisplayStream nil-skip hook installed at 0x191c71d74
#### SkyLight StartComposite(WSCD) tolerate-nil + pop-on-bail hook installed at 0x191c71358
#### SkyLight StartComposite(MTLTex) pop-on-bail hook installed at 0x191c71fb8
#### SkyLight EndCurrentComposite(bool) completion hook installed at 0x191c7053c
#### SkyLight EndUpdate(bool) submission hook installed at 0x191c700b0
#### SkyLight _state_stack pop_back resolved at 0x191c6efa0
#### SkyLight WSCompositeDestinationCreateWithMetalTexture nil-tolerate hook installed at 0x191c7453c
#### SkyLight MetalContext::StopCapture invalid-this guard installed at 0x191c701bc
#### AMFI-POLICY-COMPAT policy=AMFI op=0x60 status=0x4 (iOS task ports are hard-immovable)
#### CSR-POLICY-COMPAT active_config=0x0 (conservative iOS compatibility value)
[87436:0729/154727.300042:ERROR:base/process/process_mac.cc:53] task_policy_set TASK_CATEGORY_POLICY: (os/kern) invalid argument (4)
2026-07-29 15:47:27.306 Code Helper (Renderer)[87436:12402548] XType: Using static font registry.
[87410:0729/154728.155781:ERROR:net/cert/internal/trust_store_mac.cc:773] SecItemCopyMatching error: Error Domain=NSOSStatusErrorDomain Code=-50 "paramErr: error in user parameter list" (-50)
[87415:0729/154729.339040:ERROR:ui/gl/angle_platform_impl.cc:47] mtl_command_buffer.mm:693 (onCommandBufferCompleted): Completed MTLCommandBuffer failed, and error is Internal Error (00000102:Internal Error)
[87410:0729/154731.015067:ERROR:components/os_crypt/common/keychain_password_mac.mm:148] Keychain lookup failed: Error Domain=NSOSStatusErrorDomain Code=-50 "paramErr: error in user parameter list" (-50)
[87415:0729/154732.987955:ERROR:ui/gl/angle_platform_impl.cc:47] mtl_command_buffer.mm:693 (onCommandBufferCompleted): Completed MTLCommandBuffer failed, and error is Internal Error (00000103:Internal Error)
[91m[main 2026-07-29T22:47:35.232Z][0m ProxyResolver#loadSystemCertificates error 206
[87415:0729/154813.981665:ERROR:ui/gl/angle_platform_impl.cc:47] mtl_command_buffer.mm:693 (onCommandBufferCompleted): Completed MTLCommandBuffer failed, and error is Internal Error (00000102:Internal Error)
[90m[main 2026-07-29T22:48:28.316Z][0m Extension host with pid 87442 exited with code: 0, signal: unknown.
