[launchdchrootexec] target=/Applications/Visual Studio Code.app/Contents/MacOS/Electron arch=arm64 insert=/usr/local/lib/libmachook_arm64.dylib
getppid = 1
#### MACWS_HID_BYPASS installed SetMatchingMultiple → no-op (1) at 0x187cede8c — skips iOS-format CFBinaryPlist parse inside
####   IOHIDEventSystemClientCacheMatchingServices → IOHIDUnserializeAndVMDealloc → CFPropertyListCreateFromStream
####   that BUS_ADRALNs in the IOMFBServer thread.
#### MACWS_AGX_RENAMER_PATCH: off (set MACWS_AGX_RENAMER_PATCH=1 to enable)
#### MACWS_ASSERT_BYPASS DISABLED (set MACWS_KEEP_ASSERT_BYPASS=1 to restore lazy bypass) — real __assert_rtn now reaches abort
#### MACWS_AGX_NATIVE [ctor] pre-loaded IOGPU via /System/Library/PrivateFrameworks/IOGPU.framework/IOGPU -> 0x3ae29cc10
#### XPC_BOOTSTRAP: fn=0x1848a5140 dict=0x12a613030 (registering Metal/ViewBridge/HIServices)
#### XPC_BOOTSTRAP: called OK
#### COEXIST API SwapEnd hook installed target=0x18f7831cc trampoline=0x1029e4000
#### SkyLight PrepareForUse tolerate-nil hook installed at 0x189b64fc4
#### SkyLight StartCompositeForDisplayStream nil-skip hook installed at 0x18998dd74
#### SkyLight StartComposite(WSCD) tolerate-nil + pop-on-bail hook installed at 0x18998d358
#### SkyLight StartComposite(MTLTex) pop-on-bail hook installed at 0x18998dfb8
#### SkyLight EndCurrentComposite(bool) completion hook installed at 0x18998c53c
#### SkyLight EndUpdate(bool) submission hook installed at 0x18998c0b0
#### SkyLight _state_stack pop_back resolved at 0x18998afa0
#### SkyLight WSCompositeDestinationCreateWithMetalTexture nil-tolerate hook installed at 0x18999053c
#### SkyLight MetalContext::StopCapture invalid-this guard installed at 0x18998c1bc
#### AMFI-POLICY-COMPAT policy=AMFI op=0x60 status=0x4 (iOS task ports are hard-immovable)
#### CSR-POLICY-COMPAT active_config=0x0 (conservative iOS compatibility value)
#### JIT-MPROTECT range[0]=[0x280000000,0x290000000) source=MAP_JIT-EINVAL
#### JIT-MPROTECT execution barrier installed (W^X fetch-wait compatibility)
#### JIT-MPROTECT range[0]=[0x280000000,0x290000000) source=MAP_JIT-EINVAL
#### JIT-MPROTECT range[0]=[0x280000000,0x290000000) source=MAP_JIT-EINVAL
#### JIT-MPROTECT range[0]=[0x280000000,0x290000000) source=MAP_JIT-EINVAL
#### JIT-MPROTECT range[0]=[0x280000000,0x290000000) source=MAP_JIT-EINVAL
#### JIT-MPROTECT range[0]=[0x280000000,0x290000000) source=MAP_JIT-EINVAL
#### JIT-MPROTECT range[0]=[0x280000000,0x290000000) source=MAP_JIT-EINVAL
#### JIT-MPROTECT range[0]=[0x280000000,0x290000000) source=MAP_JIT-EINVAL
#### JIT-MPROTECT range[0]=[0x170000000,0x180000000) source=MAP_JIT-EINVAL
#### JIT-MPROTECT remap decline #1 dst=0x177dc0000 size=0x208000 src=0x111e24000 requested=0x5 -> V8 copy fallback
#### JIT-MPROTECT flip #1 ranges=1 prot=RW writers=1 exec_waits=0 late_retries=0
#### JIT-MPROTECT flip #2 ranges=1 prot=RX writers=1 exec_waits=0 late_retries=0
#### JIT-MPROTECT flip #3 ranges=1 prot=RW writers=1 exec_waits=0 late_retries=0
#### JIT-MPROTECT flip #4 ranges=1 prot=RX writers=1 exec_waits=1 late_retries=0
#### JIT-MPROTECT flip #5 ranges=1 prot=RW writers=1 exec_waits=1 late_retries=0
#### JIT-MPROTECT flip #6 ranges=1 prot=RX writers=1 exec_waits=2 late_retries=0
#### JIT-MPROTECT flip #7 ranges=1 prot=RW writers=1 exec_waits=2 late_retries=0
#### JIT-MPROTECT flip #8 ranges=1 prot=RX writers=1 exec_waits=3 late_retries=0
#### JIT-MPROTECT flip #9 ranges=1 prot=RW writers=1 exec_waits=3 late_retries=0
#### JIT-MPROTECT flip #10 ranges=1 prot=RX writers=1 exec_waits=4 late_retries=0
#### JIT-MPROTECT flip #11 ranges=1 prot=RW writers=1 exec_waits=4 late_retries=0
#### JIT-MPROTECT flip #12 ranges=1 prot=RX writers=1 exec_waits=5 late_retries=0
#### JIT-MPROTECT flip #13 ranges=1 prot=RW writers=1 exec_waits=5 late_retries=0
#### JIT-MPROTECT flip #14 ranges=1 prot=RX writers=1 exec_waits=6 late_retries=0
#### JIT-MPROTECT flip #15 ranges=1 prot=RW writers=1 exec_waits=6 late_retries=0
#### JIT-MPROTECT flip #16 ranges=1 prot=RX writers=1 exec_waits=7 late_retries=0
#### JIT-MPROTECT flip #17 ranges=1 prot=RW writers=1 exec_waits=7 late_retries=0
#### JIT-MPROTECT flip #18 ranges=1 prot=RX writers=1 exec_waits=8 late_retries=0
#### JIT-MPROTECT flip #19 ranges=1 prot=RW writers=1 exec_waits=8 late_retries=0
#### JIT-MPROTECT flip #20 ranges=1 prot=RX writers=1 exec_waits=9 late_retries=0
#### JIT-MPROTECT flip #21 ranges=1 prot=RW writers=1 exec_waits=9 late_retries=0
#### JIT-MPROTECT flip #22 ranges=1 prot=RX writers=1 exec_waits=10 late_retries=0
#### JIT-MPROTECT flip #23 ranges=1 prot=RW writers=1 exec_waits=10 late_retries=0
#### JIT-MPROTECT flip #24 ranges=1 prot=RX writers=1 exec_waits=11 late_retries=0
#### JIT-MPROTECT flip #25 ranges=1 prot=RW writers=1 exec_waits=11 late_retries=0
#### JIT-MPROTECT flip #26 ranges=1 prot=RX writers=1 exec_waits=12 late_retries=0
#### JIT-MPROTECT flip #27 ranges=1 prot=RW writers=1 exec_waits=12 late_retries=0
#### JIT-MPROTECT flip #28 ranges=1 prot=RX writers=1 exec_waits=13 late_retries=0
#### JIT-MPROTECT flip #29 ranges=1 prot=RW writers=1 exec_waits=13 late_retries=0
#### JIT-MPROTECT flip #30 ranges=1 prot=RX writers=1 exec_waits=14 late_retries=0
#### JIT-MPROTECT flip #31 ranges=1 prot=RW writers=1 exec_waits=14 late_retries=0
#### JIT-MPROTECT flip #32 ranges=1 prot=RX writers=1 exec_waits=15 late_retries=0
#### JIT-MPROTECT flip #1024 ranges=1 prot=RX writers=1 exec_waits=377 late_retries=10
#### MACWS_HID_BYPASS installed SetMatchingMultiple → no-op (1) at 0x187cede8c — skips iOS-format CFBinaryPlist parse inside
####   IOHIDEventSystemClientCacheMatchingServices → IOHIDUnserializeAndVMDealloc → CFPropertyListCreateFromStream
####   that BUS_ADRALNs in the IOMFBServer thread.
#### MACWS_AGX_RENAMER_PATCH: off (set MACWS_AGX_RENAMER_PATCH=1 to enable)
#### MACWS_ASSERT_BYPASS DISABLED (set MACWS_KEEP_ASSERT_BYPASS=1 to restore lazy bypass) — real __assert_rtn now reaches abort
#### MACWS_AGX_NATIVE [ctor] pre-loaded IOGPU via /System/Library/PrivateFrameworks/IOGPU.framework/IOGPU -> 0x3ae29cc10
#### XPC_BOOTSTRAP: fn=0x1848a5140 dict=0x15bf067d0 (registering Metal/ViewBridge/HIServices)
#### XPC_BOOTSTRAP: called OK
#### COEXIST API SwapEnd hook installed target=0x18f7831cc trampoline=0x103b24000
#### SkyLight PrepareForUse tolerate-nil hook installed at 0x189b64fc4
#### SkyLight StartCompositeForDisplayStream nil-skip hook installed at 0x18998dd74
#### SkyLight StartComposite(WSCD) tolerate-nil + pop-on-bail hook installed at 0x18998d358
#### SkyLight StartComposite(MTLTex) pop-on-bail hook installed at 0x18998dfb8
#### SkyLight EndCurrentComposite(bool) completion hook installed at 0x18998c53c
#### SkyLight EndUpdate(bool) submission hook installed at 0x18998c0b0
#### SkyLight _state_stack pop_back resolved at 0x18998afa0
#### SkyLight WSCompositeDestinationCreateWithMetalTexture nil-tolerate hook installed at 0x18999053c
#### SkyLight MetalContext::StopCapture invalid-this guard installed at 0x18998c1bc
[75359:0729/145727.704053:ERROR:third_party/crashpad/crashpad/util/file/file_io.cc:103] ReadExactly: expected 8, observed 0

DevTools listening on ws://127.0.0.1:9222/devtools/browser/e67e6820-9d22-476d-9a02-57d8e465edff
#### tile-encoder forwards: class MTLSimRenderCommandEncoder NOT found
#### NSXPCSharedListener class=0x1e00c3bd8
#### NSXPCSharedListener endpointForReply swizzle installed
#### NSXPCSharedListener connectToService swizzle installed
#### NSXPCSharedListener connectToService intercepted (graceful fail)
#### MACWS_HID_BYPASS installed SetMatchingMultiple → no-op (1) at 0x187cede8c — skips iOS-format CFBinaryPlist parse inside
####   IOHIDEventSystemClientCacheMatchingServices → IOHIDUnserializeAndVMDealloc → CFPropertyListCreateFromStream
####   that BUS_ADRALNs in the IOMFBServer thread.
#### MACWS_AGX_RENAMER_PATCH: off (set MACWS_AGX_RENAMER_PATCH=1 to enable)
#### MACWS_ASSERT_BYPASS DISABLED (set MACWS_KEEP_ASSERT_BYPASS=1 to restore lazy bypass) — real __assert_rtn now reaches abort
#### MACWS_AGX_NATIVE [ctor] pre-loaded IOGPU via /System/Library/PrivateFrameworks/IOGPU.framework/IOGPU -> 0x3ae29cc10
#### XPC_BOOTSTRAP: fn=0x1848a5140 dict=0x14000d460 (registering Metal/ViewBridge/HIServices)
#### XPC_BOOTSTRAP: called OK
#### MACWS_HID_BYPASS installed SetMatchingMultiple → no-op (1) at 0x187cede8c — skips iOS-format CFBinaryPlist parse inside
####   IOHIDEventSystemClientCacheMatchingServices → IOHIDUnserializeAndVMDealloc → CFPropertyListCreateFromStream
####   that BUS_ADRALNs in the IOMFBServer thread.
#### MACWS_AGX_RENAMER_PATCH: off (set MACWS_AGX_RENAMER_PATCH=1 to enable)
#### MACWS_ASSERT_BYPASS DISABLED (set MACWS_KEEP_ASSERT_BYPASS=1 to restore lazy bypass) — real __assert_rtn now reaches abort
#### COEXIST API SwapEnd hook installed target=0x18f7831cc trampoline=0x1028f0000
#### MACWS_AGX_NATIVE [ctor] pre-loaded IOGPU via /System/Library/PrivateFrameworks/IOGPU.framework/IOGPU -> 0x3ae29cc10
#### XPC_BOOTSTRAP: fn=0x1848a5140 dict=0x12f714f90 (registering Metal/ViewBridge/HIServices)
#### XPC_BOOTSTRAP: called OK
#### COEXIST API SwapEnd hook installed target=0x18f7831cc trampoline=0x104120000
#### SkyLight PrepareForUse tolerate-nil hook installed at 0x189b64fc4
#### SkyLight PrepareForUse tolerate-nil hook installed at 0x189b64fc4
#### SkyLight StartCompositeForDisplayStream nil-skip hook installed at 0x18998dd74
#### SkyLight StartCompositeForDisplayStream nil-skip hook installed at 0x18998dd74
#### SkyLight StartComposite(WSCD) tolerate-nil + pop-on-bail hook installed at 0x18998d358
#### SkyLight StartComposite(WSCD) tolerate-nil + pop-on-bail hook installed at 0x18998d358
#### SkyLight StartComposite(MTLTex) pop-on-bail hook installed at 0x18998dfb8
#### SkyLight StartComposite(MTLTex) pop-on-bail hook installed at 0x18998dfb8
#### SkyLight EndCurrentComposite(bool) completion hook installed at 0x18998c53c
#### SkyLight EndCurrentComposite(bool) completion hook installed at 0x18998c53c
#### SkyLight EndUpdate(bool) submission hook installed at 0x18998c0b0
#### SkyLight EndUpdate(bool) submission hook installed at 0x18998c0b0
#### SkyLight _state_stack pop_back resolved at 0x18998afa0
#### SkyLight _state_stack pop_back resolved at 0x18998afa0
#### SkyLight WSCompositeDestinationCreateWithMetalTexture nil-tolerate hook installed at 0x18999053c
#### SkyLight WSCompositeDestinationCreateWithMetalTexture nil-tolerate hook installed at 0x18999053c
#### SkyLight MetalContext::StopCapture invalid-this guard installed at 0x18998c1bc
#### SkyLight MetalContext::StopCapture invalid-this guard installed at 0x18998c1bc
2026-07-29 14:57:27.991 Electron[75359:12316951] id createVolumeObserverSubsystem(NSWorkspaceNotificationCenter *): Failed to create volume observer.
2026-07-29 14:57:27.991 Electron[75359:12316951] id createVolumeObserverSubsystem(NSWorkspaceNotificationCenter *): Failed to create volume observer.
2026-07-29 14:57:27.992 Electron[75359:12316951] id createVolumeObserverSubsystem(NSWorkspaceNotificationCenter *): Failed to create volume observer.
[75359:0729/145727.997130:ERROR:net/cert/internal/trust_store_mac.cc:489] SecKeychainAddCallback failed: Error Domain=NSOSStatusErrorDomain Code=-50 "paramErr: error in user parameter list" (-50)
[75359:0729/145727.997334:ERROR:net/cert/internal/trust_store_mac.cc:489] SecKeychainAddCallback failed: Error Domain=NSOSStatusErrorDomain Code=-50 "paramErr: error in user parameter list" (-50)
Warning: 'remote-debugging-port' is not in the list of known options, but still passed to Electron/Chromium.
Warning: 'remote-allow-origins' is not in the list of known options, but still passed to Electron/Chromium.
Warning: 'use-angle' is not in the list of known options, but still passed to Electron/Chromium.
Warning: 'ignore-gpu-blocklist' is not in the list of known options, but still passed to Electron/Chromium.
Warning: 'disable-features' is not in the list of known options, but still passed to Electron/Chromium.
2026-07-29 14:57:28.103 Electron[75359:12316951] XType: Using static font registry.
#### AMFI-POLICY-COMPAT policy=AMFI op=0x60 status=0x4 (iOS task ports are hard-immovable)
#### AMFI-POLICY-COMPAT policy=AMFI op=0x60 status=0x4 (iOS task ports are hard-immovable)
#### CSR-POLICY-COMPAT active_config=0x0 (conservative iOS compatibility value)
#### CSR-POLICY-COMPAT active_config=0x0 (conservative iOS compatibility value)
[75398:0729/145728.238166:ERROR:base/process/process_mac.cc:53] task_policy_set TASK_CATEGORY_POLICY: (os/kern) invalid argument (4)
[75399:0729/145728.238179:ERROR:base/process/process_mac.cc:53] task_policy_set TASK_CATEGORY_POLICY: (os/kern) invalid argument (4)
#### JIT-MPROTECT flip #2048 ranges=1 prot=RX writers=1 exec_waits=660 late_retries=19
#### JIT-MPROTECT flip #3072 ranges=1 prot=RX writers=1 exec_waits=1026 late_retries=25
[90m[main 2026-07-29T21:57:28.470Z][0m StorageMainService: creating application shared storage
#### MACWS_AGX_NATIVE pre-loaded IOGPU via /System/Library/PrivateFrameworks/IOGPU.framework/IOGPU -> 0x3ae29cc10
#### MACWS_AGX_NATIVE dlsym(IOGPUResourceCreate) = 0x1a18b60a0
#### MACWS_AGX_NATIVE dlsym(IOGPUMetalCommonResourceCreate) = 0x0
#### MACWS_AGX_NATIVE dlsym(IOGPUDeviceCreateWithAPIProperty) = 0x1a18b40fc
#### MACWS_AGX_NATIVE dlsym(_IOGPUMetalAllocateResource) = 0x0
#### MACWS_AGX_NATIVE dlsym(IOGPUMetalAllocateResource) = 0x0
#### MACWS_AGX_OBJC_AUTDA_PATCH msgSendSuper2=0x1847c5e00 code=0x1847c5e00 autda@0x1847c5e10 insn=0xdac11a30
####   PATCHED autda x16,x17 → xpacd x16 (0xdac11a30 → 0xdac147f0)
#### MACWS_AGX_SEL_DIAG super-init SEL static=0x1cffc6f26 slid=0x1d4726f26 readable=1
####   bytes="initWithDevice:descriptor:iosurface:plane:field:args:argsSize:"
####   sel_registerName(...) = 0x1d4726f26 name="initWithDevice:descriptor:iosurface:plane:field:args:argsSize:"
####   objc_getClass(IOGPUMetalTexture) = 0x1dfd48fb0
####   IOGPUMetalTexture method count = 62
####     - initWithBuffer:descriptor:offset:bytesPerRow:
####     - initWithBuffer:descriptor:sysMemOffset:sysMemRowBytes:vidMemSize:vidMemRowBytes:args:argsSize:
####     - initWithBuffer:descriptor:sysMemOffset:sysMemRowBytes:vidMemSize:vidMemRowBytes:args:argsSize:isStrideTexture:
####     - initWithDevice:descriptor:iosurface:plane:field:args:argsSize:
####     - initWithDevice:descriptor:sysMemSize:sysMemRowBytes:vidMemSize:vidMemRowBytes:args:argsSize:
####     - initWithDevice:remoteStorageTexture:args:argsSize:
####     - initWithHeap:resource:offset:length:device:descriptor:
####     - initWithTexture:pixelFormat:
####     - initWithTexture:pixelFormat:textureType:levels:slices:
####     - initWithTexture:pixelFormat:textureType:levels:slices:swizzle:
####     - initWithTextureInternal:pixelFormat:textureType:levels:slices:swizzle:compressedView:
####     - initWithPrimaryBuffer:heapIndex:bufferIndex:bufferOffset:length:descriptor:sysMemRowBytes:vidMemSize:vidMemRowBytes:args:argsSize:
####   AGXTexture super class = 0x0 ((nil))
####   super responds to "initWithDevice:desc:iosurface:plane:" = 0 (Method=0x0)
####   super responds to "initWithDevice:descriptor:iosurface:plane:" = 0 (Method=0x0)
####   super responds to "initWithDevice:descriptor:iosurface:plane:field:args:argsSize:" = 0 (Method=0x0)
####   super responds to "initImplWithDevice:Descriptor:iosurface:plane:buffer:bytesPerRow:allowNPOT:sparsePageSize:isCompressedIOSurface:isHeapBacked:" = 0 (Method=0x0)
#### MACWS_AGX_STUB_FIX objc_msgSendSuper2
####   stub@0x1ea1bdfc0 insns=[d01cf7f1 9132a231 f9400230 d71f0a11]
####   slot@0x2240bbca8 value=0x1847c5e00 sym=objc_msgSendSuper2 base=0x1847bc000 path=/usr/lib/libobjc.A.dylib
####   PATCHED → br 0x1847c5e00 (movz/movk/movk/br)
####   new=[d28bc010 f2b08f90 f2c00030 d61f0200]
#### MACWS_AGX_NATIVE objc_getClass(AGXBuffer) = 0x0
#### MACWS_AGX_NATIVE __objc_classlist: 52 entries
####   classlist[0] = 0x2215b26b8 name=AGXBuffer registered=0x0
####   classlist[1] = 0x2215b22f8 name=AGXG13GFamilyBinaryArchive registered=0x0
####   classlist[2] = 0x2215b2168 name=AGXG13GFamilyBlitContext registered=0x0
####   classlist[3] = 0x2215b17e0 name=AGXG13GFamilyResourceStateContext registered=0x0
####   classlist[4] = 0x2215b1fd8 name=AGXG13GFamilyBuffer registered=0x0
####   classlist[5] = 0x2215b1830 name=AGXG13GFamilyCommandBuffer registered=0x0
#### MACWS_AGX_NATIVE objc_duplicateClass=0x1847ebcb8
#### MACWS_AGX_NATIVE imageinfo=0x21bd1ca58 sz=8
#### PREREGISTER image[626] AGXMetal13_3: 52/52 realized
#### PREREGISTER image[627] GPURawCounter: 6/6 realized
#### MACWS_AGX_NATIVE register pass 0: 0 new (total 58)
#### MACWS_AGX_NATIVE realized 58/52 classes
#### MACWS_AGX_NATIVE AGXBuffer after register: 0x2215b26b8
#### MACWS_AGX_NATIVE [AGXBuffer alloc] = 0x600211680
#### MACWS_AGX_NATIVE swizzled initWithDevice:length:alignment:options:isSuballocDisabled:resourceInArgs:pinnedGPULocation:
####   sect[0] __DATA_CONST,__got type=0 entries=97 indirect_start=228 auth=0
####   sect[7] __AUTH_CONST,__auth_got type=0 entries=230 indirect_start=325 auth=1
#### MACWS_AGX_NATIVE dlopen AGXMetal13_3 OK h=0x3ae2fb950
#### MACWS_AGX_NATIVE +[NSBundle bundleWithPath:AGXMetal13_3.bundle] = 0x6001218c0 id=com.apple.AGXMetal13-3
#### MACWS_AGX_NATIVE bundle loadAndReturnError: 1 (err=nil) loaded=1
#### MACWS_AGX_NATIVE bundle pathForResource:ds.g13g = /System/Library/Extensions/AGXMetal13_3.bundle/Contents/Resources/ds.g13g
#### MACWS_AGX_NATIVE getMetalPluginClassForService: returning class AGXG13GFamilyDevice = 0x2215b20f0
#### MACWS-NEW-EVENT adapter installed deviceClass=AGXG13GFamilyDevice owner=IOGPUMetalDevice orig=0x1a18a9ef4 added=1
#### MACWS_AGX_NATIVE class_addMethod(AGXG13GFamilyDevice, initWithAcceleratorPort:) = 1
#### MACWS_AGX_NATIVE tile-pipeline probe wrapped AGXG13GFamilyDevice (orig=0x1e9e955e4)
#### MACWS_AGX_NATIVE tile-pipeline probe: 1 class(es) wrapped
#### MACWS_AGX_NATIVE nil-guard wrapped setFragmentTexture:atIndex: on AGXG13GFamilyRenderContext (orig=0x1e9e489e0)
#### MACWS_AGX_NATIVE nil-guard: class AGXG13GRenderContext NOT registered
#### MACWS_AGX_NATIVE nil-guard: class AGXRenderContext NOT registered
#### MACWS_AGX_NATIVE nil-guard: class AGXG13GComputeContext NOT registered
#### MACWS_AGX_NATIVE nil-guard setFragmentTexture:atIndex:: 1 class(es) wrapped
#### MACWS_AGX_NATIVE nil-guard wrapped setVertexTexture:atIndex: on AGXG13GFamilyRenderContext (orig=0x1e9e4f5e8)
#### MACWS_AGX_NATIVE nil-guard: class AGXG13GRenderContext NOT registered
#### MACWS_AGX_NATIVE nil-guard: class AGXRenderContext NOT registered
#### MACWS_AGX_NATIVE nil-guard: class AGXG13GComputeContext NOT registered
#### MACWS_AGX_NATIVE nil-guard setVertexTexture:atIndex:: 1 class(es) wrapped
#### MACWS_AGX_NATIVE swizzled AGXG13GFamilyDevice newTextureWithDescriptor:iosurface:plane:
#### MACWS_AGX_NATIVE swizzled AGXG13GFamilyDevice newTextureWithDescriptor:
#### MACWS_AGX_NATIVE swizzled -[AGXBuffer initWithDevice:bytes:length:options:deallocator:pinnedGPUAddress:]
#### MACWS_AGX_NATIVE noop'd alertCommandBufferActivityStart
#### MACWS_AGX_NATIVE noop'd alertCommandBufferActivityComplete
#### MACWS_AGX_NATIVE redirecting AGXG13GFamilyDevice init(port=15631) → 2-arg variant
#### debugbydcmmc IOServiceOpen agx connect=13315 type=0x100001 (requested=0x100005)
#### MACWS_AGX_NATIVE setupCompiler:0x30010 fired (Device=0x6001d2000)
#### tile-encoder forwards: class MTLSimRenderCommandEncoder NOT found
#### NSXPCSharedListener class=0x1e00c3bd8
#### NSXPCSharedListener endpointForReply swizzle installed
#### NSXPCSharedListener connectToService swizzle installed
#### JIT-MPROTECT flip #4096 ranges=1 prot=RX writers=1 exec_waits=1354 late_retries=32
#### MACWS_HID_BYPASS installed SetMatchingMultiple → no-op (1) at 0x187cede8c — skips iOS-format CFBinaryPlist parse inside
####   IOHIDEventSystemClientCacheMatchingServices → IOHIDUnserializeAndVMDealloc → CFPropertyListCreateFromStream
####   that BUS_ADRALNs in the IOMFBServer thread.
#### MACWS_AGX_RENAMER_PATCH: off (set MACWS_AGX_RENAMER_PATCH=1 to enable)
#### MACWS_ASSERT_BYPASS DISABLED (set MACWS_KEEP_ASSERT_BYPASS=1 to restore lazy bypass) — real __assert_rtn now reaches abort
#### MACWS_AGX_NATIVE [ctor] pre-loaded IOGPU via /System/Library/PrivateFrameworks/IOGPU.framework/IOGPU -> 0x3ae29cc10
#### XPC_BOOTSTRAP: fn=0x1848a5140 dict=0x13f104ca0 (registering Metal/ViewBridge/HIServices)
#### XPC_BOOTSTRAP: called OK
#### COEXIST API SwapEnd hook installed target=0x18f7831cc trampoline=0x1046f8000
#### SkyLight PrepareForUse tolerate-nil hook installed at 0x189b64fc4
#### SkyLight StartCompositeForDisplayStream nil-skip hook installed at 0x18998dd74
#### SkyLight StartComposite(WSCD) tolerate-nil + pop-on-bail hook installed at 0x18998d358
#### SkyLight StartComposite(MTLTex) pop-on-bail hook installed at 0x18998dfb8
#### SkyLight EndCurrentComposite(bool) completion hook installed at 0x18998c53c
#### SkyLight EndUpdate(bool) submission hook installed at 0x18998c0b0
#### SkyLight _state_stack pop_back resolved at 0x18998afa0
#### SkyLight WSCompositeDestinationCreateWithMetalTexture nil-tolerate hook installed at 0x18999053c
#### SkyLight MetalContext::StopCapture invalid-this guard installed at 0x18998c1bc
#### AMFI-POLICY-COMPAT policy=AMFI op=0x60 status=0x4 (iOS task ports are hard-immovable)
#### CSR-POLICY-COMPAT active_config=0x0 (conservative iOS compatibility value)
[75402:0729/145729.712281:ERROR:base/process/process_mac.cc:53] task_policy_set TASK_CATEGORY_POLICY: (os/kern) invalid argument (4)
2026-07-29 14:57:29.718 Code Helper (Renderer)[75402:12317151] XType: Using static font registry.
#### JIT-MPROTECT range[0]=[0x280000000,0x290000000) source=MAP_JIT-EINVAL
#### JIT-MPROTECT execution barrier installed (W^X fetch-wait compatibility)
#### JIT-MPROTECT range[0]=[0x280000000,0x290000000) source=MAP_JIT-EINVAL
#### JIT-MPROTECT range[0]=[0x280000000,0x290000000) source=MAP_JIT-EINVAL
#### JIT-MPROTECT range[0]=[0x280000000,0x290000000) source=MAP_JIT-EINVAL
#### JIT-MPROTECT range[0]=[0x280000000,0x290000000) source=MAP_JIT-EINVAL
#### JIT-MPROTECT range[0]=[0x280000000,0x290000000) source=MAP_JIT-EINVAL
#### JIT-MPROTECT range[0]=[0x280000000,0x290000000) source=MAP_JIT-EINVAL
#### JIT-MPROTECT range[0]=[0x280000000,0x290000000) source=MAP_JIT-EINVAL
#### JIT-MPROTECT range[0]=[0x170000000,0x180000000) source=MAP_JIT-EINVAL
#### JIT-MPROTECT remap decline #1 dst=0x177dc0000 size=0x208000 src=0x113918000 requested=0x5 -> V8 copy fallback
#### JIT-MPROTECT flip #1 ranges=1 prot=RW writers=1 exec_waits=0 late_retries=0
#### JIT-MPROTECT flip #2 ranges=1 prot=RX writers=1 exec_waits=0 late_retries=0
[90m[main 2026-07-29T21:57:30.112Z][0m [shared storage] Creating shared storage database at '/Users/root/.vscode-shared/sharedStorage/state.vscdb' (wasCreated: false)
[90m[main 2026-07-29T21:57:30.117Z][0m [shared storage] Initializing fallback application storage (path: /tmp/macws-vscode-profile-agx-native-targetfix12/User/globalStorage/state.vscdb)
2026-07-29 14:57:30.178 Electron[75359:12317003] Connection Invalid error for service com.apple.hiservices-xpcservice.
2026-07-29 14:57:30.178 Electron[75359:12316951] Error received in message reply handler: Connection invalid
[90m[main 2026-07-29T21:57:31.421Z][0m [shared storage] Fallback application storage initialized with 80 items
#### JIT-MPROTECT flip #3 ranges=1 prot=RW writers=1 exec_waits=0 late_retries=0
#### JIT-MPROTECT flip #4 ranges=1 prot=RX writers=1 exec_waits=1 late_retries=0
#### JIT-MPROTECT flip #5 ranges=1 prot=RW writers=1 exec_waits=1 late_retries=0
#### JIT-MPROTECT flip #6 ranges=1 prot=RX writers=1 exec_waits=2 late_retries=0
#### JIT-MPROTECT flip #7 ranges=1 prot=RW writers=1 exec_waits=2 late_retries=0
#### JIT-MPROTECT flip #8 ranges=1 prot=RX writers=1 exec_waits=3 late_retries=0
#### JIT-MPROTECT flip #9 ranges=1 prot=RW writers=1 exec_waits=3 late_retries=0
#### JIT-MPROTECT flip #10 ranges=1 prot=RX writers=1 exec_waits=3 late_retries=0
#### JIT-MPROTECT flip #11 ranges=1 prot=RW writers=1 exec_waits=3 late_retries=0
#### JIT-MPROTECT flip #12 ranges=1 prot=RX writers=1 exec_waits=4 late_retries=0
#### JIT-MPROTECT flip #13 ranges=1 prot=RW writers=1 exec_waits=4 late_retries=0
#### JIT-MPROTECT flip #14 ranges=1 prot=RX writers=1 exec_waits=5 late_retries=0
#### JIT-MPROTECT flip #15 ranges=1 prot=RW writers=1 exec_waits=5 late_retries=0
#### JIT-MPROTECT flip #16 ranges=1 prot=RX writers=1 exec_waits=5 late_retries=0
#### JIT-MPROTECT flip #17 ranges=1 prot=RW writers=1 exec_waits=5 late_retries=0
#### JIT-MPROTECT flip #18 ranges=1 prot=RX writers=1 exec_waits=6 late_retries=0
#### JIT-MPROTECT flip #19 ranges=1 prot=RW writers=1 exec_waits=6 late_retries=0
#### JIT-MPROTECT flip #20 ranges=1 prot=RX writers=1 exec_waits=7 late_retries=0
#### JIT-MPROTECT flip #21 ranges=1 prot=RW writers=1 exec_waits=7 late_retries=0
#### JIT-MPROTECT flip #22 ranges=1 prot=RX writers=1 exec_waits=8 late_retries=0
#### JIT-MPROTECT flip #23 ranges=1 prot=RW writers=1 exec_waits=8 late_retries=0
#### JIT-MPROTECT flip #24 ranges=1 prot=RX writers=1 exec_waits=9 late_retries=0
#### JIT-MPROTECT flip #25 ranges=1 prot=RW writers=1 exec_waits=9 late_retries=0
#### JIT-MPROTECT flip #26 ranges=1 prot=RX writers=1 exec_waits=10 late_retries=0
#### JIT-MPROTECT flip #27 ranges=1 prot=RW writers=1 exec_waits=10 late_retries=0
#### JIT-MPROTECT flip #28 ranges=1 prot=RX writers=1 exec_waits=11 late_retries=0
#### JIT-MPROTECT flip #29 ranges=1 prot=RW writers=1 exec_waits=11 late_retries=0
#### JIT-MPROTECT flip #30 ranges=1 prot=RX writers=1 exec_waits=12 late_retries=0
#### JIT-MPROTECT flip #31 ranges=1 prot=RW writers=1 exec_waits=12 late_retries=0
#### JIT-MPROTECT flip #32 ranges=1 prot=RX writers=1 exec_waits=12 late_retries=0
[91m[main 2026-07-29T21:57:31.440Z][0m Unable to resolve your shell environment: Unexpected exit code from spawned shell (code null, signal SIGABRT)
[90m[main 2026-07-29T21:57:31.442Z][0m update#setState disabled
[90m[main 2026-07-29T21:57:31.442Z][0m update#ctor - updates are disabled by the environment
#### JIT-MPROTECT flip #5120 ranges=1 prot=RX writers=1 exec_waits=1573 late_retries=44
#### JIT-MPROTECT flip #1024 ranges=1 prot=RX writers=1 exec_waits=164 late_retries=1
#### JIT-MPROTECT flip #2048 ranges=1 prot=RX writers=1 exec_waits=616 late_retries=2
#### JIT-MPROTECT flip #3072 ranges=1 prot=RX writers=1 exec_waits=921 late_retries=14
#### JIT-MPROTECT flip #4096 ranges=1 prot=RX writers=1 exec_waits=1300 late_retries=22
#### JIT-MPROTECT flip #5120 ranges=1 prot=RX writers=1 exec_waits=1684 late_retries=30
#### JIT-MPROTECT flip #6144 ranges=1 prot=RX writers=1 exec_waits=2060 late_retries=41
#### JIT-MPROTECT flip #7168 ranges=1 prot=RX writers=1 exec_waits=2435 late_retries=49
#### JIT-MPROTECT flip #8192 ranges=1 prot=RX writers=1 exec_waits=2815 late_retries=55
#### JIT-MPROTECT flip #9216 ranges=1 prot=RX writers=1 exec_waits=3192 late_retries=57
#### JIT-MPROTECT flip #10240 ranges=1 prot=RX writers=1 exec_waits=3593 late_retries=62
[91m[main 2026-07-29T21:57:33.094Z][0m ptyHost was unable to resolve shell environment Error: Unable to resolve your shell environment: Unexpected exit code from spawned shell (code null, signal SIGABRT)
    at file:///Applications/Visual%20Studio%20Code.app/Contents/Resources/app/out/main.js:474:34475
    at async file:///Applications/Visual%20Studio%20Code.app/Contents/Resources/app/out/main.js:434:92057
#### JIT-MPROTECT flip #11264 ranges=1 prot=RX writers=1 exec_waits=3948 late_retries=71
#### JIT-MPROTECT flip #12288 ranges=1 prot=RX writers=1 exec_waits=4324 late_retries=75
#### JIT-MPROTECT flip #6144 ranges=1 prot=RX writers=1 exec_waits=1816 late_retries=48
#### MACWS_HID_BYPASS installed SetMatchingMultiple → no-op (1) at 0x187cede8c — skips iOS-format CFBinaryPlist parse inside
####   IOHIDEventSystemClientCacheMatchingServices → IOHIDUnserializeAndVMDealloc → CFPropertyListCreateFromStream
####   that BUS_ADRALNs in the IOMFBServer thread.
#### MACWS_AGX_RENAMER_PATCH: off (set MACWS_AGX_RENAMER_PATCH=1 to enable)
#### MACWS_ASSERT_BYPASS DISABLED (set MACWS_KEEP_ASSERT_BYPASS=1 to restore lazy bypass) — real __assert_rtn now reaches abort
#### MACWS_AGX_NATIVE [ctor] pre-loaded IOGPU via /System/Library/PrivateFrameworks/IOGPU.framework/IOGPU -> 0x3ae29cc10
#### XPC_BOOTSTRAP: fn=0x1848a5140 dict=0x1368066d0 (registering Metal/ViewBridge/HIServices)
#### XPC_BOOTSTRAP: called OK
#### COEXIST API SwapEnd hook installed target=0x18f7831cc trampoline=0x102220000
#### SkyLight PrepareForUse tolerate-nil hook installed at 0x189b64fc4
#### SkyLight StartCompositeForDisplayStream nil-skip hook installed at 0x18998dd74
#### SkyLight StartComposite(WSCD) tolerate-nil + pop-on-bail hook installed at 0x18998d358
#### SkyLight StartComposite(MTLTex) pop-on-bail hook installed at 0x18998dfb8
#### SkyLight EndCurrentComposite(bool) completion hook installed at 0x18998c53c
#### SkyLight EndUpdate(bool) submission hook installed at 0x18998c0b0
#### SkyLight _state_stack pop_back resolved at 0x18998afa0
#### SkyLight WSCompositeDestinationCreateWithMetalTexture nil-tolerate hook installed at 0x18999053c
#### SkyLight MetalContext::StopCapture invalid-this guard installed at 0x18998c1bc
#### JIT-MPROTECT flip #13312 ranges=1 prot=RX writers=1 exec_waits=4576 late_retries=83
[91m[main 2026-07-29T21:57:33.855Z][0m AgentHostStarter was unable to resolve shell environment Error: Unable to resolve your shell environment: Unexpected exit code from spawned shell (code null, signal SIGABRT)
    at file:///Applications/Visual%20Studio%20Code.app/Contents/Resources/app/out/main.js:474:34475
    at async file:///Applications/Visual%20Studio%20Code.app/Contents/Resources/app/out/main.js:434:92057
[90m[main 2026-07-29T21:57:33.858Z][0m AgentHostProcessManager: agent host started
#### JIT-MPROTECT flip #14336 ranges=1 prot=RX writers=1 exec_waits=4940 late_retries=91
#### AMFI-POLICY-COMPAT policy=AMFI op=0x60 status=0x4 (iOS task ports are hard-immovable)
#### CSR-POLICY-COMPAT active_config=0x0 (conservative iOS compatibility value)
[75426:0729/145734.150371:ERROR:base/process/process_mac.cc:53] task_policy_set TASK_CATEGORY_POLICY: (os/kern) invalid argument (4)
2026-07-29 14:57:34.156 Code Helper (Renderer)[75426:12317388] XType: Using static font registry.
#### JIT-MPROTECT range[0]=[0x280000000,0x290000000) source=MAP_JIT-EINVAL
#### JIT-MPROTECT execution barrier installed (W^X fetch-wait compatibility)
#### JIT-MPROTECT range[0]=[0x280000000,0x290000000) source=MAP_JIT-EINVAL
#### JIT-MPROTECT range[0]=[0x280000000,0x290000000) source=MAP_JIT-EINVAL
#### JIT-MPROTECT range[0]=[0x280000000,0x290000000) source=MAP_JIT-EINVAL
#### JIT-MPROTECT range[0]=[0x280000000,0x290000000) source=MAP_JIT-EINVAL
#### JIT-MPROTECT range[0]=[0x280000000,0x290000000) source=MAP_JIT-EINVAL
#### JIT-MPROTECT range[0]=[0x280000000,0x290000000) source=MAP_JIT-EINVAL
#### JIT-MPROTECT range[0]=[0x280000000,0x290000000) source=MAP_JIT-EINVAL
#### JIT-MPROTECT range[0]=[0x170000000,0x180000000) source=MAP_JIT-EINVAL
#### JIT-MPROTECT remap decline #1 dst=0x177dc0000 size=0x208000 src=0x10ff08000 requested=0x5 -> V8 copy fallback
#### JIT-MPROTECT flip #1 ranges=1 prot=RW writers=1 exec_waits=0 late_retries=0
#### JIT-MPROTECT flip #2 ranges=1 prot=RX writers=1 exec_waits=0 late_retries=0
[91m[main 2026-07-29T21:57:34.452Z][0m [AgentHost:stderr] #### MACWS_HID_BYPASS installed SetMatchingMultiple → no-op (1) at 0x187cede8c — skips iOS-format CFBinaryPlist parse inside
####   IOHIDEventSystemClientCacheMatchingServices → IOHIDUnserializeAndVMDealloc → CFPropertyListCreateFromStream
####   that BUS_ADRALNs in the IOMFBServer thread.
#### MACWS_AGX_RENAMER_PATCH: off (set MACWS_AGX_RENAMER_PATCH=1 to enable)
#### MACWS_ASSERT_BYPASS DISABLED (set MACWS_KEEP_ASSERT_BYPASS=1 to restore lazy bypass) — real __assert_rtn now reaches abort
#### MACWS_AGX_NATIVE [ctor] pre-loaded IOGPU via /System/Library/PrivateFrameworks/IOGPU.framework/IOGPU -> 0x3ae29cc10
#### XPC_BOOTSTRAP: fn=0x1848a5140 dict=0x13570b710 (registering Metal/ViewBridge/HIServices)
#### XPC_BOOTSTRAP: called OK
#### COEXIST API SwapEnd hook installed target=0x18f7831cc trampoline=0x10298c000
#### SkyLight PrepareForUse tolerate-nil hook installed at 0x189b64fc4
#### SkyLight StartCompositeForDisplayStream nil-skip hook installed at 0x18998dd74
#### SkyLight StartComposite(WSCD) tolerate-nil + pop-on-bail hook installed at 0x18998d358
#### SkyLight StartComposite(MTLTex) pop-on-bail hook installed at 0x18998dfb8
#### SkyLight EndCurrentComposite(bool) completion hook installed at 0x18998c53c
#### SkyLight EndUpdate(bool) submission hook installed at 0x18998c0b0
#### SkyLight _state_stack pop_back resolved at 0x18998afa0
#### SkyLight WSCompositeDestinationCreateWithMetalTexture nil-tolerate hook installed at 0x18999053c
#### SkyLight MetalContext::StopCapture invalid-this guard installed at 0x18998c1bc

[75359:0729/145734.471315:ERROR:net/cert/internal/trust_store_mac.cc:773] SecItemCopyMatching error: Error Domain=NSOSStatusErrorDomain Code=-50 "paramErr: error in user parameter list" (-50)
#### JIT-MPROTECT flip #15360 ranges=1 prot=RX writers=1 exec_waits=5241 late_retries=101
#### JIT-MPROTECT flip #16384 ranges=1 prot=RX writers=1 exec_waits=5575 late_retries=106
#### JIT-MPROTECT flip #17408 ranges=1 prot=RX writers=1 exec_waits=5832 late_retries=118
[91m[main 2026-07-29T21:57:35.068Z][0m [AgentHost:stderr] #### AMFI-POLICY-COMPAT policy=AMFI op=0x60 status=0x4 (iOS task ports are hard-immovable)
#### CSR-POLICY-COMPAT active_config=0x0 (conservative iOS compatibility value)
[75434:0729/145735.039434:ERROR:base/process/process_mac.cc:53] task_policy_set TASK_CATEGORY_POLICY: (os/kern) invalid argument (4)
#### JIT-MPROTECT range[0]=[0x280000000,0x290000000) source=MAP_JIT-EINVAL
#### JIT-MPROTECT execution barrier installed (W^X fetch-wait compatibility)
#### JIT-MPROTECT range[0]=[0x280000000,0x290000000) source=MAP_JIT-EINVAL
#### JIT-MPROTECT range[0]=[0x280000000,0x290000000) source=MAP_JIT-EINVAL
#### JIT-MPROTECT range[0]=[0x280000000,0x290000000) source=MAP_JIT-EINVAL
#### JIT-MPROTECT range[0]=[0x280000000,0x290000000) source=MAP_JIT-EINVAL
#### JIT-MPROTECT range[0]=[0x280000000,0x290000000) source=MAP_JIT-EINVAL
#### JIT-MPROTECT range[0]=[0x280000000,0x290000000) source=MAP_JIT-EINVAL
#### JIT-MPROTECT range[0]=[0x280000000,0x290000000) source=MAP_JIT-EINVAL
#### JIT-MPROTECT range[0]=[0x170000000,0x180000000) source=MAP_JIT-EINVAL
#### JIT-MPROTECT remap decline #1 dst=0x177dc0000 size=0x208000 src=0x111e90000 requested=0x5 -> V8 copy fallback
#### JIT-MPROTECT flip #1 ranges=1 prot=RW writers=1 exec_waits=0 late_retries=0
#### JIT-MPROTECT flip #2 ranges=1 prot=RX writers=1 exec_waits=0 late_retries=0

#### JIT-MPROTECT flip #3 ranges=1 prot=RW writers=1 exec_waits=0 late_retries=0
#### JIT-MPROTECT flip #4 ranges=1 prot=RX writers=1 exec_waits=0 late_retries=0
#### JIT-MPROTECT flip #5 ranges=1 prot=RW writers=1 exec_waits=0 late_retries=0
#### JIT-MPROTECT flip #6 ranges=1 prot=RX writers=1 exec_waits=0 late_retries=0
#### JIT-MPROTECT flip #7 ranges=1 prot=RW writers=1 exec_waits=1 late_retries=0
#### JIT-MPROTECT flip #8 ranges=1 prot=RX writers=1 exec_waits=1 late_retries=0
#### JIT-MPROTECT flip #9 ranges=1 prot=RW writers=1 exec_waits=1 late_retries=0
#### JIT-MPROTECT flip #10 ranges=1 prot=RX writers=1 exec_waits=2 late_retries=0
#### JIT-MPROTECT flip #11 ranges=1 prot=RW writers=1 exec_waits=2 late_retries=0
#### JIT-MPROTECT flip #12 ranges=1 prot=RX writers=1 exec_waits=3 late_retries=0
#### JIT-MPROTECT flip #13 ranges=1 prot=RW writers=1 exec_waits=3 late_retries=0
#### JIT-MPROTECT flip #14 ranges=1 prot=RX writers=1 exec_waits=4 late_retries=0
#### JIT-MPROTECT flip #15 ranges=1 prot=RW writers=1 exec_waits=4 late_retries=0
#### JIT-MPROTECT flip #16 ranges=1 prot=RX writers=1 exec_waits=5 late_retries=0
#### JIT-MPROTECT flip #17 ranges=1 prot=RW writers=1 exec_waits=5 late_retries=0
#### JIT-MPROTECT flip #18 ranges=1 prot=RX writers=1 exec_waits=6 late_retries=0
#### JIT-MPROTECT flip #19 ranges=1 prot=RW writers=1 exec_waits=6 late_retries=0
#### JIT-MPROTECT flip #20 ranges=1 prot=RX writers=1 exec_waits=7 late_retries=0
#### JIT-MPROTECT flip #21 ranges=1 prot=RW writers=1 exec_waits=7 late_retries=0
#### JIT-MPROTECT flip #22 ranges=1 prot=RX writers=1 exec_waits=8 late_retries=0
#### JIT-MPROTECT flip #23 ranges=1 prot=RW writers=1 exec_waits=8 late_retries=0
#### JIT-MPROTECT flip #24 ranges=1 prot=RX writers=1 exec_waits=9 late_retries=0
#### JIT-MPROTECT flip #25 ranges=1 prot=RW writers=1 exec_waits=9 late_retries=0
#### JIT-MPROTECT flip #26 ranges=1 prot=RX writers=1 exec_waits=10 late_retries=0
#### JIT-MPROTECT flip #27 ranges=1 prot=RW writers=1 exec_waits=10 late_retries=0
#### JIT-MPROTECT flip #28 ranges=1 prot=RX writers=1 exec_waits=11 late_retries=0
#### JIT-MPROTECT flip #29 ranges=1 prot=RW writers=1 exec_waits=11 late_retries=0
#### JIT-MPROTECT flip #30 ranges=1 prot=RX writers=1 exec_waits=12 late_retries=0
#### JIT-MPROTECT flip #31 ranges=1 prot=RW writers=1 exec_waits=12 late_retries=0
#### JIT-MPROTECT flip #32 ranges=1 prot=RX writers=1 exec_waits=13 late_retries=0
#### JIT-MPROTECT flip #7168 ranges=1 prot=RX writers=1 exec_waits=2021 late_retries=54
#### JIT-MPROTECT flip #18432 ranges=1 prot=RX writers=1 exec_waits=5999 late_retries=129
[91m[main 2026-07-29T21:57:35.121Z][0m [AgentHost:stderr] #### JIT-MPROTECT flip #3 ranges=1 prot=RW writers=1 exec_waits=0 late_retries=0
#### JIT-MPROTECT flip #4 ranges=1 prot=RX writers=1 exec_waits=0 late_retries=0
#### JIT-MPROTECT flip #5 ranges=1 prot=RW writers=1 exec_waits=0 late_retries=0
#### JIT-MPROTECT flip #6 ranges=1 prot=RX writers=1 exec_waits=0 late_retries=0
#### JIT-MPROTECT flip #7 ranges=1 prot=RW writers=1 exec_waits=0 late_retries=0
#### JIT-MPROTECT flip #8 ranges=1 prot=RX writers=1 exec_waits=0 late_retries=0
#### JIT-MPROTECT flip #9 ranges=1 prot=RW writers=1 exec_waits=0 late_retries=0
#### JIT-MPROTECT flip #10 ranges=1 prot=RX writers=1 exec_waits=0 late_retries=0
#### JIT-MPROTECT flip #11 ranges=1 prot=RW writers=1 exec_waits=0 late_retries=0
#### JIT-MPROTECT flip #12 ranges=1 prot=RX writers=1 exec_waits=0 late_retries=0
#### JIT-MPROTECT flip #13 ranges=1 prot=RW writers=1 exec_waits=0 late_retries=0
#### JIT-MPROTECT flip #14 ranges=1 prot=RX writers=1 exec_waits=0 late_retries=0

[91m[main 2026-07-29T21:57:35.123Z][0m ptyHost was unable to resolve shell environment Error: Unable to resolve your shell environment: Unexpected exit code from spawned shell (code null, signal SIGABRT)
    at file:///Applications/Visual%20Studio%20Code.app/Contents/Resources/app/out/main.js:474:34475
    at async file:///Applications/Visual%20Studio%20Code.app/Contents/Resources/app/out/main.js:434:92057
[91m[main 2026-07-29T21:57:35.135Z][0m [AgentHost:stderr] #### JIT-MPROTECT flip #15 ranges=1 prot=RW writers=1 exec_waits=0 late_retries=0
#### JIT-MPROTECT flip #16 ranges=1 prot=RX writers=1 exec_waits=0 late_retries=0
#### JIT-MPROTECT flip #17 ranges=1 prot=RW writers=1 exec_waits=0 late_retries=0
#### JIT-MPROTECT flip #18 ranges=1 prot=RX writers=1 exec_waits=0 late_retries=0
#### JIT-MPROTECT flip #19 ranges=1 prot=RW writers=1 exec_waits=0 late_retries=0
#### JIT-MPROTECT flip #20 ranges=1 prot=RX writers=1 exec_waits=0 late_retries=0
#### JIT-MPROTECT flip #21 ranges=1 prot=RW writers=1 exec_waits=0 late_retries=0
#### JIT-MPROTECT flip #22 ranges=1 prot=RX writers=1 exec_waits=0 late_retries=0
#### JIT-MPROTECT flip #23 ranges=1 prot=RW writers=1 exec_waits=0 late_retries=0
#### JIT-MPROTECT flip #24 ranges=1 prot=RX writers=1 exec_waits=0 late_retries=0
#### JIT-MPROTECT flip #25 ranges=1 prot=RW writers=1 exec_waits=0 late_retries=0
#### JIT-MPROTECT flip #26 ranges=1 prot=RX writers=1 exec_waits=0 late_retries=0
#### JIT-MPROTECT flip #27 ranges=1 prot=RW writers=1 exec_waits=0 late_retries=0
#### JIT-MPROTECT flip #28 ranges=1 prot=RX writers=1 exec_waits=0 late_retries=0
#### JIT-MPROTECT flip #29 ranges=1 prot=RW writers=1 exec_waits=0 late_retries=0
#### JIT-MPROTECT flip #30 ranges=1 prot=RX writers=1 exec_waits=0 late_retries=0
#### JIT-MPROTECT flip #31 ranges=1 prot=RW writers=1 exec_waits=0 late_retries=0
#### JIT-MPROTECT flip #32 ranges=1 prot=RX writers=1 exec_waits=1 late_retries=0

#### JIT-MPROTECT flip #1024 ranges=1 prot=RX writers=1 exec_waits=262 late_retries=2
#### JIT-MPROTECT flip #19456 ranges=1 prot=RX writers=1 exec_waits=6194 late_retries=138
[75398:0729/145735.444058:ERROR:gpu/command_buffer/service/gl_utils.cc:426] [.WebGL-0x6004c3c00] GL_OUT_OF_MEMORY: Error: 0x00000505, in ../../third_party/angle/src/libANGLE/renderer/metal/mtl_resources.mm, MakeTexture:330. Failed to allocate host memory.
[75398:0729/145735.445249:ERROR:components/viz/service/gl/exit_code.cc:13] Restarting GPU process due to unrecoverable error. Context was lost.
[75359:0729/145735.502885:ERROR:content/browser/gpu/gpu_process_host.cc:998] GPU process exited unexpectedly: exit_code=8704
#### JIT-MPROTECT flip #8192 ranges=1 prot=RX writers=1 exec_waits=2266 late_retries=60
[91m[main 2026-07-29T21:57:35.828Z][0m [AgentHost:stderr] #### JIT-MPROTECT flip #1024 ranges=1 prot=RX writers=1 exec_waits=244 late_retries=10

#### JIT-MPROTECT flip #20480 ranges=1 prot=RX writers=1 exec_waits=6552 late_retries=146
#### MACWS_HID_BYPASS installed SetMatchingMultiple → no-op (1) at 0x187cede8c — skips iOS-format CFBinaryPlist parse inside
####   IOHIDEventSystemClientCacheMatchingServices → IOHIDUnserializeAndVMDealloc → CFPropertyListCreateFromStream
####   that BUS_ADRALNs in the IOMFBServer thread.
#### MACWS_AGX_RENAMER_PATCH: off (set MACWS_AGX_RENAMER_PATCH=1 to enable)
#### MACWS_ASSERT_BYPASS DISABLED (set MACWS_KEEP_ASSERT_BYPASS=1 to restore lazy bypass) — real __assert_rtn now reaches abort
#### MACWS_AGX_NATIVE [ctor] pre-loaded IOGPU via /System/Library/PrivateFrameworks/IOGPU.framework/IOGPU -> 0x3ae29cc10
#### XPC_BOOTSTRAP: fn=0x1848a5140 dict=0x139f05cb0 (registering Metal/ViewBridge/HIServices)
#### XPC_BOOTSTRAP: called OK
#### COEXIST API SwapEnd hook installed target=0x18f7831cc trampoline=0x104c08000
#### SkyLight PrepareForUse tolerate-nil hook installed at 0x189b64fc4
#### SkyLight StartCompositeForDisplayStream nil-skip hook installed at 0x18998dd74
#### SkyLight StartComposite(WSCD) tolerate-nil + pop-on-bail hook installed at 0x18998d358
#### SkyLight StartComposite(MTLTex) pop-on-bail hook installed at 0x18998dfb8
#### SkyLight EndCurrentComposite(bool) completion hook installed at 0x18998c53c
#### SkyLight EndUpdate(bool) submission hook installed at 0x18998c0b0
#### SkyLight _state_stack pop_back resolved at 0x18998afa0
#### SkyLight WSCompositeDestinationCreateWithMetalTexture nil-tolerate hook installed at 0x18999053c
#### SkyLight MetalContext::StopCapture invalid-this guard installed at 0x18998c1bc
[91m[main 2026-07-29T21:57:36.467Z][0m [AgentHost:stderr] #### JIT-MPROTECT flip #2048 ranges=1 prot=RX writers=1 exec_waits=618 late_retries=26

[91m[main 2026-07-29T21:57:36.585Z][0m [AgentHost:stderr] #### JIT-MPROTECT flip #3072 ranges=1 prot=RX writers=1 exec_waits=813 late_retries=45

#### JIT-MPROTECT flip #21504 ranges=1 prot=RX writers=1 exec_waits=6809 late_retries=156
#### AMFI-POLICY-COMPAT policy=AMFI op=0x60 status=0x4 (iOS task ports are hard-immovable)
#### CSR-POLICY-COMPAT active_config=0x0 (conservative iOS compatibility value)
[75437:0729/145736.846644:ERROR:base/process/process_mac.cc:53] task_policy_set TASK_CATEGORY_POLICY: (os/kern) invalid argument (4)
[91m[main 2026-07-29T21:57:37.177Z][0m [AgentHost:stderr] #### JIT-MPROTECT flip #4096 ranges=1 prot=RX writers=1 exec_waits=989 late_retries=61

#### MACWS_AGX_NATIVE pre-loaded IOGPU via /System/Library/PrivateFrameworks/IOGPU.framework/IOGPU -> 0x3ae29cc10
#### MACWS_AGX_NATIVE dlsym(IOGPUResourceCreate) = 0x1a18b60a0
#### MACWS_AGX_NATIVE dlsym(IOGPUMetalCommonResourceCreate) = 0x0
#### MACWS_AGX_NATIVE dlsym(IOGPUDeviceCreateWithAPIProperty) = 0x1a18b40fc
#### MACWS_AGX_NATIVE dlsym(_IOGPUMetalAllocateResource) = 0x0
#### MACWS_AGX_NATIVE dlsym(IOGPUMetalAllocateResource) = 0x0
#### MACWS_AGX_OBJC_AUTDA_PATCH msgSendSuper2=0x1847c5e00 code=0x1847c5e00 autda@0x1847c5e10 insn=0xdac11a30
####   PATCHED autda x16,x17 → xpacd x16 (0xdac11a30 → 0xdac147f0)
#### MACWS_AGX_SEL_DIAG super-init SEL static=0x1cffc6f26 slid=0x1d4726f26 readable=1
####   bytes="initWithDevice:descriptor:iosurface:plane:field:args:argsSize:"
####   sel_registerName(...) = 0x1d4726f26 name="initWithDevice:descriptor:iosurface:plane:field:args:argsSize:"
####   objc_getClass(IOGPUMetalTexture) = 0x1dfd48fb0
####   IOGPUMetalTexture method count = 62
####     - initWithBuffer:descriptor:offset:bytesPerRow:
####     - initWithBuffer:descriptor:sysMemOffset:sysMemRowBytes:vidMemSize:vidMemRowBytes:args:argsSize:
####     - initWithBuffer:descriptor:sysMemOffset:sysMemRowBytes:vidMemSize:vidMemRowBytes:args:argsSize:isStrideTexture:
####     - initWithDevice:descriptor:iosurface:plane:field:args:argsSize:
####     - initWithDevice:descriptor:sysMemSize:sysMemRowBytes:vidMemSize:vidMemRowBytes:args:argsSize:
####     - initWithDevice:remoteStorageTexture:args:argsSize:
####     - initWithHeap:resource:offset:length:device:descriptor:
####     - initWithTexture:pixelFormat:
####     - initWithTexture:pixelFormat:textureType:levels:slices:
####     - initWithTexture:pixelFormat:textureType:levels:slices:swizzle:
####     - initWithTextureInternal:pixelFormat:textureType:levels:slices:swizzle:compressedView:
####     - initWithPrimaryBuffer:heapIndex:bufferIndex:bufferOffset:length:descriptor:sysMemRowBytes:vidMemSize:vidMemRowBytes:args:argsSize:
####   AGXTexture super class = 0x0 ((nil))
####   super responds to "initWithDevice:desc:iosurface:plane:" = 0 (Method=0x0)
####   super responds to "initWithDevice:descriptor:iosurface:plane:" = 0 (Method=0x0)
####   super responds to "initWithDevice:descriptor:iosurface:plane:field:args:argsSize:" = 0 (Method=0x0)
####   super responds to "initImplWithDevice:Descriptor:iosurface:plane:buffer:bytesPerRow:allowNPOT:sparsePageSize:isCompressedIOSurface:isHeapBacked:" = 0 (Method=0x0)
#### MACWS_AGX_STUB_FIX objc_msgSendSuper2
####   stub@0x1ea1bdfc0 insns=[d01cf7f1 9132a231 f9400230 d71f0a11]
####   slot@0x2240bbca8 value=0x1847c5e00 sym=objc_msgSendSuper2 base=0x1847bc000 path=/usr/lib/libobjc.A.dylib
####   PATCHED → br 0x1847c5e00 (movz/movk/movk/br)
####   new=[d28bc010 f2b08f90 f2c00030 d61f0200]
#### MACWS_AGX_NATIVE objc_getClass(AGXBuffer) = 0x0
#### MACWS_AGX_NATIVE __objc_classlist: 52 entries
####   classlist[0] = 0x2215b26b8 name=AGXBuffer registered=0x0
####   classlist[1] = 0x2215b22f8 name=AGXG13GFamilyBinaryArchive registered=0x0
####   classlist[2] = 0x2215b2168 name=AGXG13GFamilyBlitContext registered=0x0
####   classlist[3] = 0x2215b17e0 name=AGXG13GFamilyResourceStateContext registered=0x0
####   classlist[4] = 0x2215b1fd8 name=AGXG13GFamilyBuffer registered=0x0
####   classlist[5] = 0x2215b1830 name=AGXG13GFamilyCommandBuffer registered=0x0
#### MACWS_AGX_NATIVE objc_duplicateClass=0x1847ebcb8
#### MACWS_AGX_NATIVE imageinfo=0x21bd1ca58 sz=8
[75359:0729/145737.381582:ERROR:components/os_crypt/common/keychain_password_mac.mm:148] Keychain lookup failed: Error Domain=NSOSStatusErrorDomain Code=-50 "paramErr: error in user parameter list" (-50)
#### PREREGISTER image[626] AGXMetal13_3: 52/52 realized
#### PREREGISTER image[627] GPURawCounter: 6/6 realized
#### MACWS_AGX_NATIVE register pass 0: 0 new (total 58)
#### MACWS_AGX_NATIVE realized 58/52 classes
#### MACWS_AGX_NATIVE AGXBuffer after register: 0x2215b26b8
#### MACWS_AGX_NATIVE [AGXBuffer alloc] = 0x600211680
#### MACWS_AGX_NATIVE swizzled initWithDevice:length:alignment:options:isSuballocDisabled:resourceInArgs:pinnedGPULocation:
####   sect[0] __DATA_CONST,__got type=0 entries=97 indirect_start=228 auth=0
#### JIT-MPROTECT flip #22528 ranges=1 prot=RX writers=1 exec_waits=7015 late_retries=168
[91m[main 2026-07-29T21:57:37.566Z][0m [AgentHost:stderr] #### JIT-MPROTECT flip #5120 ranges=1 prot=RX writers=1 exec_waits=1088 late_retries=66

####   sect[7] __AUTH_CONST,__auth_got type=0 entries=230 indirect_start=325 auth=1
#### MACWS_AGX_NATIVE dlopen AGXMetal13_3 OK h=0x3ae2fb950
#### MACWS_AGX_NATIVE +[NSBundle bundleWithPath:AGXMetal13_3.bundle] = 0x6001218c0 id=com.apple.AGXMetal13-3
#### MACWS_AGX_NATIVE bundle loadAndReturnError: 1 (err=nil) loaded=1
#### MACWS_AGX_NATIVE bundle pathForResource:ds.g13g = /System/Library/Extensions/AGXMetal13_3.bundle/Contents/Resources/ds.g13g
#### MACWS_AGX_NATIVE getMetalPluginClassForService: returning class AGXG13GFamilyDevice = 0x2215b20f0
#### MACWS-NEW-EVENT adapter installed deviceClass=AGXG13GFamilyDevice owner=IOGPUMetalDevice orig=0x1a18a9ef4 added=1
#### MACWS_AGX_NATIVE class_addMethod(AGXG13GFamilyDevice, initWithAcceleratorPort:) = 1
#### MACWS_AGX_NATIVE tile-pipeline probe wrapped AGXG13GFamilyDevice (orig=0x1e9e955e4)
#### MACWS_AGX_NATIVE tile-pipeline probe: 1 class(es) wrapped
#### MACWS_AGX_NATIVE nil-guard wrapped setFragmentTexture:atIndex: on AGXG13GFamilyRenderContext (orig=0x1e9e489e0)
#### MACWS_AGX_NATIVE nil-guard: class AGXG13GRenderContext NOT registered
#### MACWS_AGX_NATIVE nil-guard: class AGXRenderContext NOT registered
#### MACWS_AGX_NATIVE nil-guard: class AGXG13GComputeContext NOT registered
#### MACWS_AGX_NATIVE nil-guard setFragmentTexture:atIndex:: 1 class(es) wrapped
#### MACWS_AGX_NATIVE nil-guard wrapped setVertexTexture:atIndex: on AGXG13GFamilyRenderContext (orig=0x1e9e4f5e8)
#### MACWS_AGX_NATIVE nil-guard: class AGXG13GRenderContext NOT registered
#### MACWS_AGX_NATIVE nil-guard: class AGXRenderContext NOT registered
#### MACWS_AGX_NATIVE nil-guard: class AGXG13GComputeContext NOT registered
#### MACWS_AGX_NATIVE nil-guard setVertexTexture:atIndex:: 1 class(es) wrapped
[91m[main 2026-07-29T21:57:37.790Z][0m [AgentHost:stderr] (node:75434) [DEP0169] DeprecationWarning: `url.parse()` behavior is not standardized and prone to errors that have security implications. Use the WHATWG URL API instead. CVEs are not issued for `url.parse()` vulnerabilities.
(Use `Code Helper --trace-deprecation ...` to show where the warning was created)

#### MACWS_AGX_NATIVE swizzled AGXG13GFamilyDevice newTextureWithDescriptor:iosurface:plane:
#### MACWS_AGX_NATIVE swizzled AGXG13GFamilyDevice newTextureWithDescriptor:
#### MACWS_AGX_NATIVE swizzled -[AGXBuffer initWithDevice:bytes:length:options:deallocator:pinnedGPUAddress:]
#### MACWS_AGX_NATIVE noop'd alertCommandBufferActivityStart
#### MACWS_AGX_NATIVE noop'd alertCommandBufferActivityComplete
#### MACWS_AGX_NATIVE redirecting AGXG13GFamilyDevice init(port=15887) → 2-arg variant
#### debugbydcmmc IOServiceOpen agx connect=12803 type=0x100001 (requested=0x100005)
#### MACWS_AGX_NATIVE setupCompiler:0x30010 fired (Device=0x6001d2000)
#### tile-encoder forwards: class MTLSimRenderCommandEncoder NOT found
#### NSXPCSharedListener class=0x1e00c3bd8
#### NSXPCSharedListener endpointForReply swizzle installed
#### NSXPCSharedListener connectToService swizzle installed
#### JIT-MPROTECT flip #23552 ranges=1 prot=RX writers=1 exec_waits=7132 late_retries=176
Unknown channel: agentHostClientByokLm
#### JIT-MPROTECT flip #9216 ranges=1 prot=RX writers=1 exec_waits=2588 late_retries=72
#### JIT-MPROTECT flip #24576 ranges=1 prot=RX writers=1 exec_waits=7342 late_retries=187
Unknown channel: agentHostClientProxy
[91m[main 2026-07-29T21:57:39.278Z][0m [AgentHost:stderr] [CLI subprocess] #### MACWS_HID_BYPASS installed SetMatchingMultiple → no-op (1) at 0x187cede8c — skips iOS-format CFBinaryPlist parse inside
[CLI subprocess] ####   IOHIDEventSystemClientCacheMatchingServices → IOHIDUnserializeAndVMDealloc → CFPropertyListCreateFromStream
[CLI subprocess] ####   that BUS_ADRALNs in the IOMFBServer thread.
[CLI subprocess] #### MACWS_AGX_RENAMER_PATCH: off (set MACWS_AGX_RENAMER_PATCH=1 to enable)
[CLI subprocess] #### MACWS_ASSERT_BYPASS DISABLED (set MACWS_KEEP_ASSERT_BYPASS=1 to restore lazy bypass) — real __assert_rtn now reaches abort
[CLI subprocess] #### MACWS_AGX_NATIVE [ctor] pre-loaded IOGPU via /System/Library/PrivateFrameworks/IOGPU.framework/IOGPU -> 0x3ae29cc10
[CLI subprocess] #### XPC_BOOTSTRAP: fn=0x1848a5140 dict=0x159e23620 (registering Metal/ViewBridge/HIServices)
[CLI subprocess] #### XPC_BOOTSTRAP: called OK
[CLI subprocess] #### COEXIST API SwapEnd hook installed target=0x18f7831cc trampoline=0x100aa4000
[CLI subprocess] #### SkyLight PrepareForUse tolerate-nil hook installed at 0x189b64fc4
[CLI subprocess] #### SkyLight StartCompositeForDisplayStream nil-skip hook installed at 0x18998dd74
[CLI subprocess] #### SkyLight StartComposite(WSCD) tolerate-nil + pop-on-bail hook installed at 0x18998d358

[91m[main 2026-07-29T21:57:39.289Z][0m [AgentHost:stderr] [CLI subprocess] #### SkyLight StartComposite(MTLTex) pop-on-bail hook installed at 0x18998dfb8
[CLI subprocess] #### SkyLight EndCurrentComposite(bool) completion hook installed at 0x18998c53c
[CLI subprocess] #### SkyLight EndUpdate(bool) submission hook installed at 0x18998c0b0
[CLI subprocess] #### SkyLight _state_stack pop_back resolved at 0x18998afa0
[CLI subprocess] #### SkyLight WSCompositeDestinationCreateWithMetalTexture nil-tolerate hook installed at 0x18999053c
[CLI subprocess] #### SkyLight MetalContext::StopCapture invalid-this guard installed at 0x18998c1bc

[75399:0729/145739.532137:ERROR:net/socket/ssl_client_socket_impl.cc:924] handshake failed; returned -1, SSL error code 1, net_error -331
[91m[main 2026-07-29T21:57:40.799Z][0m [AgentHost:stderr] [CLI subprocess] #
[CLI subprocess] # Fatal error
[CLI subprocess] # Oilpan: Out of memory (Oilpan: CagedHeap reservation.)
[CLI subprocess] #
[CLI subprocess] #
[CLI subprocess] #
[CLI subprocess] #FailureMessage Object: 0x16f476d58

#### JIT-MPROTECT flip #25600 ranges=1 prot=RX writers=1 exec_waits=7649 late_retries=195
#### MACWS_HID_BYPASS installed SetMatchingMultiple → no-op (1) at 0x187cede8c — skips iOS-format CFBinaryPlist parse inside
####   IOHIDEventSystemClientCacheMatchingServices → IOHIDUnserializeAndVMDealloc → CFPropertyListCreateFromStream
####   that BUS_ADRALNs in the IOMFBServer thread.
#### MACWS_AGX_RENAMER_PATCH: off (set MACWS_AGX_RENAMER_PATCH=1 to enable)
#### MACWS_ASSERT_BYPASS DISABLED (set MACWS_KEEP_ASSERT_BYPASS=1 to restore lazy bypass) — real __assert_rtn now reaches abort
#### MACWS_AGX_NATIVE [ctor] pre-loaded IOGPU via /System/Library/PrivateFrameworks/IOGPU.framework/IOGPU -> 0x3ae29cc10
#### XPC_BOOTSTRAP: fn=0x1848a5140 dict=0x145706a40 (registering Metal/ViewBridge/HIServices)
#### XPC_BOOTSTRAP: called OK
#### COEXIST API SwapEnd hook installed target=0x18f7831cc trampoline=0x105eec000
#### SkyLight PrepareForUse tolerate-nil hook installed at 0x189b64fc4
#### SkyLight StartCompositeForDisplayStream nil-skip hook installed at 0x18998dd74
#### SkyLight StartComposite(WSCD) tolerate-nil + pop-on-bail hook installed at 0x18998d358
#### SkyLight StartComposite(MTLTex) pop-on-bail hook installed at 0x18998dfb8
#### SkyLight EndCurrentComposite(bool) completion hook installed at 0x18998c53c
#### SkyLight EndUpdate(bool) submission hook installed at 0x18998c0b0
#### SkyLight _state_stack pop_back resolved at 0x18998afa0
#### SkyLight WSCompositeDestinationCreateWithMetalTexture nil-tolerate hook installed at 0x18999053c
#### SkyLight MetalContext::StopCapture invalid-this guard installed at 0x18998c1bc
#### AMFI-POLICY-COMPAT policy=AMFI op=0x60 status=0x4 (iOS task ports are hard-immovable)
#### CSR-POLICY-COMPAT active_config=0x0 (conservative iOS compatibility value)
[75482:0729/145741.913953:ERROR:base/process/process_mac.cc:53] task_policy_set TASK_CATEGORY_POLICY: (os/kern) invalid argument (4)
2026-07-29 14:57:41.920 Code Helper (Renderer)[75482:12317794] XType: Using static font registry.
#### JIT-MPROTECT range[0]=[0x280000000,0x290000000) source=MAP_JIT-EINVAL
#### JIT-MPROTECT execution barrier installed (W^X fetch-wait compatibility)
#### JIT-MPROTECT range[0]=[0x280000000,0x290000000) source=MAP_JIT-EINVAL
#### JIT-MPROTECT range[0]=[0x280000000,0x290000000) source=MAP_JIT-EINVAL
#### JIT-MPROTECT range[0]=[0x280000000,0x290000000) source=MAP_JIT-EINVAL
#### JIT-MPROTECT range[0]=[0x280000000,0x290000000) source=MAP_JIT-EINVAL
#### JIT-MPROTECT range[0]=[0x280000000,0x290000000) source=MAP_JIT-EINVAL
#### JIT-MPROTECT range[0]=[0x280000000,0x290000000) source=MAP_JIT-EINVAL
#### JIT-MPROTECT range[0]=[0x280000000,0x290000000) source=MAP_JIT-EINVAL
#### JIT-MPROTECT range[0]=[0x170000000,0x180000000) source=MAP_JIT-EINVAL
#### JIT-MPROTECT remap decline #1 dst=0x177dc0000 size=0x208000 src=0x113c40000 requested=0x5 -> V8 copy fallback
#### JIT-MPROTECT flip #1 ranges=1 prot=RW writers=1 exec_waits=0 late_retries=0
#### JIT-MPROTECT flip #2 ranges=1 prot=RX writers=1 exec_waits=0 late_retries=0
#### JIT-MPROTECT flip #3 ranges=1 prot=RW writers=1 exec_waits=0 late_retries=0
#### JIT-MPROTECT flip #4 ranges=1 prot=RX writers=1 exec_waits=0 late_retries=0
#### JIT-MPROTECT flip #5 ranges=1 prot=RW writers=1 exec_waits=0 late_retries=0
#### JIT-MPROTECT flip #6 ranges=1 prot=RX writers=1 exec_waits=0 late_retries=0
#### JIT-MPROTECT flip #7 ranges=1 prot=RW writers=1 exec_waits=0 late_retries=0
#### JIT-MPROTECT flip #8 ranges=1 prot=RX writers=1 exec_waits=0 late_retries=0
#### JIT-MPROTECT flip #9 ranges=1 prot=RW writers=1 exec_waits=0 late_retries=0
#### JIT-MPROTECT flip #10 ranges=1 prot=RX writers=1 exec_waits=0 late_retries=0
#### JIT-MPROTECT flip #11 ranges=1 prot=RW writers=1 exec_waits=0 late_retries=1
#### JIT-MPROTECT flip #12 ranges=1 prot=RX writers=1 exec_waits=1 late_retries=1
#### JIT-MPROTECT flip #13 ranges=1 prot=RW writers=1 exec_waits=1 late_retries=1
#### JIT-MPROTECT flip #14 ranges=1 prot=RX writers=1 exec_waits=2 late_retries=1
#### JIT-MPROTECT flip #15 ranges=1 prot=RW writers=1 exec_waits=2 late_retries=1
#### JIT-MPROTECT flip #16 ranges=1 prot=RX writers=1 exec_waits=3 late_retries=1
#### JIT-MPROTECT flip #17 ranges=1 prot=RW writers=1 exec_waits=3 late_retries=1
#### JIT-MPROTECT flip #18 ranges=1 prot=RX writers=1 exec_waits=4 late_retries=1
#### JIT-MPROTECT flip #19 ranges=1 prot=RW writers=1 exec_waits=4 late_retries=1
#### JIT-MPROTECT flip #20 ranges=1 prot=RX writers=1 exec_waits=5 late_retries=1
#### JIT-MPROTECT flip #21 ranges=1 prot=RW writers=1 exec_waits=5 late_retries=1
#### JIT-MPROTECT flip #22 ranges=1 prot=RX writers=1 exec_waits=6 late_retries=1
#### JIT-MPROTECT flip #23 ranges=1 prot=RW writers=1 exec_waits=6 late_retries=1
#### JIT-MPROTECT flip #24 ranges=1 prot=RX writers=1 exec_waits=7 late_retries=1
#### JIT-MPROTECT flip #25 ranges=1 prot=RW writers=1 exec_waits=7 late_retries=1
#### JIT-MPROTECT flip #26 ranges=1 prot=RX writers=1 exec_waits=8 late_retries=1
#### JIT-MPROTECT flip #27 ranges=1 prot=RW writers=1 exec_waits=8 late_retries=1
#### JIT-MPROTECT flip #28 ranges=1 prot=RX writers=1 exec_waits=8 late_retries=1
#### JIT-MPROTECT flip #29 ranges=1 prot=RW writers=1 exec_waits=8 late_retries=1
#### JIT-MPROTECT flip #30 ranges=1 prot=RX writers=1 exec_waits=9 late_retries=1
#### JIT-MPROTECT flip #31 ranges=1 prot=RW writers=1 exec_waits=9 late_retries=1
#### JIT-MPROTECT flip #32 ranges=1 prot=RX writers=1 exec_waits=10 late_retries=1
[91m[main 2026-07-29T21:57:42.678Z][0m ProxyResolver#loadSystemCertificates error 206
#### JIT-MPROTECT flip #10240 ranges=1 prot=RX writers=1 exec_waits=2743 late_retries=78
#### JIT-MPROTECT flip #26624 ranges=1 prot=RX writers=1 exec_waits=7888 late_retries=199
#### JIT-MPROTECT flip #27648 ranges=1 prot=RX writers=1 exec_waits=7888 late_retries=199
#### JIT-MPROTECT flip #11264 ranges=1 prot=RX writers=1 exec_waits=2743 late_retries=78
#### JIT-MPROTECT flip #12288 ranges=1 prot=RX writers=1 exec_waits=2754 late_retries=78
#### JIT-MPROTECT flip #13312 ranges=1 prot=RX writers=1 exec_waits=2754 late_retries=78
#### JIT-MPROTECT flip #14336 ranges=1 prot=RX writers=1 exec_waits=2754 late_retries=78
[91m[main 2026-07-29T21:59:23.765Z][0m [AgentHost:stderr] #### JIT-MPROTECT flip #6144 ranges=1 prot=RX writers=1 exec_waits=1302 late_retries=77

#### JIT-MPROTECT flip #15360 ranges=1 prot=RX writers=1 exec_waits=2808 late_retries=78
#### JIT-MPROTECT flip #28672 ranges=1 prot=RX writers=1 exec_waits=7944 late_retries=201
