[launchdchrootexec] target=/Applications/Visual Studio Code.app/Contents/MacOS/Electron arch=arm64 insert=/usr/local/lib/libmachook_arm64.dylib
getppid = 1
#### MACWS_HID_BYPASS installed SetMatchingMultiple → no-op (1) at 0x190a75e8c — skips iOS-format CFBinaryPlist parse inside
####   IOHIDEventSystemClientCacheMatchingServices → IOHIDUnserializeAndVMDealloc → CFPropertyListCreateFromStream
####   that BUS_ADRALNs in the IOMFBServer thread.
#### MACWS_AGX_RENAMER_PATCH: off (set MACWS_AGX_RENAMER_PATCH=1 to enable)
#### MACWS_ASSERT_BYPASS DISABLED (set MACWS_KEEP_ASSERT_BYPASS=1 to restore lazy bypass) — real __assert_rtn now reaches abort
#### MACWS_AGX_NATIVE [ctor] pre-loaded IOGPU via /System/Library/PrivateFrameworks/IOGPU.framework/IOGPU -> 0x3bedacc10
#### XPC_BOOTSTRAP: fn=0x18d62d140 dict=0x152e23bc0 (registering Metal/ViewBridge/HIServices)
#### XPC_BOOTSTRAP: called OK
#### COEXIST API SwapEnd hook installed target=0x19850b1cc trampoline=0x1009d8000
#### SkyLight PrepareForUse tolerate-nil hook installed at 0x1928ecfc4
#### SkyLight StartCompositeForDisplayStream nil-skip hook installed at 0x192715d74
#### SkyLight StartComposite(WSCD) tolerate-nil + pop-on-bail hook installed at 0x192715358
#### SkyLight StartComposite(MTLTex) pop-on-bail hook installed at 0x192715fb8
#### SkyLight EndCurrentComposite(bool) completion hook installed at 0x19271453c
#### SkyLight EndUpdate(bool) submission hook installed at 0x1927140b0
#### SkyLight _state_stack pop_back resolved at 0x192712fa0
#### SkyLight WSCompositeDestinationCreateWithMetalTexture nil-tolerate hook installed at 0x19271853c
#### SkyLight MetalContext::StopCapture invalid-this guard installed at 0x1927141bc
#### AMFI-POLICY-COMPAT policy=AMFI op=0x60 status=0x4 (iOS task ports are hard-immovable)
#### CSR-POLICY-COMPAT active_config=0x0 (conservative iOS compatibility value)
#### MACWS_HID_BYPASS installed SetMatchingMultiple → no-op (1) at 0x190a75e8c — skips iOS-format CFBinaryPlist parse inside
####   IOHIDEventSystemClientCacheMatchingServices → IOHIDUnserializeAndVMDealloc → CFPropertyListCreateFromStream
####   that BUS_ADRALNs in the IOMFBServer thread.
#### MACWS_AGX_RENAMER_PATCH: off (set MACWS_AGX_RENAMER_PATCH=1 to enable)
#### MACWS_ASSERT_BYPASS DISABLED (set MACWS_KEEP_ASSERT_BYPASS=1 to restore lazy bypass) — real __assert_rtn now reaches abort
#### MACWS_AGX_NATIVE [ctor] pre-loaded IOGPU via /System/Library/PrivateFrameworks/IOGPU.framework/IOGPU -> 0x3bedacc10
#### XPC_BOOTSTRAP: fn=0x18d62d140 dict=0x125e0c7d0 (registering Metal/ViewBridge/HIServices)
#### XPC_BOOTSTRAP: called OK
#### COEXIST API SwapEnd hook installed target=0x19850b1cc trampoline=0x1027c8000
#### SkyLight PrepareForUse tolerate-nil hook installed at 0x1928ecfc4
#### SkyLight StartCompositeForDisplayStream nil-skip hook installed at 0x192715d74
#### SkyLight StartComposite(WSCD) tolerate-nil + pop-on-bail hook installed at 0x192715358
#### SkyLight StartComposite(MTLTex) pop-on-bail hook installed at 0x192715fb8
#### SkyLight EndCurrentComposite(bool) completion hook installed at 0x19271453c
#### SkyLight EndUpdate(bool) submission hook installed at 0x1927140b0
#### SkyLight _state_stack pop_back resolved at 0x192712fa0
#### SkyLight WSCompositeDestinationCreateWithMetalTexture nil-tolerate hook installed at 0x19271853c
#### SkyLight MetalContext::StopCapture invalid-this guard installed at 0x1927141bc
[47983:0729/185543.432139:ERROR:third_party/crashpad/crashpad/util/file/file_io.cc:103] ReadExactly: expected 8, observed 0

DevTools listening on ws://127.0.0.1:9222/devtools/browser/50e18479-6d8a-4958-830e-fe7e02cb8849
#### tile-encoder forwards: class MTLSimRenderCommandEncoder NOT found
#### NSXPCSharedListener class=0x1e8e4bbd8
#### NSXPCSharedListener endpointForReply swizzle installed
#### NSXPCSharedListener connectToService swizzle installed
#### NSXPCSharedListener connectToService intercepted (graceful fail)
#### MACWS_HID_BYPASS installed SetMatchingMultiple → no-op (1) at 0x190a75e8c — skips iOS-format CFBinaryPlist parse inside
####   IOHIDEventSystemClientCacheMatchingServices → IOHIDUnserializeAndVMDealloc → CFPropertyListCreateFromStream
####   that BUS_ADRALNs in the IOMFBServer thread.
#### MACWS_AGX_RENAMER_PATCH: off (set MACWS_AGX_RENAMER_PATCH=1 to enable)
#### MACWS_ASSERT_BYPASS DISABLED (set MACWS_KEEP_ASSERT_BYPASS=1 to restore lazy bypass) — real __assert_rtn now reaches abort
#### MACWS_AGX_NATIVE [ctor] pre-loaded IOGPU via /System/Library/PrivateFrameworks/IOGPU.framework/IOGPU -> 0x3bedacc10
#### XPC_BOOTSTRAP: fn=0x18d62d140 dict=0x135619cd0 (registering Metal/ViewBridge/HIServices)
#### XPC_BOOTSTRAP: called OK
#### COEXIST API SwapEnd hook installed target=0x19850b1cc trampoline=0x104c2c000
#### SkyLight PrepareForUse tolerate-nil hook installed at 0x1928ecfc4
#### SkyLight StartCompositeForDisplayStream nil-skip hook installed at 0x192715d74
#### SkyLight StartComposite(WSCD) tolerate-nil + pop-on-bail hook installed at 0x192715358
#### SkyLight StartComposite(MTLTex) pop-on-bail hook installed at 0x192715fb8
#### SkyLight EndCurrentComposite(bool) completion hook installed at 0x19271453c
#### SkyLight EndUpdate(bool) submission hook installed at 0x1927140b0
#### SkyLight _state_stack pop_back resolved at 0x192712fa0
#### SkyLight WSCompositeDestinationCreateWithMetalTexture nil-tolerate hook installed at 0x19271853c
#### SkyLight MetalContext::StopCapture invalid-this guard installed at 0x1927141bc
#### MACWS_HID_BYPASS installed SetMatchingMultiple → no-op (1) at 0x190a75e8c — skips iOS-format CFBinaryPlist parse inside
####   IOHIDEventSystemClientCacheMatchingServices → IOHIDUnserializeAndVMDealloc → CFPropertyListCreateFromStream
####   that BUS_ADRALNs in the IOMFBServer thread.
#### MACWS_AGX_RENAMER_PATCH: off (set MACWS_AGX_RENAMER_PATCH=1 to enable)
#### MACWS_ASSERT_BYPASS DISABLED (set MACWS_KEEP_ASSERT_BYPASS=1 to restore lazy bypass) — real __assert_rtn now reaches abort
#### MACWS_AGX_NATIVE [ctor] pre-loaded IOGPU via /System/Library/PrivateFrameworks/IOGPU.framework/IOGPU -> 0x3bedacc10
#### XPC_BOOTSTRAP: fn=0x18d62d140 dict=0x13ef06d20 (registering Metal/ViewBridge/HIServices)
#### XPC_BOOTSTRAP: called OK
#### COEXIST API SwapEnd hook installed target=0x19850b1cc trampoline=0x100c78000
#### SkyLight PrepareForUse tolerate-nil hook installed at 0x1928ecfc4
#### SkyLight StartCompositeForDisplayStream nil-skip hook installed at 0x192715d74
#### SkyLight StartComposite(WSCD) tolerate-nil + pop-on-bail hook installed at 0x192715358
#### SkyLight StartComposite(MTLTex) pop-on-bail hook installed at 0x192715fb8
#### SkyLight EndCurrentComposite(bool) completion hook installed at 0x19271453c
#### SkyLight EndUpdate(bool) submission hook installed at 0x1927140b0
#### SkyLight _state_stack pop_back resolved at 0x192712fa0
#### SkyLight WSCompositeDestinationCreateWithMetalTexture nil-tolerate hook installed at 0x19271853c
#### SkyLight MetalContext::StopCapture invalid-this guard installed at 0x1927141bc
2026-07-29 18:55:43.589 Electron[47983:12764706] id createVolumeObserverSubsystem(NSWorkspaceNotificationCenter *): Failed to create volume observer.
2026-07-29 18:55:43.590 Electron[47983:12764706] id createVolumeObserverSubsystem(NSWorkspaceNotificationCenter *): Failed to create volume observer.
2026-07-29 18:55:43.590 Electron[47983:12764706] id createVolumeObserverSubsystem(NSWorkspaceNotificationCenter *): Failed to create volume observer.
[47983:0729/185543.596403:ERROR:net/cert/internal/trust_store_mac.cc:489] SecKeychainAddCallback failed: Error Domain=NSOSStatusErrorDomain Code=-50 "paramErr: error in user parameter list" (-50)
[47983:0729/185543.596475:ERROR:net/cert/internal/trust_store_mac.cc:489] SecKeychainAddCallback failed: Error Domain=NSOSStatusErrorDomain Code=-50 "paramErr: error in user parameter list" (-50)
#### AMFI-POLICY-COMPAT policy=AMFI op=0x60 status=0x4 (iOS task ports are hard-immovable)
#### CSR-POLICY-COMPAT active_config=0x0 (conservative iOS compatibility value)
[48009:0729/185543.620687:ERROR:base/process/process_mac.cc:53] task_policy_set TASK_CATEGORY_POLICY: (os/kern) invalid argument (4)
Warning: 'remote-debugging-port' is not in the list of known options, but still passed to Electron/Chromium.
Warning: 'remote-allow-origins' is not in the list of known options, but still passed to Electron/Chromium.
Warning: 'use-angle' is not in the list of known options, but still passed to Electron/Chromium.
Warning: 'ignore-gpu-blocklist' is not in the list of known options, but still passed to Electron/Chromium.
Warning: 'disable-features' is not in the list of known options, but still passed to Electron/Chromium.
#### AMFI-POLICY-COMPAT policy=AMFI op=0x60 status=0x4 (iOS task ports are hard-immovable)
#### CSR-POLICY-COMPAT active_config=0x0 (conservative iOS compatibility value)
[48010:0729/185543.638169:ERROR:base/process/process_mac.cc:53] task_policy_set TASK_CATEGORY_POLICY: (os/kern) invalid argument (4)
2026-07-29 18:55:43.642 Electron[47983:12764706] XType: Using static font registry.
[90m[main 2026-07-30T01:55:43.686Z][0m StorageMainService: creating application shared storage
#### MACWS_AGX_NATIVE pre-loaded IOGPU via /System/Library/PrivateFrameworks/IOGPU.framework/IOGPU -> 0x3bedacc10
#### MACWS_AGX_NATIVE dlsym(IOGPUResourceCreate) = 0x1aa63e0a0
#### MACWS_AGX_NATIVE dlsym(IOGPUMetalCommonResourceCreate) = 0x0
#### MACWS_AGX_NATIVE dlsym(IOGPUDeviceCreateWithAPIProperty) = 0x1aa63c0fc
#### MACWS_AGX_NATIVE dlsym(_IOGPUMetalAllocateResource) = 0x0
#### MACWS_AGX_NATIVE dlsym(IOGPUMetalAllocateResource) = 0x0
#### MACWS_AGX_OBJC_AUTDA_PATCH msgSendSuper2=0x18d54de00 code=0x18d54de00 autda@0x18d54de10 insn=0xdac11a30
####   PATCHED autda x16,x17 → xpacd x16 (0xdac11a30 → 0xdac147f0)
#### MACWS_AGX_SEL_DIAG super-init SEL static=0x1cffc6f26 slid=0x1dd4aef26 readable=1
####   bytes="initWithDevice:descriptor:iosurface:plane:field:args:argsSize:"
####   sel_registerName(...) = 0x1dd4aef26 name="initWithDevice:descriptor:iosurface:plane:field:args:argsSize:"
####   objc_getClass(IOGPUMetalTexture) = 0x1e8ad0fb0
####   IOGPUMetalTexture method count = 62
####     - initWithBuffer:descriptor:offset:bytesPerRow:
####     - initWithBuffer:descriptor:sysMemOffset:sysMemRowBytes:vidMemSize:vidMemRowBytes:args:argsSize:
####     - initWithBuffer:descriptor:sysMemOffset:sysMemRowBytes:vidMemSize:vidMemRowBytes:args:argsSize:isStrideTexture:
####     - initWithDevice:descriptor:iosurface:plane:field:args:argsSize:
####     - initWithDevice:descriptor:sysMemSize:sysMemRowBytes:vidMemSize:vidMemRowBytes:args:argsSize:
####     - initWithDevice:remoteStorageTexture:args:argsSize:
####     - initWithHeap:resource:offset:length:device:descriptor:
####     - initWithTexture:pixelFormat:
####     - initWithTexture:pixelFormat:textureType:levels:slices:
####     - initWithTexture:pixelFormat:textureType:levels:slices:swizzle:
####     - initWithTextureInternal:pixelFormat:textureType:levels:slices:swizzle:compressedView:
####     - initWithPrimaryBuffer:heapIndex:bufferIndex:bufferOffset:length:descriptor:sysMemRowBytes:vidMemSize:vidMemRowBytes:args:argsSize:
####   AGXTexture super class = 0x0 ((nil))
####   super responds to "initWithDevice:desc:iosurface:plane:" = 0 (Method=0x0)
####   super responds to "initWithDevice:descriptor:iosurface:plane:" = 0 (Method=0x0)
####   super responds to "initWithDevice:descriptor:iosurface:plane:field:args:argsSize:" = 0 (Method=0x0)
####   super responds to "initImplWithDevice:Descriptor:iosurface:plane:buffer:bytesPerRow:allowNPOT:sparsePageSize:isCompressedIOSurface:isHeapBacked:" = 0 (Method=0x0)
#### MACWS_AGX_STUB_FIX objc_msgSendSuper2
####   stub@0x1f2f45fc0 insns=[d01cf7f1 9132a231 f9400230 d71f0a11]
####   slot@0x22ce43ca8 value=0x18d54de00 sym=objc_msgSendSuper2 base=0x18d544000 path=/usr/lib/libobjc.A.dylib
####   PATCHED → br 0x18d54de00 (movz/movk/movk/br)
####   new=[d29bc010 f2b1aa90 f2c00030 d61f0200]
#### MACWS_AGX_NATIVE objc_getClass(AGXBuffer) = 0x0
#### MACWS_AGX_NATIVE __objc_classlist: 52 entries
####   classlist[0] = 0x22a33a6b8 name=AGXBuffer registered=0x0
####   classlist[1] = 0x22a33a2f8 name=AGXG13GFamilyBinaryArchive registered=0x0
####   classlist[2] = 0x22a33a168 name=AGXG13GFamilyBlitContext registered=0x0
####   classlist[3] = 0x22a3397e0 name=AGXG13GFamilyResourceStateContext registered=0x0
####   classlist[4] = 0x22a339fd8 name=AGXG13GFamilyBuffer registered=0x0
####   classlist[5] = 0x22a339830 name=AGXG13GFamilyCommandBuffer registered=0x0
#### MACWS_AGX_NATIVE objc_duplicateClass=0x18d573cb8
#### MACWS_AGX_NATIVE imageinfo=0x224aa4a58 sz=8
#### PREREGISTER image[626] AGXMetal13_3: 52/52 realized
#### PREREGISTER image[627] GPURawCounter: 6/6 realized
#### MACWS_AGX_NATIVE register pass 0: 0 new (total 58)
#### MACWS_AGX_NATIVE realized 58/52 classes
#### MACWS_AGX_NATIVE AGXBuffer after register: 0x22a33a6b8
#### MACWS_AGX_NATIVE [AGXBuffer alloc] = 0x600211680
#### MACWS_AGX_NATIVE swizzled initWithDevice:length:alignment:options:isSuballocDisabled:resourceInArgs:pinnedGPULocation:
####   sect[0] __DATA_CONST,__got type=0 entries=97 indirect_start=228 auth=0
####   sect[7] __AUTH_CONST,__auth_got type=0 entries=230 indirect_start=325 auth=1
#### MACWS_AGX_NATIVE dlopen AGXMetal13_3 OK h=0x3bed0b950
#### MACWS_AGX_NATIVE +[NSBundle bundleWithPath:AGXMetal13_3.bundle] = 0x6001218c0 id=com.apple.AGXMetal13-3
#### MACWS_AGX_NATIVE bundle loadAndReturnError: 1 (err=nil) loaded=1
#### MACWS_AGX_NATIVE bundle pathForResource:ds.g13g = /System/Library/Extensions/AGXMetal13_3.bundle/Contents/Resources/ds.g13g
#### MACWS_AGX_NATIVE getMetalPluginClassForService: returning class AGXG13GFamilyDevice = 0x22a33a0f0
#### MACWS-NEW-EVENT adapter installed deviceClass=AGXG13GFamilyDevice owner=IOGPUMetalDevice orig=0x1aa631ef4 added=1
#### MACWS_AGX_NATIVE class_addMethod(AGXG13GFamilyDevice, initWithAcceleratorPort:) = 1
#### MACWS_AGX_NATIVE tile-pipeline probe wrapped AGXG13GFamilyDevice (orig=0x1f2c1d5e4)
#### MACWS_AGX_NATIVE tile-pipeline probe: 1 class(es) wrapped
#### MACWS_AGX_NATIVE nil-guard wrapped setFragmentTexture:atIndex: on AGXG13GFamilyRenderContext (orig=0x1f2bd09e0)
#### MACWS_AGX_NATIVE nil-guard: class AGXG13GRenderContext NOT registered
#### MACWS_AGX_NATIVE nil-guard: class AGXRenderContext NOT registered
#### MACWS_AGX_NATIVE nil-guard: class AGXG13GComputeContext NOT registered
#### MACWS_AGX_NATIVE nil-guard setFragmentTexture:atIndex:: 1 class(es) wrapped
#### MACWS_AGX_NATIVE nil-guard wrapped setVertexTexture:atIndex: on AGXG13GFamilyRenderContext (orig=0x1f2bd75e8)
#### MACWS_AGX_NATIVE nil-guard: class AGXG13GRenderContext NOT registered
#### MACWS_AGX_NATIVE nil-guard: class AGXRenderContext NOT registered
#### MACWS_AGX_NATIVE nil-guard: class AGXG13GComputeContext NOT registered
#### MACWS_AGX_NATIVE nil-guard setVertexTexture:atIndex:: 1 class(es) wrapped
#### MACWS_AGX_NATIVE swizzled AGXG13GFamilyDevice newTextureWithDescriptor:iosurface:plane:
#### MACWS_AGX_NATIVE swizzled AGXG13GFamilyDevice newTextureWithDescriptor:
#### MACWS_AGX_NATIVE swizzled -[AGXBuffer initWithDevice:bytes:length:options:deallocator:pinnedGPUAddress:]
#### MACWS_AGX_NATIVE noop'd alertCommandBufferActivityStart
#### MACWS_AGX_NATIVE noop'd alertCommandBufferActivityComplete
#### MACWS_AGX_NATIVE redirecting AGXG13GFamilyDevice init(port=11535) → 2-arg variant
#### debugbydcmmc IOServiceOpen agx connect=14339 type=0x100001 (requested=0x100005)
#### MACWS_AGX_NATIVE setupCompiler:0x30010 fired (Device=0x6001d2000)
#### tile-encoder forwards: class MTLSimRenderCommandEncoder NOT found
#### NSXPCSharedListener class=0x1e8e4bbd8
#### NSXPCSharedListener endpointForReply swizzle installed
#### NSXPCSharedListener connectToService swizzle installed
#### MACWS_HID_BYPASS installed SetMatchingMultiple → no-op (1) at 0x190a75e8c — skips iOS-format CFBinaryPlist parse inside
####   IOHIDEventSystemClientCacheMatchingServices → IOHIDUnserializeAndVMDealloc → CFPropertyListCreateFromStream
####   that BUS_ADRALNs in the IOMFBServer thread.
#### MACWS_AGX_RENAMER_PATCH: off (set MACWS_AGX_RENAMER_PATCH=1 to enable)
#### MACWS_ASSERT_BYPASS DISABLED (set MACWS_KEEP_ASSERT_BYPASS=1 to restore lazy bypass) — real __assert_rtn now reaches abort
#### MACWS_AGX_NATIVE [ctor] pre-loaded IOGPU via /System/Library/PrivateFrameworks/IOGPU.framework/IOGPU -> 0x3bedacc10
#### XPC_BOOTSTRAP: fn=0x18d62d140 dict=0x129006940 (registering Metal/ViewBridge/HIServices)
#### XPC_BOOTSTRAP: called OK
#### COEXIST API SwapEnd hook installed target=0x19850b1cc trampoline=0x10469c000
#### SkyLight PrepareForUse tolerate-nil hook installed at 0x1928ecfc4
#### SkyLight StartCompositeForDisplayStream nil-skip hook installed at 0x192715d74
#### SkyLight StartComposite(WSCD) tolerate-nil + pop-on-bail hook installed at 0x192715358
#### SkyLight StartComposite(MTLTex) pop-on-bail hook installed at 0x192715fb8
#### SkyLight EndCurrentComposite(bool) completion hook installed at 0x19271453c
#### SkyLight EndUpdate(bool) submission hook installed at 0x1927140b0
#### SkyLight _state_stack pop_back resolved at 0x192712fa0
#### SkyLight WSCompositeDestinationCreateWithMetalTexture nil-tolerate hook installed at 0x19271853c
#### SkyLight MetalContext::StopCapture invalid-this guard installed at 0x1927141bc
#### AMFI-POLICY-COMPAT policy=AMFI op=0x60 status=0x4 (iOS task ports are hard-immovable)
#### CSR-POLICY-COMPAT active_config=0x0 (conservative iOS compatibility value)
[48013:0729/185544.474600:ERROR:base/process/process_mac.cc:53] task_policy_set TASK_CATEGORY_POLICY: (os/kern) invalid argument (4)
2026-07-29 18:55:44.477 Code Helper (Renderer)[48013:12764851] XType: Using static font registry.
2026-07-29 18:55:45.410 Electron[47983:12764733] Connection Invalid error for service com.apple.hiservices-xpcservice.
2026-07-29 18:55:45.410 Electron[47983:12764706] Error received in message reply handler: Connection invalid
[90m[main 2026-07-30T01:55:45.517Z][0m [shared storage] Creating shared storage database at '/Users/root/.vscode-shared/sharedStorage/state.vscdb' (wasCreated: false)
[90m[main 2026-07-30T01:55:45.520Z][0m [shared storage] Initializing fallback application storage (path: /tmp/macws-vscode-profile-agx-native-targetfix12/User/globalStorage/state.vscdb)
[90m[main 2026-07-30T01:55:45.929Z][0m [shared storage] Fallback application storage initialized with 80 items
[90m[main 2026-07-30T01:55:45.940Z][0m update#setState disabled
[90m[main 2026-07-30T01:55:45.941Z][0m update#ctor - updates are disabled by the environment
#### MACWS_HID_BYPASS installed SetMatchingMultiple → no-op (1) at 0x190a75e8c — skips iOS-format CFBinaryPlist parse inside
####   IOHIDEventSystemClientCacheMatchingServices → IOHIDUnserializeAndVMDealloc → CFPropertyListCreateFromStream
####   that BUS_ADRALNs in the IOMFBServer thread.
#### MACWS_AGX_RENAMER_PATCH: off (set MACWS_AGX_RENAMER_PATCH=1 to enable)
#### MACWS_ASSERT_BYPASS DISABLED (set MACWS_KEEP_ASSERT_BYPASS=1 to restore lazy bypass) — real __assert_rtn now reaches abort
#### MACWS_AGX_NATIVE [ctor] pre-loaded IOGPU via /System/Library/PrivateFrameworks/IOGPU.framework/IOGPU -> 0x3bedacc10
#### XPC_BOOTSTRAP: fn=0x18d62d140 dict=0x12c628990 (registering Metal/ViewBridge/HIServices)
#### XPC_BOOTSTRAP: called OK
#### COEXIST API SwapEnd hook installed target=0x19850b1cc trampoline=0x105c18000
#### SkyLight PrepareForUse tolerate-nil hook installed at 0x1928ecfc4
#### SkyLight StartCompositeForDisplayStream nil-skip hook installed at 0x192715d74
#### SkyLight StartComposite(WSCD) tolerate-nil + pop-on-bail hook installed at 0x192715358
#### SkyLight StartComposite(MTLTex) pop-on-bail hook installed at 0x192715fb8
#### SkyLight EndCurrentComposite(bool) completion hook installed at 0x19271453c
#### SkyLight EndUpdate(bool) submission hook installed at 0x1927140b0
#### SkyLight _state_stack pop_back resolved at 0x192712fa0
#### SkyLight WSCompositeDestinationCreateWithMetalTexture nil-tolerate hook installed at 0x19271853c
#### SkyLight MetalContext::StopCapture invalid-this guard installed at 0x1927141bc
#### AMFI-POLICY-COMPAT policy=AMFI op=0x60 status=0x4 (iOS task ports are hard-immovable)
#### CSR-POLICY-COMPAT active_config=0x0 (conservative iOS compatibility value)
[48017:0729/185547.224482:ERROR:base/process/process_mac.cc:53] task_policy_set TASK_CATEGORY_POLICY: (os/kern) invalid argument (4)
2026-07-29 18:55:47.227 Code Helper (Renderer)[48017:12764933] XType: Using static font registry.
[47983:0729/185547.348322:ERROR:net/cert/internal/trust_store_mac.cc:773] SecItemCopyMatching error: Error Domain=NSOSStatusErrorDomain Code=-50 "paramErr: error in user parameter list" (-50)
[47983:0729/185547.758236:ERROR:components/os_crypt/common/keychain_password_mac.mm:148] Keychain lookup failed: Error Domain=NSOSStatusErrorDomain Code=-50 "paramErr: error in user parameter list" (-50)
[91m[main 2026-07-30T01:55:50.606Z][0m ProxyResolver#loadSystemCertificates error 206
[48009:0729/185733.611283:ERROR:ui/gl/angle_platform_impl.cc:47] mtl_command_buffer.mm:693 (onCommandBufferCompleted): Completed MTLCommandBuffer failed, and error is Internal Error (00000103:Internal Error)
[48009:0729/185922.986560:ERROR:ui/gl/angle_platform_impl.cc:47] mtl_command_buffer.mm:693 (onCommandBufferCompleted): Completed MTLCommandBuffer failed, and error is Internal Error (00000103:Internal Error)
[48009:0729/185925.078207:ERROR:ui/gl/angle_platform_impl.cc:47] mtl_command_buffer.mm:693 (onCommandBufferCompleted): Completed MTLCommandBuffer failed, and error is Internal Error (00000103:Internal Error)
[48009:0729/185954.509199:ERROR:ui/gl/angle_platform_impl.cc:47] mtl_command_buffer.mm:693 (onCommandBufferCompleted): Completed MTLCommandBuffer failed, and error is Internal Error (00000103:Internal Error)
[48009:0729/190018.332323:ERROR:ui/gl/angle_platform_impl.cc:47] mtl_command_buffer.mm:693 (onCommandBufferCompleted): Completed MTLCommandBuffer failed, and error is Internal Error (00000103:Internal Error)
[48009:0729/190037.306066:ERROR:ui/gl/angle_platform_impl.cc:47] mtl_command_buffer.mm:693 (onCommandBufferCompleted): Completed MTLCommandBuffer failed, and error is Internal Error (00000103:Internal Error)
[48009:0729/190047.118247:ERROR:ui/gl/angle_platform_impl.cc:47] mtl_command_buffer.mm:693 (onCommandBufferCompleted): Completed MTLCommandBuffer failed, and error is Internal Error (00000103:Internal Error)
[48009:0729/190103.706121:ERROR:ui/gl/angle_platform_impl.cc:47] mtl_command_buffer.mm:693 (onCommandBufferCompleted): Completed MTLCommandBuffer failed, and error is Internal Error (00000103:Internal Error)
